INFO: found LLVMFuzzerCustomMutator (0x4d05e8). Disabling -len_control by default.
Dictionary: 286 entries
INFO: Running with entropic power schedule (0xFF, 100).
INFO: Seed: 1024257546
INFO: Loaded 1 modules   (4931 inline 8-bit counters): 4931 [0x1494dbc, 0x14960ff), 
INFO: Loaded 1 PC tables (4931 PCs): 4931 [0x11acb48,0x11bff78), 
INFO:     3564 files found in report/fuzz/corpus/lua_dsl
INFO: seed corpus: files: 3564 min: 1b max: 65536b total: 7046795b rss: 30Mb
#2048	pulse  cov: 1824 ft: 5580 corp: 209/1072b exec/s: 1024 rss: 450Mb
#3520	INITED cov: 1880 ft: 6703 corp: 532/2462Kb exec/s: 1173 rss: 781Mb
#3522	NEW    cov: 1880 ft: 6703 corp: 531/2461Kb lim: 65536 exec/s: 1174 rss: 782Mb L: 42/65536 MS: 3 CustomCrossOver-ShuffleBytes-Custom-
#3533	NEW    cov: 1880 ft: 6703 corp: 531/2461Kb lim: 65536 exec/s: 1177 rss: 784Mb L: 2/65536 MS: 2 ChangeByte-Custom-
#3534	NEW    cov: 1880 ft: 6703 corp: 532/2461Kb lim: 65536 exec/s: 1178 rss: 785Mb L: 2/65536 MS: 1 CustomCrossOver-
#3538	NEW    cov: 1880 ft: 6703 corp: 533/2461Kb lim: 65536 exec/s: 1179 rss: 786Mb L: 1/65536 MS: 7 ShuffleBytes-Custom-CMP-Custom-InsertRepeatedBytes-Custom-CustomCrossOver- DE: "\001\000\000\000"-
#3542	NEW    cov: 1880 ft: 6703 corp: 534/2461Kb lim: 65536 exec/s: 1180 rss: 786Mb L: 4/65536 MS: 5 CustomCrossOver-CustomCrossOver-CustomCrossOver-InsertByte-Custom-
#3553	NEW    cov: 1880 ft: 6703 corp: 535/2461Kb lim: 65536 exec/s: 1184 rss: 789Mb L: 16/65536 MS: 1 CustomCrossOver-
#3554	NEW    cov: 1880 ft: 6703 corp: 534/2461Kb lim: 65536 exec/s: 1184 rss: 789Mb L: 18/65536 MS: 1 CustomCrossOver-
#3555	NEW    cov: 1880 ft: 6703 corp: 535/2461Kb lim: 65536 exec/s: 1185 rss: 789Mb L: 2/65536 MS: 1 CustomCrossOver-
#3561	NEW    cov: 1880 ft: 6703 corp: 534/2461Kb lim: 65536 exec/s: 1187 rss: 791Mb L: 30/65536 MS: 1 CustomCrossOver-
#3564	NEW    cov: 1880 ft: 6703 corp: 534/2461Kb lim: 65536 exec/s: 1188 rss: 791Mb L: 269/65536 MS: 5 PersAutoDict-Custom-PersAutoDict-Custom-CustomCrossOver- DE: "\001\000\000\000"-"\001\000\000\000"-
#3565	NEW    cov: 1880 ft: 6703 corp: 535/2461Kb lim: 65536 exec/s: 1188 rss: 791Mb L: 21/65536 MS: 2 ShuffleBytes-Custom-
#3566	NEW    cov: 1880 ft: 6703 corp: 535/2461Kb lim: 65536 exec/s: 1188 rss: 792Mb L: 4/65536 MS: 1 CustomCrossOver-
#3568	NEW    cov: 1880 ft: 6703 corp: 536/2461Kb lim: 65536 exec/s: 1189 rss: 792Mb L: 8/65536 MS: 3 CopyPart-Custom-CustomCrossOver-
#3579	NEW    cov: 1880 ft: 6703 corp: 537/2461Kb lim: 65536 exec/s: 1193 rss: 795Mb L: 2/65536 MS: 1 CustomCrossOver-
#3586	NEW    cov: 1880 ft: 6703 corp: 538/2461Kb lim: 65536 exec/s: 1195 rss: 796Mb L: 1/65536 MS: 3 CustomCrossOver-EraseBytes-Custom-
#3587	NEW    cov: 1880 ft: 6703 corp: 539/2461Kb lim: 65536 exec/s: 1195 rss: 796Mb L: 17/65536 MS: 1 CustomCrossOver-
#3603	NEW    cov: 1880 ft: 6706 corp: 539/2445Kb lim: 65536 exec/s: 1201 rss: 800Mb L: 495/65536 MS: 1 CustomCrossOver-
#3604	NEW    cov: 1880 ft: 6706 corp: 539/2445Kb lim: 65536 exec/s: 1201 rss: 800Mb L: 17/65536 MS: 2 ChangeBit-Custom-
#3605	NEW    cov: 1880 ft: 6706 corp: 539/2445Kb lim: 65536 exec/s: 1201 rss: 800Mb L: 5/65536 MS: 2 InsertByte-Custom-
#3607	NEW    cov: 1880 ft: 6706 corp: 539/2445Kb lim: 65536 exec/s: 1202 rss: 801Mb L: 7/65536 MS: 3 CopyPart-Custom-CustomCrossOver-
#3608	NEW    cov: 1880 ft: 6706 corp: 537/2445Kb lim: 65536 exec/s: 1202 rss: 801Mb L: 28/65536 MS: 2 CMP-Custom- DE: "f\000"-
#3611	NEW    cov: 1880 ft: 6706 corp: 538/2445Kb lim: 65536 exec/s: 1203 rss: 801Mb L: 26/65536 MS: 5 InsertRepeatedBytes-Custom-CustomCrossOver-InsertByte-Custom-
#3612	NEW    cov: 1880 ft: 6706 corp: 538/2443Kb lim: 65536 exec/s: 1204 rss: 802Mb L: 21/65536 MS: 1 CustomCrossOver-
#3618	NEW    cov: 1880 ft: 6706 corp: 539/2443Kb lim: 65536 exec/s: 1206 rss: 803Mb L: 6/65536 MS: 2 InsertRepeatedBytes-Custom-
#3619	NEW    cov: 1880 ft: 6706 corp: 539/2443Kb lim: 65536 exec/s: 1206 rss: 803Mb L: 2/65536 MS: 2 CrossOver-Custom-
#3621	NEW    cov: 1880 ft: 6706 corp: 539/2443Kb lim: 65536 exec/s: 1207 rss: 804Mb L: 2/65536 MS: 3 CMP-Custom-CustomCrossOver- DE: "-\000\000\000\000\000\000\000"-
#3623	NEW    cov: 1880 ft: 6706 corp: 540/2443Kb lim: 65536 exec/s: 1207 rss: 804Mb L: 19/65536 MS: 3 CopyPart-Custom-CustomCrossOver-
#3624	NEW    cov: 1880 ft: 6706 corp: 541/2443Kb lim: 65536 exec/s: 1208 rss: 804Mb L: 5/65536 MS: 2 ChangeBinInt-Custom-
#3625	NEW    cov: 1880 ft: 6706 corp: 542/2443Kb lim: 65536 exec/s: 1208 rss: 805Mb L: 7/65536 MS: 2 ChangeByte-Custom-
#3626	NEW    cov: 1880 ft: 6706 corp: 543/2443Kb lim: 65536 exec/s: 1208 rss: 805Mb L: 2/65536 MS: 1 CustomCrossOver-
#3639	NEW    cov: 1880 ft: 6707 corp: 544/2444Kb lim: 65536 exec/s: 1213 rss: 807Mb L: 1280/65536 MS: 4 EraseBytes-Custom-CustomCrossOver-CustomCrossOver-
#3656	NEW    cov: 1880 ft: 6707 corp: 545/2444Kb lim: 65536 exec/s: 1218 rss: 811Mb L: 258/65536 MS: 3 CustomCrossOver-ChangeBinInt-Custom-
#3658	NEW    cov: 1880 ft: 6707 corp: 546/2445Kb lim: 65536 exec/s: 1219 rss: 811Mb L: 801/65536 MS: 4 CMP-Custom-ChangeBinInt-Custom- DE: "\377\377\377\377\377\377\377\000"-
#3664	NEW    cov: 1880 ft: 6707 corp: 545/2445Kb lim: 65536 exec/s: 1221 rss: 813Mb L: 23/65536 MS: 1 CustomCrossOver-
#3665	NEW    cov: 1880 ft: 6707 corp: 544/2445Kb lim: 65536 exec/s: 1221 rss: 813Mb L: 2/65536 MS: 1 CustomCrossOver-
#3687	NEW    cov: 1880 ft: 6707 corp: 545/2446Kb lim: 65536 exec/s: 1229 rss: 818Mb L: 450/65536 MS: 3 ChangeASCIIInt-Custom-CustomCrossOver-
#3698	NEW    cov: 1880 ft: 6707 corp: 546/2446Kb lim: 65536 exec/s: 1232 rss: 820Mb L: 2/65536 MS: 1 CustomCrossOver-
#3699	NEW    cov: 1880 ft: 6707 corp: 547/2446Kb lim: 65536 exec/s: 1233 rss: 821Mb L: 1/65536 MS: 2 ChangeByte-Custom-
#3703	NEW    cov: 1880 ft: 6708 corp: 545/2423Kb lim: 65536 exec/s: 1234 rss: 821Mb L: 23/65536 MS: 5 InsertByte-Custom-CustomCrossOver-CustomCrossOver-CustomCrossOver-
#3704	NEW    cov: 1880 ft: 6708 corp: 545/2402Kb lim: 65536 exec/s: 1234 rss: 822Mb L: 2/65536 MS: 1 CustomCrossOver-
#3708	NEW    cov: 1880 ft: 6708 corp: 545/2402Kb lim: 65536 exec/s: 1236 rss: 823Mb L: 18/65536 MS: 6 ChangeBit-Custom-ManualDict-Custom-CustomCrossOver-CustomCrossOver- DE: "minimal-valid"-
#3716	NEW    cov: 1880 ft: 6708 corp: 544/2402Kb lim: 65536 exec/s: 1238 rss: 824Mb L: 17/65536 MS: 4 CrossOver-Custom-CustomCrossOver-CustomCrossOver-
#3717	NEW    cov: 1880 ft: 6708 corp: 545/2402Kb lim: 65536 exec/s: 1239 rss: 825Mb L: 59/65536 MS: 1 CustomCrossOver-
#3718	NEW    cov: 1880 ft: 6708 corp: 546/2402Kb lim: 65536 exec/s: 1239 rss: 825Mb L: 6/65536 MS: 1 CustomCrossOver-
#3721	NEW    cov: 1880 ft: 6708 corp: 546/2386Kb lim: 65536 exec/s: 1240 rss: 826Mb L: 1280/65536 MS: 3 CustomCrossOver-CustomCrossOver-CustomCrossOver-
#3722	NEW    cov: 1880 ft: 6710 corp: 547/2394Kb lim: 65536 exec/s: 1240 rss: 826Mb L: 8194/65536 MS: 1 CustomCrossOver-
#3723	NEW    cov: 1880 ft: 6710 corp: 548/2394Kb lim: 65536 exec/s: 1241 rss: 826Mb L: 18/65536 MS: 1 CustomCrossOver-
#3729	NEW    cov: 1880 ft: 6710 corp: 549/2394Kb lim: 65536 exec/s: 1243 rss: 828Mb L: 21/65536 MS: 1 CustomCrossOver-
#3735	NEW    cov: 1880 ft: 6710 corp: 550/2394Kb lim: 65536 exec/s: 1245 rss: 829Mb L: 82/65536 MS: 2 PersAutoDict-Custom- DE: "\377\377\377\377\377\377\377\000"-
#3736	NEW    cov: 1880 ft: 6710 corp: 551/2394Kb lim: 65536 exec/s: 1245 rss: 829Mb L: 121/65536 MS: 1 CustomCrossOver-
#3745	NEW    cov: 1880 ft: 6710 corp: 551/2394Kb lim: 65536 exec/s: 1248 rss: 831Mb L: 2/65536 MS: 7 PersAutoDict-Custom-PersAutoDict-Custom-ChangeBit-Custom-CustomCrossOver- DE: "\377\377\377\377\377\377\377\000"-"f\000"-
#3755	NEW    cov: 1880 ft: 6710 corp: 552/2394Kb lim: 65536 exec/s: 1251 rss: 834Mb L: 4/65536 MS: 7 CustomCrossOver-CustomCrossOver-CustomCrossOver-ShuffleBytes-Custom-InsertByte-Custom-
#3758	NEW    cov: 1880 ft: 6710 corp: 551/2394Kb lim: 65536 exec/s: 1252 rss: 834Mb L: 13/65536 MS: 4 ManualDict-Custom-CustomCrossOver-CustomCrossOver- DE: "configure_step"-
#3777	NEW    cov: 1880 ft: 6710 corp: 552/2394Kb lim: 65536 exec/s: 944 rss: 839Mb L: 1/65536 MS: 6 InsertByte-Custom-CustomCrossOver-EraseBytes-Custom-CustomCrossOver-
#3778	NEW    cov: 1880 ft: 6710 corp: 551/2393Kb lim: 65536 exec/s: 944 rss: 839Mb L: 28/65536 MS: 1 CustomCrossOver-
#3784	NEW    cov: 1880 ft: 6710 corp: 552/2393Kb lim: 65536 exec/s: 946 rss: 840Mb L: 10/65536 MS: 2 CopyPart-Custom-
#3788	NEW    cov: 1880 ft: 6710 corp: 553/2393Kb lim: 65536 exec/s: 947 rss: 841Mb L: 3/65536 MS: 5 CustomCrossOver-ShuffleBytes-Custom-CustomCrossOver-CustomCrossOver-
#3789	NEW    cov: 1880 ft: 6710 corp: 553/2393Kb lim: 65536 exec/s: 947 rss: 841Mb L: 97/65536 MS: 2 ManualDict-Custom- DE: "registerStep"-
#3792	NEW    cov: 1880 ft: 6710 corp: 551/2393Kb lim: 65536 exec/s: 948 rss: 842Mb L: 2/65536 MS: 4 InsertByte-Custom-CustomCrossOver-CustomCrossOver-
#3798	NEW    cov: 1880 ft: 6710 corp: 552/2393Kb lim: 65536 exec/s: 949 rss: 843Mb L: 18/65536 MS: 2 ChangeASCIIInt-Custom-
#3820	NEW    cov: 1880 ft: 6710 corp: 552/2387Kb lim: 65536 exec/s: 955 rss: 848Mb L: 28415/65536 MS: 4 EraseBytes-Custom-EraseBytes-Custom-
#3822	NEW    cov: 1880 ft: 6710 corp: 553/2387Kb lim: 65536 exec/s: 955 rss: 848Mb L: 62/65536 MS: 3 CustomCrossOver-InsertRepeatedBytes-Custom-
#3828	NEW    cov: 1880 ft: 6710 corp: 553/2387Kb lim: 65536 exec/s: 957 rss: 850Mb L: 2/65536 MS: 1 CustomCrossOver-
#3829	NEW    cov: 1880 ft: 6710 corp: 554/2387Kb lim: 65536 exec/s: 957 rss: 850Mb L: 53/65536 MS: 2 InsertByte-Custom-
#3830	NEW    cov: 1880 ft: 6710 corp: 552/2387Kb lim: 65536 exec/s: 957 rss: 851Mb L: 16/65536 MS: 1 CustomCrossOver-
#3836	NEW    cov: 1880 ft: 6710 corp: 552/2387Kb lim: 65536 exec/s: 959 rss: 852Mb L: 371/65536 MS: 2 InsertByte-Custom-
#3837	NEW    cov: 1880 ft: 6710 corp: 552/2387Kb lim: 65536 exec/s: 959 rss: 852Mb L: 6/65536 MS: 1 CustomCrossOver-
#3838	NEW    cov: 1880 ft: 6710 corp: 553/2387Kb lim: 65536 exec/s: 959 rss: 852Mb L: 119/65536 MS: 2 CrossOver-Custom-
#3840	NEW    cov: 1880 ft: 6710 corp: 553/2387Kb lim: 65536 exec/s: 960 rss: 853Mb L: 1055/65536 MS: 2 CustomCrossOver-CustomCrossOver-
#3842	NEW    cov: 1880 ft: 6710 corp: 553/2387Kb lim: 65536 exec/s: 960 rss: 853Mb L: 3/65536 MS: 3 ShuffleBytes-Custom-CustomCrossOver-
#3854	NEW    cov: 1880 ft: 6710 corp: 554/2387Kb lim: 65536 exec/s: 963 rss: 856Mb L: 3/65536 MS: 4 ShuffleBytes-Custom-ShuffleBytes-Custom-
#3860	NEW    cov: 1880 ft: 6710 corp: 554/2387Kb lim: 65536 exec/s: 965 rss: 856Mb L: 12/65536 MS: 1 CustomCrossOver-
#3867	NEW    cov: 1880 ft: 6710 corp: 555/2387Kb lim: 65536 exec/s: 966 rss: 857Mb L: 803/65536 MS: 3 CustomCrossOver-ChangeBinInt-Custom-
#3871	NEW    cov: 1880 ft: 6710 corp: 556/2387Kb lim: 65536 exec/s: 967 rss: 859Mb L: 39/65536 MS: 6 CustomCrossOver-CustomCrossOver-PersAutoDict-Custom-CopyPart-Custom- DE: "\377\377\377\377\377\377\377\000"-
#3894	NEW    cov: 1880 ft: 6710 corp: 556/2387Kb lim: 65536 exec/s: 973 rss: 864Mb L: 49/65536 MS: 4 CrossOver-Custom-CustomCrossOver-CustomCrossOver-
#3905	NEW    cov: 1880 ft: 6710 corp: 557/2387Kb lim: 65536 exec/s: 976 rss: 866Mb L: 18/65536 MS: 1 CustomCrossOver-
#3906	NEW    cov: 1880 ft: 6710 corp: 558/2387Kb lim: 65536 exec/s: 976 rss: 867Mb L: 4/65536 MS: 2 CopyPart-Custom-
#3938	NEW    cov: 1880 ft: 6710 corp: 558/2387Kb lim: 65536 exec/s: 984 rss: 873Mb L: 2/65536 MS: 3 CrossOver-Custom-CustomCrossOver-
#3939	NEW    cov: 1880 ft: 6710 corp: 559/2387Kb lim: 65536 exec/s: 984 rss: 873Mb L: 8/65536 MS: 2 ShuffleBytes-Custom-
#3945	NEW    cov: 1880 ft: 6710 corp: 559/2370Kb lim: 65536 exec/s: 986 rss: 875Mb L: 10717/65536 MS: 2 CrossOver-Custom-
#3947	NEW    cov: 1880 ft: 6710 corp: 560/2402Kb lim: 65536 exec/s: 986 rss: 875Mb L: 32767/65536 MS: 3 InsertRepeatedBytes-Custom-CustomCrossOver-
#3948	NEW    cov: 1880 ft: 6797 corp: 561/2418Kb lim: 65536 exec/s: 987 rss: 875Mb L: 16386/65536 MS: 1 CustomCrossOver-
#3954	NEW    cov: 1880 ft: 6797 corp: 561/2418Kb lim: 65536 exec/s: 988 rss: 876Mb L: 2/65536 MS: 1 CustomCrossOver-
#3956	NEW    cov: 1880 ft: 6797 corp: 561/2416Kb lim: 65536 exec/s: 989 rss: 877Mb L: 7/65536 MS: 2 CustomCrossOver-CustomCrossOver-
#3973	NEW    cov: 1880 ft: 6797 corp: 561/2416Kb lim: 65536 exec/s: 993 rss: 880Mb L: 5/65536 MS: 4 EraseBytes-Custom-ShuffleBytes-Custom-
#3989	NEW    cov: 1880 ft: 6799 corp: 561/2401Kb lim: 65536 exec/s: 997 rss: 884Mb L: 378/65536 MS: 1 CustomCrossOver-
#3990	NEW    cov: 1880 ft: 6800 corp: 562/2401Kb lim: 65536 exec/s: 997 rss: 885Mb L: 20/65536 MS: 2 InsertByte-Custom-
#3991	NEW    cov: 1880 ft: 6800 corp: 562/2401Kb lim: 65536 exec/s: 997 rss: 885Mb L: 2/65536 MS: 1 CustomCrossOver-
#3992	NEW    cov: 1880 ft: 6800 corp: 563/2401Kb lim: 65536 exec/s: 998 rss: 885Mb L: 20/65536 MS: 2 ShuffleBytes-Custom-
#4002	NEW    cov: 1880 ft: 6800 corp: 564/2401Kb lim: 65536 exec/s: 1000 rss: 887Mb L: 16/65536 MS: 9 InsertRepeatedBytes-Custom-ShuffleBytes-Custom-ChangeBit-Custom-CustomCrossOver-PersAutoDict-Custom- DE: "minimal-valid"-
#4017	NEW    cov: 1880 ft: 6800 corp: 564/2401Kb lim: 65536 exec/s: 1004 rss: 890Mb L: 4/65536 MS: 8 InsertRepeatedBytes-Custom-CustomCrossOver-ChangeBit-Custom-EraseBytes-Custom-CustomCrossOver-
#4018	NEW    cov: 1880 ft: 6800 corp: 565/2433Kb lim: 65536 exec/s: 1004 rss: 890Mb L: 32767/65536 MS: 2 ChangeASCIIInt-Custom-
#4029	NEW    cov: 1880 ft: 6800 corp: 565/2433Kb lim: 65536 exec/s: 1007 rss: 892Mb L: 7/65536 MS: 2 ChangeBinInt-Custom-
#4043	NEW    cov: 1880 ft: 6801 corp: 566/2460Kb lim: 65536 exec/s: 1010 rss: 895Mb L: 26742/65536 MS: 8 ChangeBit-Custom-ChangeByte-Custom-ChangeBinInt-Custom-InsertRepeatedBytes-Custom-
#4059	NEW    cov: 1880 ft: 6801 corp: 567/2460Kb lim: 65536 exec/s: 1014 rss: 900Mb L: 7/65536 MS: 1 CustomCrossOver-
#4064	NEW    cov: 1880 ft: 6803 corp: 566/2460Kb lim: 65536 exec/s: 1016 rss: 901Mb L: 6/65536 MS: 7 CustomCrossOver-ChangeByte-Custom-ManualDict-Custom-CustomCrossOver-CustomCrossOver- DE: "Lua error"-
#4066	NEW    cov: 1880 ft: 6803 corp: 566/2460Kb lim: 65536 exec/s: 1016 rss: 901Mb L: 47/65536 MS: 3 CopyPart-Custom-CustomCrossOver-
#4083	NEW    cov: 1880 ft: 6803 corp: 566/2460Kb lim: 65536 exec/s: 1020 rss: 905Mb L: 19/65536 MS: 3 CustomCrossOver-InsertByte-Custom-
#4085	NEW    cov: 1880 ft: 6803 corp: 567/2460Kb lim: 65536 exec/s: 1021 rss: 905Mb L: 2/65536 MS: 3 CustomCrossOver-ChangeBinInt-Custom-
#4091	NEW    cov: 1880 ft: 6803 corp: 567/2460Kb lim: 65536 exec/s: 1022 rss: 906Mb L: 259/65536 MS: 1 CustomCrossOver-
#4092	NEW    cov: 1880 ft: 6803 corp: 568/2460Kb lim: 65536 exec/s: 1023 rss: 907Mb L: 2/65536 MS: 2 ChangeBit-Custom-
#4094	NEW    cov: 1880 ft: 6803 corp: 569/2460Kb lim: 65536 exec/s: 1023 rss: 907Mb L: 19/65536 MS: 2 CustomCrossOver-CustomCrossOver-
#4095	NEW    cov: 1880 ft: 6803 corp: 570/2461Kb lim: 65536 exec/s: 1023 rss: 907Mb L: 1026/65536 MS: 1 CustomCrossOver-
#4096	pulse  cov: 1880 ft: 6803 corp: 570/2461Kb lim: 65536 exec/s: 1024 rss: 908Mb
#4103	NEW    cov: 1880 ft: 6803 corp: 571/2461Kb lim: 65536 exec/s: 1025 rss: 909Mb L: 318/65536 MS: 6 ChangeByte-Custom-CMP-Custom-EraseBytes-Custom- DE: "O\231\335N\376\177\000\000"-
#4129	NEW    cov: 1880 ft: 6803 corp: 571/2461Kb lim: 65536 exec/s: 1032 rss: 916Mb L: 53/65536 MS: 2 ChangeByte-Custom-
#4137	NEW    cov: 1880 ft: 6803 corp: 571/2461Kb lim: 65536 exec/s: 1034 rss: 916Mb L: 62/65536 MS: 5 ChangeByte-Custom-CustomCrossOver-EraseBytes-Custom-
#4138	NEW    cov: 1880 ft: 6805 corp: 572/2470Kb lim: 65536 exec/s: 1034 rss: 916Mb L: 9617/65536 MS: 2 InsertRepeatedBytes-Custom-
#4139	NEW    cov: 1880 ft: 6805 corp: 572/2470Kb lim: 65536 exec/s: 1034 rss: 917Mb L: 2/65536 MS: 1 CustomCrossOver-
#4145	NEW    cov: 1880 ft: 6805 corp: 572/2470Kb lim: 65536 exec/s: 1036 rss: 918Mb L: 3/65536 MS: 1 CustomCrossOver-
#4152	NEW    cov: 1880 ft: 6805 corp: 572/2470Kb lim: 65536 exec/s: 1038 rss: 920Mb L: 25/65536 MS: 3 InsertByte-Custom-CustomCrossOver-
#4153	NEW    cov: 1880 ft: 6805 corp: 572/2470Kb lim: 65536 exec/s: 1038 rss: 920Mb L: 128/65536 MS: 2 InsertRepeatedBytes-Custom-
#4165	NEW    cov: 1880 ft: 6805 corp: 571/2470Kb lim: 65536 exec/s: 1041 rss: 923Mb L: 6/65536 MS: 4 ShuffleBytes-Custom-ManualDict-Custom- DE: "for"-
#4166	NEW    cov: 1880 ft: 6805 corp: 571/2470Kb lim: 65536 exec/s: 1041 rss: 923Mb L: 19/65536 MS: 1 CustomCrossOver-
#4176	NEW    cov: 1880 ft: 6805 corp: 570/2470Kb lim: 65536 exec/s: 1044 rss: 925Mb L: 17/65536 MS: 6 CustomCrossOver-CustomCrossOver-CopyPart-Custom-CustomCrossOver-CustomCrossOver-
#4179	NEW    cov: 1880 ft: 6949 corp: 571/2470Kb lim: 65536 exec/s: 1044 rss: 926Mb L: 60/65536 MS: 5 EraseBytes-Custom-CMP-Custom-CustomCrossOver- DE: "compress"-
#4195	NEW    cov: 1880 ft: 6949 corp: 570/2470Kb lim: 65536 exec/s: 1048 rss: 929Mb L: 19/65536 MS: 2 ChangeByte-Custom-
#4225	NEW    cov: 1880 ft: 6949 corp: 570/2470Kb lim: 65536 exec/s: 1056 rss: 936Mb L: 38/65536 MS: 8 CopyPart-Custom-CustomCrossOver-ChangeBit-Custom-CustomCrossOver-ChangeBit-Custom-
#4226	NEW    cov: 1880 ft: 6949 corp: 570/2454Kb lim: 65536 exec/s: 1056 rss: 936Mb L: 10718/65536 MS: 2 InsertByte-Custom-
#4247	NEW    cov: 1880 ft: 6949 corp: 571/2454Kb lim: 65536 exec/s: 1061 rss: 941Mb L: 1/65536 MS: 2 ShuffleBytes-Custom-
#4248	NEW    cov: 1880 ft: 6949 corp: 571/2454Kb lim: 65536 exec/s: 1062 rss: 941Mb L: 142/65536 MS: 2 ManualDict-Custom- DE: "dots"-
#4270	NEW    cov: 1880 ft: 6949 corp: 571/2453Kb lim: 65536 exec/s: 1067 rss: 946Mb L: 51/65536 MS: 3 InsertByte-Custom-CustomCrossOver-
#4272	NEW    cov: 1880 ft: 6950 corp: 572/2453Kb lim: 65536 exec/s: 1068 rss: 946Mb L: 6/65536 MS: 4 ChangeBit-Custom-PersAutoDict-Custom- DE: "dots"-
#4280	NEW    cov: 1880 ft: 6950 corp: 572/2440Kb lim: 65536 exec/s: 1070 rss: 948Mb L: 2961/65536 MS: 5 EraseBytes-Custom-CustomCrossOver-ChangeByte-Custom-
#4283	NEW    cov: 1880 ft: 6950 corp: 572/2440Kb lim: 65536 exec/s: 1070 rss: 949Mb L: 3/65536 MS: 4 CustomCrossOver-CustomCrossOver-ShuffleBytes-Custom-
#4284	NEW    cov: 1880 ft: 6950 corp: 572/2440Kb lim: 65536 exec/s: 1071 rss: 949Mb L: 60/65536 MS: 2 ChangeByte-Custom-
#4286	NEW    cov: 1880 ft: 6950 corp: 573/2440Kb lim: 65536 exec/s: 1071 rss: 950Mb L: 53/65536 MS: 4 ChangeBit-Custom-ManualDict-Custom- DE: "[["-
#4317	NEW    cov: 1880 ft: 6950 corp: 573/2440Kb lim: 65536 exec/s: 1079 rss: 957Mb L: 5/65536 MS: 2 ShuffleBytes-Custom-
#4319	NEW    cov: 1880 ft: 6950 corp: 574/2440Kb lim: 65536 exec/s: 1079 rss: 957Mb L: 12/65536 MS: 4 ShuffleBytes-Custom-InsertByte-Custom-
#4356	NEW    cov: 1880 ft: 6950 corp: 574/2440Kb lim: 65536 exec/s: 1089 rss: 964Mb L: 11/65536 MS: 2 CustomCrossOver-CustomCrossOver-
#4357	NEW    cov: 1880 ft: 6950 corp: 575/2450Kb lim: 65536 exec/s: 1089 rss: 964Mb L: 10718/65536 MS: 1 CustomCrossOver-
#4364	NEW    cov: 1880 ft: 6953 corp: 576/2450Kb lim: 65536 exec/s: 1091 rss: 966Mb L: 13/65536 MS: 4 ChangeByte-Custom-CMP-Custom- DE: "\022\000\000\000\000\000\000\000"-
#4369	NEW    cov: 1880 ft: 6953 corp: 576/2450Kb lim: 65536 exec/s: 1092 rss: 967Mb L: 27/65536 MS: 10 ChangeBinInt-Custom-ChangeByte-Custom-ManualDict-Custom-ChangeBit-Custom-CopyPart-Custom- DE: ";"-
#4395	NEW    cov: 1880 ft: 6953 corp: 574/2450Kb lim: 65536 exec/s: 1098 rss: 973Mb L: 27/65536 MS: 2 CMP-Custom- DE: "\377\377\377\377\377\377\377\001"-
#4442	NEW    cov: 1880 ft: 6953 corp: 574/2450Kb lim: 65536 exec/s: 1110 rss: 983Mb L: 2/65536 MS: 2 CustomCrossOver-CustomCrossOver-
#4712	RELOAD cov: 1880 ft: 7112 corp: 589/2439Kb lim: 65536 exec/s: 1178 rss: 1040Mb
#4733	NEW    cov: 1880 ft: 7112 corp: 589/2439Kb lim: 65536 exec/s: 946 rss: 1045Mb L: 7/65536 MS: 1 CustomCrossOver-
#4739	NEW    cov: 1880 ft: 7112 corp: 588/2439Kb lim: 65536 exec/s: 947 rss: 1046Mb L: 6/65536 MS: 2 EraseBytes-Custom-
#4752	NEW    cov: 1880 ft: 7114 corp: 589/2468Kb lim: 65536 exec/s: 950 rss: 1049Mb L: 29843/65536 MS: 6 ManualDict-Custom-CMP-Custom-ChangeASCIIInt-Custom- DE: "hide_cache_hits"-"\376\377\377\377\377\377\377\177"-
#4758	NEW    cov: 1880 ft: 7114 corp: 590/2468Kb lim: 65536 exec/s: 951 rss: 1051Mb L: 2/65536 MS: 1 CustomCrossOver-
#4759	NEW    cov: 1880 ft: 7118 corp: 591/2474Kb lim: 65536 exec/s: 951 rss: 1051Mb L: 5521/65536 MS: 1 CustomCrossOver-
#4773	NEW    cov: 1880 ft: 7118 corp: 588/2472Kb lim: 65536 exec/s: 954 rss: 1054Mb L: 34/65536 MS: 6 ChangeBit-Custom-CustomCrossOver-CrossOver-Custom-CustomCrossOver-
#4774	NEW    cov: 1880 ft: 7118 corp: 588/2471Kb lim: 65536 exec/s: 954 rss: 1054Mb L: 34/65536 MS: 1 CustomCrossOver-
#4803	NEW    cov: 1880 ft: 7118 corp: 588/2446Kb lim: 65536 exec/s: 960 rss: 1061Mb L: 451/65536 MS: 7 ManualDict-Custom-EraseBytes-Custom-CustomCrossOver-ChangeBinInt-Custom- DE: "["-
#4839	NEW    cov: 1880 ft: 7118 corp: 589/2446Kb lim: 65536 exec/s: 967 rss: 1069Mb L: 19/65536 MS: 2 ChangeBit-Custom-
#4840	NEW    cov: 1880 ft: 7118 corp: 590/2446Kb lim: 65536 exec/s: 968 rss: 1069Mb L: 29/65536 MS: 2 ChangeBit-Custom-
#4848	NEW    cov: 1880 ft: 7118 corp: 591/2447Kb lim: 65536 exec/s: 969 rss: 1071Mb L: 257/65536 MS: 5 CustomCrossOver-ChangeBinInt-Custom-ChangeBit-Custom-
#4850	NEW    cov: 1880 ft: 7118 corp: 592/2447Kb lim: 65536 exec/s: 970 rss: 1071Mb L: 7/65536 MS: 4 InsertByte-Custom-ShuffleBytes-Custom-
#4870	NEW    cov: 1880 ft: 7119 corp: 593/2448Kb lim: 65536 exec/s: 974 rss: 1076Mb L: 1025/65536 MS: 10 ChangeByte-Custom-PersAutoDict-Custom-ShuffleBytes-Custom-CopyPart-Custom-ChangeBinInt-Custom- DE: "[["-
#4876	NEW    cov: 1880 ft: 7119 corp: 593/2448Kb lim: 65536 exec/s: 975 rss: 1077Mb L: 18/65536 MS: 1 CustomCrossOver-
#4888	NEW    cov: 1880 ft: 7119 corp: 594/2448Kb lim: 65536 exec/s: 977 rss: 1079Mb L: 16/65536 MS: 3 ManualDict-Custom-CustomCrossOver- DE: "docs"-
#4893	NEW    cov: 1880 ft: 7119 corp: 594/2432Kb lim: 65536 exec/s: 978 rss: 1081Mb L: 53/65536 MS: 7 ShuffleBytes-Custom-InsertRepeatedBytes-Custom-CustomCrossOver-CustomCrossOver-CustomCrossOver-
#4895	NEW    cov: 1880 ft: 7119 corp: 594/2432Kb lim: 65536 exec/s: 979 rss: 1081Mb L: 35/65536 MS: 3 CopyPart-Custom-CustomCrossOver-
#4900	NEW    cov: 1880 ft: 7119 corp: 594/2432Kb lim: 65536 exec/s: 980 rss: 1082Mb L: 1/65536 MS: 9 ChangeBit-Custom-InsertByte-Custom-CMP-Custom-CopyPart-Custom-CustomCrossOver- DE: "\000\000\000\000\000\000\000\001"-
#4901	NEW    cov: 1880 ft: 7119 corp: 595/2432Kb lim: 65536 exec/s: 980 rss: 1082Mb L: 4/65536 MS: 2 InsertByte-Custom-
#4903	NEW    cov: 1880 ft: 7119 corp: 595/2417Kb lim: 65536 exec/s: 980 rss: 1083Mb L: 17760/65536 MS: 4 ChangeBit-Custom-CrossOver-Custom-
#4914	NEW    cov: 1880 ft: 7156 corp: 596/2418Kb lim: 65536 exec/s: 982 rss: 1085Mb L: 810/65536 MS: 2 PersAutoDict-Custom- DE: "\022\000\000\000\000\000\000\000"-
#4930	NEW    cov: 1880 ft: 7156 corp: 595/2418Kb lim: 65536 exec/s: 986 rss: 1089Mb L: 4/65536 MS: 2 ShuffleBytes-Custom-
#4958	NEW    cov: 1880 ft: 7156 corp: 595/2418Kb lim: 65536 exec/s: 991 rss: 1096Mb L: 17/65536 MS: 4 CustomCrossOver-InsertRepeatedBytes-Custom-CustomCrossOver-
#4960	NEW    cov: 1880 ft: 7156 corp: 595/2418Kb lim: 65536 exec/s: 992 rss: 1096Mb L: 64/65536 MS: 3 InsertRepeatedBytes-Custom-CustomCrossOver-
#5001	NEW    cov: 1880 ft: 7156 corp: 595/2418Kb lim: 65536 exec/s: 1000 rss: 1105Mb L: 17/65536 MS: 1 CustomCrossOver-
#5013	NEW    cov: 1880 ft: 7156 corp: 593/2417Kb lim: 65536 exec/s: 1002 rss: 1108Mb L: 11/65536 MS: 4 ChangeByte-Custom-CrossOver-Custom-
#5014	NEW    cov: 1880 ft: 7156 corp: 593/2403Kb lim: 65536 exec/s: 1002 rss: 1108Mb L: 28/65536 MS: 1 CustomCrossOver-
#5016	NEW    cov: 1880 ft: 7156 corp: 593/2403Kb lim: 65536 exec/s: 1003 rss: 1109Mb L: 4/65536 MS: 4 ShuffleBytes-Custom-PersAutoDict-Custom- DE: ";"-
#5023	NEW    cov: 1880 ft: 7176 corp: 594/2404Kb lim: 65536 exec/s: 1004 rss: 1110Mb L: 974/65536 MS: 3 ChangeBinInt-Custom-CustomCrossOver-
#5028	NEW    cov: 1880 ft: 7177 corp: 595/2405Kb lim: 65536 exec/s: 1005 rss: 1112Mb L: 1439/65536 MS: 10 EraseBytes-Custom-PersAutoDict-Custom-ShuffleBytes-Custom-ChangeASCIIInt-Custom-PersAutoDict-Custom- DE: "Lua error"-"registerStep"-
#5029	NEW    cov: 1880 ft: 7177 corp: 595/2404Kb lim: 65536 exec/s: 1005 rss: 1112Mb L: 31741/65536 MS: 1 CustomCrossOver-
#5040	NEW    cov: 1880 ft: 7177 corp: 595/2404Kb lim: 65536 exec/s: 1008 rss: 1114Mb L: 2/65536 MS: 1 CustomCrossOver-
#5044	NEW    cov: 1880 ft: 7177 corp: 595/2403Kb lim: 65536 exec/s: 1008 rss: 1115Mb L: 53/65536 MS: 5 CustomCrossOver-CustomCrossOver-EraseBytes-Custom-CustomCrossOver-
#5045	NEW    cov: 1880 ft: 7177 corp: 596/2403Kb lim: 65536 exec/s: 1009 rss: 1115Mb L: 8/65536 MS: 1 CustomCrossOver-
#5056	NEW    cov: 1880 ft: 7177 corp: 597/2403Kb lim: 65536 exec/s: 1011 rss: 1117Mb L: 20/65536 MS: 1 CustomCrossOver-
#5063	NEW    cov: 1880 ft: 7178 corp: 598/2403Kb lim: 65536 exec/s: 1012 rss: 1119Mb L: 28/65536 MS: 3 CustomCrossOver-ManualDict-Custom- DE: "buildScriptPath"-
#5089	NEW    cov: 1880 ft: 7178 corp: 599/2403Kb lim: 65536 exec/s: 1017 rss: 1125Mb L: 4/65536 MS: 2 InsertByte-Custom-
#5100	NEW    cov: 1880 ft: 7178 corp: 600/2403Kb lim: 65536 exec/s: 1020 rss: 1127Mb L: 151/65536 MS: 2 InsertRepeatedBytes-Custom-
#5109	NEW    cov: 1880 ft: 7179 corp: 601/2403Kb lim: 65536 exec/s: 1021 rss: 1129Mb L: 2/65536 MS: 5 CustomCrossOver-ChangeBit-Custom-CustomCrossOver-CustomCrossOver-
#5138	NEW    cov: 1880 ft: 7179 corp: 602/2403Kb lim: 65536 exec/s: 1027 rss: 1135Mb L: 22/65536 MS: 8 ChangeBit-Custom-EraseBytes-Custom-ShuffleBytes-Custom-ShuffleBytes-Custom-
#5139	NEW    cov: 1880 ft: 7181 corp: 603/2403Kb lim: 65536 exec/s: 1027 rss: 1135Mb L: 81/65536 MS: 2 CopyPart-Custom-
#5140	NEW    cov: 1880 ft: 7183 corp: 602/2403Kb lim: 65536 exec/s: 1028 rss: 1136Mb L: 3/65536 MS: 2 PersAutoDict-Custom- DE: ";"-
#5151	NEW    cov: 1880 ft: 7183 corp: 602/2403Kb lim: 65536 exec/s: 1030 rss: 1138Mb L: 4/65536 MS: 2 CrossOver-Custom-
#5161	NEW    cov: 1880 ft: 7185 corp: 603/2403Kb lim: 65536 exec/s: 1032 rss: 1141Mb L: 73/65536 MS: 7 CustomCrossOver-CustomCrossOver-CustomCrossOver-ShuffleBytes-Custom-InsertRepeatedBytes-Custom-
#5162	NEW    cov: 1880 ft: 7185 corp: 604/2403Kb lim: 65536 exec/s: 1032 rss: 1141Mb L: 17/65536 MS: 1 CustomCrossOver-
#5164	NEW    cov: 1880 ft: 7185 corp: 604/2402Kb lim: 65536 exec/s: 1032 rss: 1141Mb L: 176/65536 MS: 4 InsertRepeatedBytes-Custom-InsertRepeatedBytes-Custom-
#5201	NEW    cov: 1880 ft: 7186 corp: 605/2402Kb lim: 65536 exec/s: 1040 rss: 1149Mb L: 27/65536 MS: 2 CustomCrossOver-CustomCrossOver-
#5247	NEW    cov: 1880 ft: 7186 corp: 606/2402Kb lim: 65536 exec/s: 1049 rss: 1159Mb L: 3/65536 MS: 2 ChangeByte-Custom-
#5278	NEW    cov: 1880 ft: 7186 corp: 606/2402Kb lim: 65536 exec/s: 1055 rss: 1166Mb L: 5/65536 MS: 1 CustomCrossOver-
#5301	NEW    cov: 1880 ft: 7186 corp: 606/2402Kb lim: 65536 exec/s: 1060 rss: 1171Mb L: 19/65536 MS: 4 CustomCrossOver-CustomCrossOver-EraseBytes-Custom-
#5302	NEW    cov: 1880 ft: 7186 corp: 607/2402Kb lim: 65536 exec/s: 1060 rss: 1171Mb L: 11/65536 MS: 1 CustomCrossOver-
#5303	NEW    cov: 1880 ft: 7186 corp: 607/2402Kb lim: 65536 exec/s: 1060 rss: 1171Mb L: 4/65536 MS: 1 CustomCrossOver-
#5311	NEW    cov: 1880 ft: 7186 corp: 607/2402Kb lim: 65536 exec/s: 1062 rss: 1173Mb L: 421/65536 MS: 5 CustomCrossOver-ChangeBit-Custom-ChangeBit-Custom-
#5366	NEW    cov: 1880 ft: 7186 corp: 607/2401Kb lim: 65536 exec/s: 1073 rss: 1184Mb L: 153/65536 MS: 10 ChangeASCIIInt-Custom-ChangeBinInt-Custom-CMP-Custom-EraseBytes-Custom-CMP-Custom- DE: "temp"-"select"-
#5386	NEW    cov: 1880 ft: 7186 corp: 607/2401Kb lim: 65536 exec/s: 1077 rss: 1189Mb L: 39/65536 MS: 10 PersAutoDict-Custom-PersAutoDict-Custom-PersAutoDict-Custom-ChangeByte-Custom-ChangeBinInt-Custom- DE: "docs"-"\377\377\377\377\377\377\377\000"-"for"-
#5405	NEW    cov: 1880 ft: 7186 corp: 607/2401Kb lim: 65536 exec/s: 1081 rss: 1192Mb L: 27/65536 MS: 6 CustomCrossOver-CustomCrossOver-ChangeBinInt-Custom-PersAutoDict-Custom- DE: "O\231\335N\376\177\000\000"-
#5419	NEW    cov: 1880 ft: 7186 corp: 606/2401Kb lim: 65536 exec/s: 1083 rss: 1196Mb L: 47/65536 MS: 8 EraseBytes-Custom-PersAutoDict-Custom-CrossOver-Custom-CrossOver-Custom- DE: "\022\000\000\000\000\000\000\000"-
#5448	NEW    cov: 1880 ft: 7186 corp: 606/2401Kb lim: 65536 exec/s: 1089 rss: 1202Mb L: 17/65536 MS: 6 CMP-Custom-ShuffleBytes-Custom-CustomCrossOver-CustomCrossOver- DE: "\001\000\000\000\000\000\000\000"-
#5466	NEW    cov: 1880 ft: 7186 corp: 606/2401Kb lim: 65536 exec/s: 1093 rss: 1207Mb L: 4/65536 MS: 3 CustomCrossOver-CustomCrossOver-CustomCrossOver-
#5468	NEW    cov: 1880 ft: 7186 corp: 606/2401Kb lim: 65536 exec/s: 1093 rss: 1207Mb L: 17/65536 MS: 4 ManualDict-Custom-PersAutoDict-Custom- DE: "orphan"-"-\000\000\000\000\000\000\000"-
#5509	NEW    cov: 1880 ft: 7186 corp: 606/2401Kb lim: 65536 exec/s: 1101 rss: 1216Mb L: 20/65536 MS: 2 InsertByte-Custom-
#5560	NEW    cov: 1880 ft: 7186 corp: 607/2401Kb lim: 65536 exec/s: 1112 rss: 1228Mb L: 4/65536 MS: 2 InsertByte-Custom-
#5576	NEW    cov: 1880 ft: 7186 corp: 607/2401Kb lim: 65536 exec/s: 1115 rss: 1231Mb L: 25/65536 MS: 2 ChangeBinInt-Custom-
#5581	NEW    cov: 1880 ft: 7186 corp: 607/2401Kb lim: 65536 exec/s: 1116 rss: 1232Mb L: 93/65536 MS: 9 EraseBytes-Custom-CustomCrossOver-CopyPart-Custom-EraseBytes-Custom-InsertRepeatedBytes-Custom-
#5591	NEW    cov: 1880 ft: 7188 corp: 608/2401Kb lim: 65536 exec/s: 1118 rss: 1234Mb L: 57/65536 MS: 5 CustomCrossOver-CustomCrossOver-CustomCrossOver-CustomCrossOver-CustomCrossOver-
#5600	NEW    cov: 1880 ft: 7188 corp: 608/2401Kb lim: 65536 exec/s: 1120 rss: 1237Mb L: 30/65536 MS: 6 CMP-Custom-CustomCrossOver-CustomCrossOver-CopyPart-Custom- DE: "join"-
#5601	NEW    cov: 1880 ft: 7193 corp: 609/2401Kb lim: 65536 exec/s: 1120 rss: 1237Mb L: 28/65536 MS: 2 InsertRepeatedBytes-Custom-
#5602	NEW    cov: 1880 ft: 7193 corp: 607/2359Kb lim: 65536 exec/s: 1120 rss: 1237Mb L: 257/65536 MS: 1 CustomCrossOver-
#5624	NEW    cov: 1880 ft: 7193 corp: 608/2359Kb lim: 65536 exec/s: 1124 rss: 1242Mb L: 4/65536 MS: 3 CustomCrossOver-CrossOver-Custom-
#5665	NEW    cov: 1880 ft: 7195 corp: 609/2390Kb lim: 65536 exec/s: 1133 rss: 1250Mb L: 31742/65536 MS: 2 InsertByte-Custom-
#5845	RELOAD cov: 1880 ft: 7239 corp: 616/2331Kb lim: 65536 exec/s: 974 rss: 1288Mb
#5850	NEW    cov: 1880 ft: 7239 corp: 616/2331Kb lim: 65536 exec/s: 975 rss: 1288Mb L: 4/65536 MS: 9 InsertRepeatedBytes-Custom-CustomCrossOver-InsertByte-Custom-InsertByte-Custom-CrossOver-Custom-
#5856	NEW    cov: 1880 ft: 7239 corp: 617/2331Kb lim: 65536 exec/s: 976 rss: 1290Mb L: 4/65536 MS: 2 InsertByte-Custom-
#5867	NEW    cov: 1880 ft: 7239 corp: 617/2331Kb lim: 65536 exec/s: 977 rss: 1292Mb L: 26/65536 MS: 2 PersAutoDict-Custom- DE: "\376\377\377\377\377\377\377\177"-
#5868	NEW    cov: 1880 ft: 7239 corp: 617/2315Kb lim: 65536 exec/s: 978 rss: 1293Mb L: 5626/65536 MS: 2 CrossOver-Custom-
#5895	NEW    cov: 1880 ft: 7239 corp: 617/2315Kb lim: 65536 exec/s: 982 rss: 1298Mb L: 3/65536 MS: 3 CustomCrossOver-CrossOver-Custom-
#5926	NEW    cov: 1880 ft: 7240 corp: 617/2315Kb lim: 65536 exec/s: 987 rss: 1305Mb L: 3/65536 MS: 2 EraseBytes-Custom-
#5973	NEW    cov: 1880 ft: 7240 corp: 617/2315Kb lim: 65536 exec/s: 995 rss: 1316Mb L: 1/65536 MS: 3 CustomCrossOver-ShuffleBytes-Custom-
#5983	NEW    cov: 1880 ft: 7242 corp: 618/2315Kb lim: 65536 exec/s: 997 rss: 1318Mb L: 123/65536 MS: 10 EraseBytes-Custom-ChangeByte-Custom-ChangeByte-Custom-InsertRepeatedBytes-Custom-EraseBytes-Custom-
#6064	NEW    cov: 1880 ft: 7242 corp: 619/2315Kb lim: 65536 exec/s: 1010 rss: 1334Mb L: 4/65536 MS: 2 EraseBytes-Custom-
#6075	NEW    cov: 1880 ft: 7242 corp: 619/2315Kb lim: 65536 exec/s: 1012 rss: 1336Mb L: 2/65536 MS: 1 CustomCrossOver-
#6077	NEW    cov: 1880 ft: 7247 corp: 616/2191Kb lim: 65536 exec/s: 1012 rss: 1337Mb L: 18178/65536 MS: 4 CopyPart-Custom-InsertRepeatedBytes-Custom-
#6089	NEW    cov: 1880 ft: 7247 corp: 616/2191Kb lim: 65536 exec/s: 1014 rss: 1339Mb L: 4/65536 MS: 2 CustomCrossOver-CustomCrossOver-
#6096	NEW    cov: 1880 ft: 7247 corp: 617/2191Kb lim: 65536 exec/s: 1016 rss: 1341Mb L: 1/65536 MS: 3 ChangeByte-Custom-CustomCrossOver-
#6130	NEW    cov: 1880 ft: 7248 corp: 618/2191Kb lim: 65536 exec/s: 1021 rss: 1349Mb L: 6/65536 MS: 5 CustomCrossOver-CustomCrossOver-CustomCrossOver-InsertByte-Custom-
#6135	NEW    cov: 1880 ft: 7248 corp: 618/2191Kb lim: 65536 exec/s: 1022 rss: 1350Mb L: 3/65536 MS: 8 ChangeByte-Custom-ChangeByte-Custom-CustomCrossOver-CustomCrossOver-ChangeByte-Custom-
#6175	NEW    cov: 1880 ft: 7248 corp: 619/2191Kb lim: 65536 exec/s: 1029 rss: 1359Mb L: 11/65536 MS: 7 EraseBytes-Custom-CustomCrossOver-ChangeBit-Custom-CustomCrossOver-CustomCrossOver-
#6188	NEW    cov: 1880 ft: 7248 corp: 620/2191Kb lim: 65536 exec/s: 1031 rss: 1361Mb L: 20/65536 MS: 4 CustomCrossOver-CustomCrossOver-InsertRepeatedBytes-Custom-
#6193	NEW    cov: 1880 ft: 7248 corp: 621/2192Kb lim: 65536 exec/s: 1032 rss: 1362Mb L: 72/65536 MS: 10 InsertRepeatedBytes-Custom-EraseBytes-Custom-ManualDict-Custom-CopyPart-Custom-EraseBytes-Custom- DE: "["-
#6211	NEW    cov: 1880 ft: 7251 corp: 622/2192Kb lim: 65536 exec/s: 1035 rss: 1367Mb L: 26/65536 MS: 5 CrossOver-Custom-CrossOver-Custom-CustomCrossOver-
#6224	NEW    cov: 1880 ft: 7251 corp: 623/2192Kb lim: 65536 exec/s: 1037 rss: 1369Mb L: 22/65536 MS: 6 ChangeByte-Custom-ChangeASCIIInt-Custom-InsertByte-Custom-
#6268	NEW    cov: 1880 ft: 7251 corp: 623/2192Kb lim: 65536 exec/s: 1044 rss: 1379Mb L: 31/65536 MS: 8 EraseBytes-Custom-ChangeBit-Custom-ChangeByte-Custom-InsertByte-Custom-
#6346	NEW    cov: 1880 ft: 7251 corp: 624/2192Kb lim: 65536 exec/s: 1057 rss: 1397Mb L: 30/65536 MS: 6 InsertByte-Custom-ShuffleBytes-Custom-CopyPart-Custom-
#6353	NEW    cov: 1880 ft: 7252 corp: 623/2182Kb lim: 65536 exec/s: 1058 rss: 1398Mb L: 21/65536 MS: 4 PersAutoDict-Custom-ChangeByte-Custom- DE: "registerStep"-
#6389	NEW    cov: 1880 ft: 7252 corp: 623/2182Kb lim: 65536 exec/s: 1064 rss: 1404Mb L: 2/65536 MS: 1 CustomCrossOver-
#6392	NEW    cov: 1880 ft: 7254 corp: 624/2214Kb lim: 65536 exec/s: 1065 rss: 1405Mb L: 32770/65536 MS: 4 ChangeBinInt-Custom-CustomCrossOver-CustomCrossOver-
#6399	NEW    cov: 1880 ft: 7254 corp: 624/2214Kb lim: 65536 exec/s: 1066 rss: 1407Mb L: 2/65536 MS: 2 CustomCrossOver-CustomCrossOver-
#6450	NEW    cov: 1880 ft: 7254 corp: 625/2214Kb lim: 65536 exec/s: 1075 rss: 1418Mb L: 2/65536 MS: 2 CopyPart-Custom-
#6480	NEW    cov: 1880 ft: 7254 corp: 625/2214Kb lim: 65536 exec/s: 1080 rss: 1426Mb L: 63/65536 MS: 7 CustomCrossOver-ChangeBit-Custom-CustomCrossOver-CustomCrossOver-InsertByte-Custom-
#6522	NEW    cov: 1880 ft: 7254 corp: 626/2214Kb lim: 65536 exec/s: 1087 rss: 1436Mb L: 44/65536 MS: 4 ManualDict-Custom-CopyPart-Custom- DE: "mmap"-
#6558	NEW    cov: 1880 ft: 7254 corp: 626/2214Kb lim: 65536 exec/s: 1093 rss: 1443Mb L: 35/65536 MS: 2 ManualDict-Custom- DE: "silent"-
#6570	NEW    cov: 1880 ft: 7254 corp: 627/2214Kb lim: 65536 exec/s: 1095 rss: 1446Mb L: 22/65536 MS: 4 PersAutoDict-Custom-EraseBytes-Custom- DE: "select"-
#6597	NEW    cov: 1880 ft: 7254 corp: 627/2214Kb lim: 65536 exec/s: 1099 rss: 1452Mb L: 41/65536 MS: 3 ShuffleBytes-Custom-CustomCrossOver-
#6605	NEW    cov: 1880 ft: 7254 corp: 627/2196Kb lim: 65536 exec/s: 1100 rss: 1454Mb L: 516/65536 MS: 6 ChangeASCIIInt-Custom-ShuffleBytes-Custom-ManualDict-Custom- DE: "not-a-table"-
#6621	NEW    cov: 1880 ft: 7254 corp: 628/2196Kb lim: 65536 exec/s: 1103 rss: 1458Mb L: 3/65536 MS: 2 CopyPart-Custom-
#6623	NEW    cov: 1880 ft: 7254 corp: 629/2196Kb lim: 65536 exec/s: 1103 rss: 1458Mb L: 12/65536 MS: 4 ChangeBit-Custom-ManualDict-Custom- DE: "not-a-table"-
#6635	NEW    cov: 1880 ft: 7254 corp: 629/2193Kb lim: 65536 exec/s: 1105 rss: 1460Mb L: 1961/65536 MS: 3 CustomCrossOver-InsertByte-Custom-
#6656	NEW    cov: 1880 ft: 7254 corp: 629/2193Kb lim: 65536 exec/s: 1109 rss: 1465Mb L: 18/65536 MS: 1 CustomCrossOver-
#6667	NEW    cov: 1880 ft: 7254 corp: 629/2193Kb lim: 65536 exec/s: 1111 rss: 1467Mb L: 4/65536 MS: 1 CustomCrossOver-
#6677	NEW    cov: 1880 ft: 7255 corp: 630/2193Kb lim: 65536 exec/s: 953 rss: 1469Mb L: 74/65536 MS: 8 EraseBytes-Custom-ChangeByte-Custom-CustomCrossOver-CustomCrossOver-InsertRepeatedBytes-Custom-
#6932	RELOAD cov: 1880 ft: 7256 corp: 631/2191Kb lim: 65536 exec/s: 990 rss: 1525Mb
#6936	NEW    cov: 1880 ft: 7256 corp: 632/2191Kb lim: 65536 exec/s: 990 rss: 1526Mb L: 4/65536 MS: 7 CopyPart-Custom-ChangeBinInt-Custom-CMP-Custom-CustomCrossOver- DE: "\000\000\000\002"-
#6976	NEW    cov: 1880 ft: 7257 corp: 633/2191Kb lim: 65536 exec/s: 996 rss: 1533Mb L: 20/65536 MS: 6 CustomCrossOver-CrossOver-Custom-CustomCrossOver-CustomCrossOver-CustomCrossOver-
#7103	NEW    cov: 1880 ft: 7257 corp: 633/2191Kb lim: 65536 exec/s: 1014 rss: 1561Mb L: 32/65536 MS: 3 CustomCrossOver-PersAutoDict-Custom- DE: "temp"-
#7163	NEW    cov: 1880 ft: 7257 corp: 632/2191Kb lim: 65536 exec/s: 1023 rss: 1573Mb L: 2/65536 MS: 7 CustomCrossOver-PersAutoDict-Custom-CustomCrossOver-ManualDict-Custom-CustomCrossOver- DE: "\376\377\377\377\377\377\377\177"-"DSL error"-
#7179	NEW    cov: 1880 ft: 7257 corp: 633/2191Kb lim: 65536 exec/s: 1025 rss: 1577Mb L: 2/65536 MS: 2 ShuffleBytes-Custom-
#7218	NEW    cov: 1880 ft: 7257 corp: 633/2191Kb lim: 65536 exec/s: 1031 rss: 1585Mb L: 85/65536 MS: 6 CustomCrossOver-ChangeBit-Custom-CustomCrossOver-InsertByte-Custom-
#7224	NEW    cov: 1880 ft: 7257 corp: 633/2191Kb lim: 65536 exec/s: 1032 rss: 1587Mb L: 25/65536 MS: 2 EraseBytes-Custom-
#7295	NEW    cov: 1880 ft: 7257 corp: 632/2191Kb lim: 65536 exec/s: 1042 rss: 1601Mb L: 2/65536 MS: 2 ChangeByte-Custom-
#7301	NEW    cov: 1880 ft: 7257 corp: 632/2191Kb lim: 65536 exec/s: 1043 rss: 1603Mb L: 3/65536 MS: 2 ChangeBit-Custom-
#7313	NEW    cov: 1880 ft: 7257 corp: 632/2191Kb lim: 65536 exec/s: 1044 rss: 1605Mb L: 21/65536 MS: 4 ManualDict-Custom-ShuffleBytes-Custom- DE: "typo_section"-
#7320	NEW    cov: 1880 ft: 7257 corp: 633/2191Kb lim: 65536 exec/s: 1045 rss: 1607Mb L: 4/65536 MS: 4 ShuffleBytes-Custom-InsertByte-Custom-
#7358	NEW    cov: 1880 ft: 7257 corp: 633/2190Kb lim: 65536 exec/s: 1051 rss: 1615Mb L: 60/65536 MS: 6 EraseBytes-Custom-InsertRepeatedBytes-Custom-InsertByte-Custom-
#7369	NEW    cov: 1880 ft: 7257 corp: 634/2190Kb lim: 65536 exec/s: 1052 rss: 1617Mb L: 4/65536 MS: 1 CustomCrossOver-
#7380	NEW    cov: 1880 ft: 7257 corp: 635/2190Kb lim: 65536 exec/s: 1054 rss: 1620Mb L: 2/65536 MS: 2 ShuffleBytes-Custom-
#7386	NEW    cov: 1880 ft: 7257 corp: 636/2190Kb lim: 65536 exec/s: 1055 rss: 1621Mb L: 6/65536 MS: 2 InsertByte-Custom-
#7417	NEW    cov: 1880 ft: 7257 corp: 637/2194Kb lim: 65536 exec/s: 1059 rss: 1627Mb L: 4098/65536 MS: 1 CustomCrossOver-
#7443	NEW    cov: 1880 ft: 7257 corp: 637/2194Kb lim: 65536 exec/s: 1063 rss: 1633Mb L: 17/65536 MS: 2 ChangeByte-Custom-
#7450	NEW    cov: 1880 ft: 7258 corp: 638/2200Kb lim: 65536 exec/s: 1064 rss: 1635Mb L: 5529/65536 MS: 2 CustomCrossOver-CustomCrossOver-
#7459	NEW    cov: 1880 ft: 7258 corp: 639/2200Kb lim: 65536 exec/s: 1065 rss: 1637Mb L: 2/65536 MS: 5 CustomCrossOver-CustomCrossOver-ChangeBit-Custom-CustomCrossOver-
#7531	NEW    cov: 1880 ft: 7258 corp: 640/2200Kb lim: 65536 exec/s: 1075 rss: 1651Mb L: 2/65536 MS: 3 EraseBytes-Custom-CustomCrossOver-
#7540	NEW    cov: 1880 ft: 7258 corp: 641/2202Kb lim: 65536 exec/s: 1077 rss: 1653Mb L: 2517/65536 MS: 6 CustomCrossOver-ChangeASCIIInt-Custom-CustomCrossOver-CopyPart-Custom-
#7552	NEW    cov: 1880 ft: 7258 corp: 641/2202Kb lim: 65536 exec/s: 1078 rss: 1656Mb L: 1/65536 MS: 3 ManualDict-Custom-CustomCrossOver- DE: "invalid"-
#7564	NEW    cov: 1880 ft: 7258 corp: 640/2202Kb lim: 65536 exec/s: 1080 rss: 1659Mb L: 6/65536 MS: 2 CustomCrossOver-CustomCrossOver-
#7565	NEW    cov: 1880 ft: 7258 corp: 640/2202Kb lim: 65536 exec/s: 1080 rss: 1659Mb L: 16/65536 MS: 1 CustomCrossOver-
#7566	NEW    cov: 1880 ft: 7258 corp: 641/2202Kb lim: 65536 exec/s: 1080 rss: 1659Mb L: 1/65536 MS: 1 CustomCrossOver-
#7662	NEW    cov: 1880 ft: 7258 corp: 642/2202Kb lim: 65536 exec/s: 1094 rss: 1680Mb L: 3/65536 MS: 1 CustomCrossOver-
#7676	NEW    cov: 1880 ft: 7258 corp: 642/2202Kb lim: 65536 exec/s: 1096 rss: 1683Mb L: 24/65536 MS: 8 InsertRepeatedBytes-Custom-ShuffleBytes-Custom-ChangeByte-Custom-PersAutoDict-Custom- DE: "mmap"-
#7682	NEW    cov: 1880 ft: 7258 corp: 642/2202Kb lim: 65536 exec/s: 1097 rss: 1685Mb L: 2/65536 MS: 1 CustomCrossOver-
#7784	NEW    cov: 1880 ft: 7258 corp: 642/2202Kb lim: 65536 exec/s: 973 rss: 1708Mb L: 2/65536 MS: 3 CustomCrossOver-ManualDict-Custom- DE: "=="-
#7825	NEW    cov: 1880 ft: 7359 corp: 642/2202Kb lim: 65536 exec/s: 978 rss: 1716Mb L: 16/65536 MS: 1 CustomCrossOver-
#7864	NEW    cov: 1880 ft: 7359 corp: 643/2202Kb lim: 65536 exec/s: 983 rss: 1725Mb L: 9/65536 MS: 7 ShuffleBytes-Custom-CustomCrossOver-ChangeBit-Custom-ChangeBinInt-Custom-
#7865	NEW    cov: 1880 ft: 7359 corp: 644/2202Kb lim: 65536 exec/s: 983 rss: 1725Mb L: 20/65536 MS: 2 CrossOver-Custom-
#7872	NEW    cov: 1880 ft: 7359 corp: 644/2197Kb lim: 65536 exec/s: 984 rss: 1726Mb L: 32/65536 MS: 3 CustomCrossOver-CrossOver-Custom-
#7923	NEW    cov: 1880 ft: 7359 corp: 644/2197Kb lim: 65536 exec/s: 990 rss: 1738Mb L: 16/65536 MS: 2 ManualDict-Custom- DE: "BEEZ_FZ_"-
#7961	NEW    cov: 1880 ft: 7359 corp: 644/2197Kb lim: 65536 exec/s: 995 rss: 1745Mb L: 6/65536 MS: 4 CustomCrossOver-InsertByte-Custom-CustomCrossOver-
#8073	RELOAD cov: 1880 ft: 7361 corp: 644/2196Kb lim: 65536 exec/s: 1009 rss: 1769Mb
#8083	NEW    cov: 1880 ft: 7361 corp: 644/2196Kb lim: 65536 exec/s: 1010 rss: 1771Mb L: 7/65536 MS: 8 ManualDict-Custom-CustomCrossOver-CustomCrossOver-ChangeByte-Custom-EraseBytes-Custom- DE: "full"-
#8125	NEW    cov: 1880 ft: 7361 corp: 645/2196Kb lim: 65536 exec/s: 1015 rss: 1781Mb L: 5/65536 MS: 3 CopyPart-Custom-CustomCrossOver-
#8127	NEW    cov: 1880 ft: 7361 corp: 645/2196Kb lim: 65536 exec/s: 1015 rss: 1781Mb L: 4/65536 MS: 4 ChangeBinInt-Custom-ChangeBinInt-Custom-
#8132	NEW    cov: 1880 ft: 7361 corp: 646/2196Kb lim: 65536 exec/s: 1016 rss: 1783Mb L: 2/65536 MS: 6 CustomCrossOver-ChangeBinInt-Custom-CustomCrossOver-CustomCrossOver-CustomCrossOver-
#8136	NEW    cov: 1880 ft: 7362 corp: 647/2196Kb lim: 65536 exec/s: 1017 rss: 1784Mb L: 2/65536 MS: 6 CMP-Custom-CustomCrossOver-InsertRepeatedBytes-Custom-CustomCrossOver- DE: "temp"-
#8167	NEW    cov: 1880 ft: 7362 corp: 647/2196Kb lim: 65536 exec/s: 1020 rss: 1791Mb L: 3/65536 MS: 2 ShuffleBytes-Custom-
#8192	pulse  cov: 1880 ft: 7362 corp: 647/2196Kb lim: 65536 exec/s: 1024 rss: 1796Mb
#8196	NEW    cov: 1880 ft: 7362 corp: 647/2196Kb lim: 65536 exec/s: 1024 rss: 1796Mb L: 1/65536 MS: 6 InsertByte-Custom-CustomCrossOver-ManualDict-Custom-CustomCrossOver- DE: "initializers"-
#8197	NEW    cov: 1880 ft: 7362 corp: 647/2195Kb lim: 65536 exec/s: 1024 rss: 1797Mb L: 53/65536 MS: 2 ChangeBinInt-Custom-
#8198	NEW    cov: 1880 ft: 7362 corp: 647/2195Kb lim: 65536 exec/s: 1024 rss: 1797Mb L: 23/65536 MS: 2 ShuffleBytes-Custom-
#8221	NEW    cov: 1880 ft: 7366 corp: 648/2196Kb lim: 65536 exec/s: 1027 rss: 1801Mb L: 1010/65536 MS: 4 CustomCrossOver-EraseBytes-Custom-CustomCrossOver-
#8246	NEW    cov: 1880 ft: 7366 corp: 648/2196Kb lim: 65536 exec/s: 1030 rss: 1807Mb L: 50/65536 MS: 9 InsertByte-Custom-PersAutoDict-Custom-InsertByte-Custom-CMP-Custom-CustomCrossOver- DE: "compress"-"__gc"-
#8262	NEW    cov: 1880 ft: 7368 corp: 649/2212Kb lim: 65536 exec/s: 1032 rss: 1810Mb L: 16389/65536 MS: 2 ManualDict-Custom- DE: "broken"-
#8263	NEW    cov: 1880 ft: 7368 corp: 649/2198Kb lim: 65536 exec/s: 1032 rss: 1811Mb L: 2047/65536 MS: 2 ChangeBit-Custom-
#8296	NEW    cov: 1880 ft: 7368 corp: 650/2198Kb lim: 65536 exec/s: 1037 rss: 1818Mb L: 4/65536 MS: 5 CustomCrossOver-ManualDict-Custom-EraseBytes-Custom- DE: "HOME"-
#8413	NEW    cov: 1880 ft: 7368 corp: 650/2198Kb lim: 65536 exec/s: 1051 rss: 1843Mb L: 5/65536 MS: 2 CustomCrossOver-CustomCrossOver-
#8467	NEW    cov: 1880 ft: 7369 corp: 651/2198Kb lim: 65536 exec/s: 1058 rss: 1854Mb L: 50/65536 MS: 6 ChangeASCIIInt-Custom-CustomCrossOver-CustomCrossOver-InsertByte-Custom-
#8486	NEW    cov: 1880 ft: 7370 corp: 652/2198Kb lim: 65536 exec/s: 1060 rss: 1858Mb L: 115/65536 MS: 8 InsertRepeatedBytes-Custom-ChangeBit-Custom-ChangeBinInt-Custom-ChangeByte-Custom-
#8531	NEW    cov: 1880 ft: 7370 corp: 650/2198Kb lim: 65536 exec/s: 1066 rss: 1868Mb L: 6/65536 MS: 9 CustomCrossOver-EraseBytes-Custom-CMP-Custom-ChangeBinInt-Custom-ChangeByte-Custom- DE: "\001\000\000d"-
#8537	NEW    cov: 1880 ft: 7370 corp: 651/2198Kb lim: 65536 exec/s: 1067 rss: 1869Mb L: 6/65536 MS: 1 CustomCrossOver-
#8620	NEW    cov: 1880 ft: 7370 corp: 652/2198Kb lim: 65536 exec/s: 1077 rss: 1888Mb L: 7/65536 MS: 6 ChangeBinInt-Custom-ChangeByte-Custom-ShuffleBytes-Custom-
#8636	NEW    cov: 1880 ft: 7370 corp: 652/2198Kb lim: 65536 exec/s: 1079 rss: 1891Mb L: 13/65536 MS: 2 PersAutoDict-Custom- DE: "initializers"-
#8668	NEW    cov: 1880 ft: 7370 corp: 653/2198Kb lim: 65536 exec/s: 1083 rss: 1898Mb L: 2/65536 MS: 4 ChangeBinInt-Custom-ChangeByte-Custom-
#8683	NEW    cov: 1880 ft: 7370 corp: 654/2198Kb lim: 65536 exec/s: 1085 rss: 1902Mb L: 2/65536 MS: 6 CustomCrossOver-CustomCrossOver-CustomCrossOver-CustomCrossOver-CrossOver-Custom-
#8729	NEW    cov: 1880 ft: 7370 corp: 653/2198Kb lim: 65536 exec/s: 969 rss: 1912Mb L: 4/65536 MS: 2 CopyPart-Custom-
#8752	NEW    cov: 1880 ft: 7371 corp: 653/2198Kb lim: 65536 exec/s: 972 rss: 1917Mb L: 57/65536 MS: 5 EraseBytes-Custom-CustomCrossOver-CrossOver-Custom-
#8753	NEW    cov: 1880 ft: 7372 corp: 653/2198Kb lim: 65536 exec/s: 972 rss: 1918Mb L: 17/65536 MS: 2 CrossOver-Custom-
#8755	NEW    cov: 1880 ft: 7372 corp: 654/2198Kb lim: 65536 exec/s: 972 rss: 1918Mb L: 11/65536 MS: 4 CrossOver-Custom-CrossOver-Custom-
#8786	NEW    cov: 1880 ft: 7372 corp: 654/2198Kb lim: 65536 exec/s: 976 rss: 1925Mb L: 21/65536 MS: 2 CopyPart-Custom-
#8849	NEW    cov: 1880 ft: 7372 corp: 654/2198Kb lim: 65536 exec/s: 983 rss: 1936Mb L: 16/65536 MS: 6 ShuffleBytes-Custom-CopyPart-Custom-InsertByte-Custom-
#8911	NEW    cov: 1880 ft: 7372 corp: 654/2198Kb lim: 65536 exec/s: 990 rss: 1949Mb L: 18/65536 MS: 3 CrossOver-Custom-CustomCrossOver-
#8915	NEW    cov: 1880 ft: 7373 corp: 655/2198Kb lim: 65536 exec/s: 990 rss: 1950Mb L: 2/65536 MS: 6 CustomCrossOver-CMP-Custom-CustomCrossOver-ChangeByte-Custom- DE: "\006\000"-
#8947	NEW    cov: 1880 ft: 7373 corp: 655/2197Kb lim: 65536 exec/s: 994 rss: 1957Mb L: 36/65536 MS: 3 CustomCrossOver-ChangeBit-Custom-
#8990	NEW    cov: 1880 ft: 7373 corp: 655/2197Kb lim: 65536 exec/s: 998 rss: 1967Mb L: 7/65536 MS: 6 InsertByte-Custom-ChangeBit-Custom-ChangeByte-Custom-
#8996	NEW    cov: 1880 ft: 7373 corp: 656/2197Kb lim: 65536 exec/s: 999 rss: 1968Mb L: 16/65536 MS: 2 CMP-Custom- DE: "\001\000\000\000\000\374\255\333"-
#9215	RELOAD cov: 1880 ft: 7373 corp: 656/2196Kb lim: 65536 exec/s: 1023 rss: 2016Mb
#9301	NEW    cov: 1880 ft: 7373 corp: 656/2196Kb lim: 65536 exec/s: 1033 rss: 2035Mb L: 6/65536 MS: 1 CustomCrossOver-
#9302	NEW    cov: 1880 ft: 7373 corp: 657/2196Kb lim: 65536 exec/s: 1033 rss: 2035Mb L: 2/65536 MS: 1 CustomCrossOver-
#9309	NEW    cov: 1880 ft: 7373 corp: 657/2196Kb lim: 65536 exec/s: 1034 rss: 2037Mb L: 2/65536 MS: 2 CustomCrossOver-CustomCrossOver-
#9310	NEW    cov: 1880 ft: 7376 corp: 658/2196Kb lim: 65536 exec/s: 1034 rss: 2037Mb L: 7/65536 MS: 2 ChangeBinInt-Custom-
#9311	NEW    cov: 1880 ft: 7376 corp: 654/2194Kb lim: 65536 exec/s: 1034 rss: 2037Mb L: 2/65536 MS: 1 CustomCrossOver-
#9381	NEW    cov: 1880 ft: 7376 corp: 654/2194Kb lim: 65536 exec/s: 1042 rss: 2053Mb L: 96/65536 MS: 9 CustomCrossOver-ChangeBit-Custom-ShuffleBytes-Custom-InsertRepeatedBytes-Custom-InsertRepeatedBytes-Custom-
#9426	NEW    cov: 1880 ft: 7376 corp: 654/2194Kb lim: 65536 exec/s: 1047 rss: 2063Mb L: 58/65536 MS: 10 ManualDict-Custom-PersAutoDict-Custom-ManualDict-Custom-ChangeASCIIInt-Custom-EraseBytes-Custom- DE: "validateConsistent"-"temp"-"\\t"-
#9452	NEW    cov: 1880 ft: 7376 corp: 655/2194Kb lim: 65536 exec/s: 1050 rss: 2068Mb L: 17/65536 MS: 1 CustomCrossOver-
#9537	NEW    cov: 1880 ft: 7376 corp: 654/2194Kb lim: 65536 exec/s: 1059 rss: 2084Mb L: 2/65536 MS: 10 CopyPart-Custom-ChangeBit-Custom-ShuffleBytes-Custom-EraseBytes-Custom-CopyPart-Custom-
#9567	NEW    cov: 1880 ft: 7376 corp: 654/2192Kb lim: 65536 exec/s: 1063 rss: 2091Mb L: 8614/65536 MS: 10 ChangeASCIIInt-Custom-ShuffleBytes-Custom-ManualDict-Custom-ShuffleBytes-Custom-InsertRepeatedBytes-Custom- DE: "repeat"-
#9667	NEW    cov: 1880 ft: 7511 corp: 655/2192Kb lim: 65536 exec/s: 1074 rss: 2112Mb L: 157/65536 MS: 10 ManualDict-Custom-InsertRepeatedBytes-Custom-CopyPart-Custom-EraseBytes-Custom-ChangeBinInt-Custom- DE: "workers"-
#9694	NEW    cov: 1880 ft: 7526 corp: 656/2192Kb lim: 65536 exec/s: 1077 rss: 2118Mb L: 3/65536 MS: 4 ChangeBit-Custom-InsertByte-Custom-
#9784	NEW    cov: 1880 ft: 7526 corp: 657/2192Kb lim: 65536 exec/s: 978 rss: 2136Mb L: 4/65536 MS: 7 EraseBytes-Custom-CustomCrossOver-CMP-Custom-CustomCrossOver-CustomCrossOver- DE: "\001\037"-
#9843	NEW    cov: 1880 ft: 7526 corp: 657/2192Kb lim: 65536 exec/s: 984 rss: 2149Mb L: 8/65536 MS: 8 InsertByte-Custom-EraseBytes-Custom-ChangeByte-Custom-ShuffleBytes-Custom-
#9883	NEW    cov: 1880 ft: 7526 corp: 658/2192Kb lim: 65536 exec/s: 988 rss: 2159Mb L: 1/65536 MS: 7 CustomCrossOver-ChangeByte-Custom-CustomCrossOver-CustomCrossOver-EraseBytes-Custom-
#9954	NEW    cov: 1880 ft: 7526 corp: 658/2192Kb lim: 65536 exec/s: 995 rss: 2173Mb L: 12/65536 MS: 2 CMP-Custom- DE: "utc"-
#9990	NEW    cov: 1880 ft: 7527 corp: 659/2192Kb lim: 65536 exec/s: 999 rss: 2181Mb L: 2/65536 MS: 1 CustomCrossOver-
#10013	NEW    cov: 1880 ft: 7527 corp: 660/2192Kb lim: 65536 exec/s: 1001 rss: 2186Mb L: 16/65536 MS: 4 ShuffleBytes-Custom-CustomCrossOver-CustomCrossOver-
#10154	NEW    cov: 1880 ft: 7527 corp: 660/2192Kb lim: 65536 exec/s: 1015 rss: 2216Mb L: 22/65536 MS: 2 InsertByte-Custom-
#10175	NEW    cov: 1880 ft: 7527 corp: 660/2192Kb lim: 65536 exec/s: 1017 rss: 2221Mb L: 2/65536 MS: 1 CustomCrossOver-
#10186	NEW    cov: 1880 ft: 7527 corp: 661/2192Kb lim: 65536 exec/s: 1018 rss: 2223Mb L: 1/65536 MS: 1 CustomCrossOver-
#10217	NEW    cov: 1880 ft: 7528 corp: 661/2192Kb lim: 65536 exec/s: 1021 rss: 2230Mb L: 17/65536 MS: 2 CMP-Custom- DE: "\000\000\000\012"-
#10341	RELOAD cov: 1880 ft: 7573 corp: 664/2192Kb lim: 65536 exec/s: 1034 rss: 2257Mb
#10351	NEW    cov: 1880 ft: 7573 corp: 664/2192Kb lim: 65536 exec/s: 1035 rss: 2259Mb L: 16/65536 MS: 7 ShuffleBytes-Custom-CustomCrossOver-CustomCrossOver-CustomCrossOver-CMP-Custom- DE: "\001\000\000\000\000\000\000\017"-
#10369	NEW    cov: 1880 ft: 7573 corp: 663/2163Kb lim: 65536 exec/s: 1036 rss: 2263Mb L: 2/65536 MS: 3 CustomCrossOver-CustomCrossOver-CustomCrossOver-
#10375	NEW    cov: 1880 ft: 7573 corp: 664/2163Kb lim: 65536 exec/s: 1037 rss: 2265Mb L: 24/65536 MS: 2 EraseBytes-Custom-
#10450	NEW    cov: 1880 ft: 7573 corp: 664/2163Kb lim: 65536 exec/s: 1045 rss: 2281Mb L: 3/65536 MS: 6 CustomCrossOver-CustomCrossOver-CustomCrossOver-CustomCrossOver-ChangeBit-Custom-
#10456	NEW    cov: 1880 ft: 7573 corp: 665/2163Kb lim: 65536 exec/s: 1045 rss: 2283Mb L: 9/65536 MS: 1 CustomCrossOver-
#10465	NEW    cov: 1880 ft: 7574 corp: 666/2163Kb lim: 65536 exec/s: 1046 rss: 2284Mb L: 108/65536 MS: 8 ChangeBit-Custom-ManualDict-Custom-InsertRepeatedBytes-Custom-ManualDict-Custom- DE: "{"-"dotenv_overrides_system"-
#10466	NEW    cov: 1880 ft: 7574 corp: 667/2163Kb lim: 65536 exec/s: 1046 rss: 2285Mb L: 2/65536 MS: 2 ChangeBinInt-Custom-
#10482	NEW    cov: 1880 ft: 7575 corp: 668/2163Kb lim: 65536 exec/s: 1048 rss: 2288Mb L: 256/65536 MS: 1 CustomCrossOver-
#10513	NEW    cov: 1880 ft: 7575 corp: 668/2155Kb lim: 65536 exec/s: 1051 rss: 2293Mb L: 259/65536 MS: 2 ManualDict-Custom- DE: "load_dotenv"-
#10514	NEW    cov: 1880 ft: 7575 corp: 668/2155Kb lim: 65536 exec/s: 1051 rss: 2293Mb L: 256/65536 MS: 1 CustomCrossOver-
#10541	NEW    cov: 1880 ft: 7575 corp: 668/2155Kb lim: 65536 exec/s: 1054 rss: 2300Mb L: 7/65536 MS: 4 PersAutoDict-Custom-ChangeByte-Custom- DE: "f\000"-
#10557	NEW    cov: 1880 ft: 7575 corp: 668/2155Kb lim: 65536 exec/s: 1055 rss: 2303Mb L: 4/65536 MS: 1 CustomCrossOver-
#10609	NEW    cov: 1880 ft: 7576 corp: 669/2156Kb lim: 65536 exec/s: 1060 rss: 2314Mb L: 576/65536 MS: 4 ShuffleBytes-Custom-InsertRepeatedBytes-Custom-
#10632	NEW    cov: 1880 ft: 7636 corp: 669/2155Kb lim: 65536 exec/s: 1063 rss: 2318Mb L: 123/65536 MS: 5 InsertRepeatedBytes-Custom-PersAutoDict-Custom-CustomCrossOver- DE: "O\231\335N\376\177\000\000"-
#10633	NEW    cov: 1880 ft: 7756 corp: 670/2155Kb lim: 65536 exec/s: 1063 rss: 2318Mb L: 27/65536 MS: 2 ChangeBinInt-Custom-
#10666	NEW    cov: 1880 ft: 7756 corp: 671/2156Kb lim: 65536 exec/s: 1066 rss: 2325Mb L: 1026/65536 MS: 5 PersAutoDict-Custom-CustomCrossOver-CrossOver-Custom- DE: "\\t"-
#10757	NEW    cov: 1880 ft: 7756 corp: 671/2155Kb lim: 65536 exec/s: 1075 rss: 2344Mb L: 3/65536 MS: 2 EraseBytes-Custom-
#10855	NEW    cov: 1880 ft: 7756 corp: 671/2155Kb lim: 65536 exec/s: 986 rss: 2366Mb L: 36/65536 MS: 5 ChangeBinInt-Custom-ShuffleBytes-Custom-CustomCrossOver-
#10863	NEW    cov: 1880 ft: 7756 corp: 671/2155Kb lim: 65536 exec/s: 987 rss: 2368Mb L: 2/65536 MS: 4 CopyPart-Custom-CustomCrossOver-CustomCrossOver-
#10959	NEW    cov: 1880 ft: 7756 corp: 671/2154Kb lim: 65536 exec/s: 996 rss: 2389Mb L: 17/65536 MS: 1 CustomCrossOver-
#10990	NEW    cov: 1880 ft: 7756 corp: 671/2154Kb lim: 65536 exec/s: 999 rss: 2396Mb L: 6/65536 MS: 1 CustomCrossOver-
#11041	NEW    cov: 1880 ft: 7756 corp: 671/2154Kb lim: 65536 exec/s: 1003 rss: 2407Mb L: 33/65536 MS: 2 ShuffleBytes-Custom-
#11047	NEW    cov: 1880 ft: 7756 corp: 671/2154Kb lim: 65536 exec/s: 1004 rss: 2409Mb L: 18/65536 MS: 2 ShuffleBytes-Custom-
#11071	NEW    cov: 1880 ft: 7756 corp: 671/2154Kb lim: 65536 exec/s: 1006 rss: 2414Mb L: 3/65536 MS: 5 CustomCrossOver-CustomCrossOver-CustomCrossOver-ChangeBinInt-Custom-
#11261	NEW    cov: 1880 ft: 7756 corp: 671/2154Kb lim: 65536 exec/s: 1023 rss: 2456Mb L: 104/65536 MS: 9 ChangeBit-Custom-CrossOver-Custom-ChangeByte-Custom-CrossOver-Custom-CustomCrossOver-
#11316	NEW    cov: 1880 ft: 7757 corp: 672/2154Kb lim: 65536 exec/s: 1028 rss: 2468Mb L: 20/65536 MS: 8 CustomCrossOver-CustomCrossOver-ShuffleBytes-Custom-ShuffleBytes-Custom-InsertRepeatedBytes-Custom-
#11447	RELOAD cov: 1880 ft: 7757 corp: 672/2154Kb lim: 65536 exec/s: 1040 rss: 2497Mb
#11532	NEW    cov: 1880 ft: 7759 corp: 673/2154Kb lim: 65536 exec/s: 1048 rss: 2514Mb L: 117/65536 MS: 8 ManualDict-Custom-CustomCrossOver-CustomCrossOver-PersAutoDict-Custom-InsertRepeatedBytes-Custom- DE: "do"-"\377\377\377\377\377\377\377\000"-
#11638	NEW    cov: 1880 ft: 7759 corp: 673/2154Kb lim: 65536 exec/s: 1058 rss: 2537Mb L: 130/65536 MS: 1 CustomCrossOver-
#11686	NEW    cov: 1880 ft: 7759 corp: 673/2154Kb lim: 65536 exec/s: 1062 rss: 2547Mb L: 1/65536 MS: 4 CustomCrossOver-CMP-Custom-CustomCrossOver- DE: "__name"-
#11688	NEW    cov: 1880 ft: 7760 corp: 674/2154Kb lim: 65536 exec/s: 1062 rss: 2547Mb L: 6/65536 MS: 3 CustomCrossOver-InsertByte-Custom-
#11738	NEW    cov: 1880 ft: 7760 corp: 674/2154Kb lim: 65536 exec/s: 1067 rss: 2559Mb L: 19/65536 MS: 9 CopyPart-Custom-ShuffleBytes-Custom-CrossOver-Custom-InsertRepeatedBytes-Custom-CustomCrossOver-
#11765	NEW    cov: 1880 ft: 7760 corp: 674/2154Kb lim: 65536 exec/s: 1069 rss: 2566Mb L: 48/65536 MS: 3 CustomCrossOver-ManualDict-Custom- DE: "string"-
#11890	NEW    cov: 1880 ft: 7760 corp: 674/2154Kb lim: 65536 exec/s: 990 rss: 2593Mb L: 19/65536 MS: 7 ChangeBinInt-Custom-CustomCrossOver-CustomCrossOver-ChangeBinInt-Custom-CustomCrossOver-
#11891	NEW    cov: 1880 ft: 7760 corp: 674/2154Kb lim: 65536 exec/s: 990 rss: 2593Mb L: 18/65536 MS: 2 ShuffleBytes-Custom-
#11892	NEW    cov: 1880 ft: 7760 corp: 674/2154Kb lim: 65536 exec/s: 991 rss: 2594Mb L: 2/65536 MS: 2 CrossOver-Custom-
#11914	NEW    cov: 1880 ft: 7760 corp: 674/2154Kb lim: 65536 exec/s: 992 rss: 2598Mb L: 4/65536 MS: 2 CustomCrossOver-CustomCrossOver-
#11924	NEW    cov: 1880 ft: 7761 corp: 675/2154Kb lim: 65536 exec/s: 993 rss: 2601Mb L: 72/65536 MS: 10 InsertByte-Custom-ChangeByte-Custom-ManualDict-Custom-ShuffleBytes-Custom-ChangeBit-Custom- DE: "vault"-
#11963	NEW    cov: 1880 ft: 7761 corp: 676/2155Kb lim: 65536 exec/s: 996 rss: 2608Mb L: 1249/65536 MS: 6 CustomCrossOver-EraseBytes-Custom-CustomCrossOver-CopyPart-Custom-
#12034	NEW    cov: 1880 ft: 7761 corp: 677/2155Kb lim: 65536 exec/s: 1002 rss: 2624Mb L: 11/65536 MS: 2 CrossOver-Custom-
#12065	NEW    cov: 1880 ft: 7761 corp: 677/2155Kb lim: 65536 exec/s: 1005 rss: 2629Mb L: 18/65536 MS: 1 CustomCrossOver-
#12170	NEW    cov: 1880 ft: 7761 corp: 677/2155Kb lim: 65536 exec/s: 1014 rss: 2652Mb L: 2057/65536 MS: 7 CustomCrossOver-CustomCrossOver-InsertByte-Custom-CustomCrossOver-CrossOver-Custom-
#12377	NEW    cov: 1880 ft: 7764 corp: 678/2155Kb lim: 65536 exec/s: 1031 rss: 2695Mb L: 2/65536 MS: 3 CustomCrossOver-PersAutoDict-Custom- DE: "{"-
#12471	NEW    cov: 1880 ft: 7764 corp: 679/2155Kb lim: 65536 exec/s: 1039 rss: 2716Mb L: 4/65536 MS: 7 ChangeBinInt-Custom-CustomCrossOver-EraseBytes-Custom-InsertByte-Custom-
#12558	RELOAD cov: 1880 ft: 7766 corp: 681/2167Kb lim: 65536 exec/s: 1046 rss: 2735Mb
#12583	NEW    cov: 1880 ft: 7766 corp: 681/2166Kb lim: 65536 exec/s: 1048 rss: 2740Mb L: 2/65536 MS: 8 PersAutoDict-Custom-CrossOver-Custom-CustomCrossOver-InsertRepeatedBytes-Custom-CustomCrossOver- DE: "__name"-
#12604	NEW    cov: 1880 ft: 7766 corp: 682/2166Kb lim: 65536 exec/s: 1050 rss: 2745Mb L: 1/65536 MS: 1 CustomCrossOver-
#12609	NEW    cov: 1880 ft: 7766 corp: 682/2166Kb lim: 65536 exec/s: 1050 rss: 2746Mb L: 5/65536 MS: 8 InsertRepeatedBytes-Custom-CopyPart-Custom-CustomCrossOver-CustomCrossOver-EraseBytes-Custom-
#12668	NEW    cov: 1880 ft: 7766 corp: 683/2166Kb lim: 65536 exec/s: 1055 rss: 2759Mb L: 19/65536 MS: 8 ChangeBinInt-Custom-ChangeBinInt-Custom-CopyPart-Custom-PersAutoDict-Custom- DE: "\001\037"-
#12669	NEW    cov: 1880 ft: 7766 corp: 683/2166Kb lim: 65536 exec/s: 1055 rss: 2759Mb L: 7/65536 MS: 2 ManualDict-Custom- DE: "="-
#12773	NEW    cov: 1880 ft: 7766 corp: 684/2166Kb lim: 65536 exec/s: 1064 rss: 2780Mb L: 2/65536 MS: 5 ManualDict-Custom-CustomCrossOver-CustomCrossOver-CustomCrossOver- DE: "always"-
#13272	NEW    cov: 1880 ft: 7766 corp: 684/2166Kb lim: 65536 exec/s: 1020 rss: 2888Mb L: 27/65536 MS: 5 CustomCrossOver-EraseBytes-Custom-CustomCrossOver-CustomCrossOver-
#13329	NEW    cov: 1880 ft: 7766 corp: 684/2154Kb lim: 65536 exec/s: 1025 rss: 2900Mb L: 136/65536 MS: 3 CustomCrossOver-CrossOver-Custom-
#13407	NEW    cov: 1880 ft: 7766 corp: 684/2154Kb lim: 65536 exec/s: 1031 rss: 2917Mb L: 3/65536 MS: 4 CustomCrossOver-InsertRepeatedBytes-Custom-CustomCrossOver-
#13425	NEW    cov: 1880 ft: 7767 corp: 685/2203Kb lim: 65536 exec/s: 1032 rss: 2921Mb L: 49783/65536 MS: 5 ChangeASCIIInt-Custom-CustomCrossOver-ChangeByte-Custom-
#13449	NEW    cov: 1880 ft: 7767 corp: 685/2203Kb lim: 65536 exec/s: 1034 rss: 2926Mb L: 4/65536 MS: 8 ChangeByte-Custom-ManualDict-Custom-EraseBytes-Custom-CopyPart-Custom- DE: "break"-
#13450	NEW    cov: 1880 ft: 7767 corp: 686/2203Kb lim: 65536 exec/s: 1034 rss: 2926Mb L: 1/65536 MS: 2 PersAutoDict-Custom- DE: "="-
#13457	NEW    cov: 1880 ft: 7767 corp: 686/2203Kb lim: 65536 exec/s: 1035 rss: 2928Mb L: 2/65536 MS: 2 CustomCrossOver-CustomCrossOver-
#13528	NEW    cov: 1880 ft: 7768 corp: 687/2211Kb lim: 65536 exec/s: 1040 rss: 2944Mb L: 8739/65536 MS: 2 InsertRepeatedBytes-Custom-
#13577	NEW    cov: 1880 ft: 7768 corp: 687/2211Kb lim: 65536 exec/s: 1044 rss: 2954Mb L: 1025/65536 MS: 6 ChangeBinInt-Custom-CrossOver-Custom-CustomCrossOver-CustomCrossOver-
#13661	RELOAD cov: 1880 ft: 7768 corp: 687/2211Kb lim: 65536 exec/s: 1050 rss: 2972Mb
#13877	NEW    cov: 1881 ft: 7935 corp: 688/2211Kb lim: 65536 exec/s: 991 rss: 3018Mb L: 91/65536 MS: 2 InsertRepeatedBytes-Custom-
#13901	NEW    cov: 1881 ft: 7935 corp: 689/2211Kb lim: 65536 exec/s: 992 rss: 3024Mb L: 3/65536 MS: 8 EraseBytes-Custom-ChangeByte-Custom-ChangeByte-Custom-CMP-Custom- DE: "\005\000"-
#13996	NEW    cov: 1881 ft: 7940 corp: 690/2217Kb lim: 65536 exec/s: 999 rss: 3044Mb L: 5569/65536 MS: 9 ManualDict-Custom-PersAutoDict-Custom-ChangeBinInt-Custom-CustomCrossOver-EraseBytes-Custom- DE: "code"-"{"-
#14041	NEW    cov: 1881 ft: 7940 corp: 690/2217Kb lim: 65536 exec/s: 1002 rss: 3053Mb L: 4/65536 MS: 7 CustomCrossOver-CMP-Custom-CustomCrossOver-EraseBytes-Custom-CustomCrossOver- DE: "\000\000"-
#14075	NEW    cov: 1881 ft: 7941 corp: 691/2219Kb lim: 65536 exec/s: 1005 rss: 3060Mb L: 2173/65536 MS: 6 CustomCrossOver-InsertByte-Custom-CrossOver-Custom-CustomCrossOver-
#14076	NEW    cov: 1881 ft: 7942 corp: 692/2219Kb lim: 65536 exec/s: 1005 rss: 3061Mb L: 1/65536 MS: 1 CustomCrossOver-
#14077	NEW    cov: 1881 ft: 7945 corp: 692/2219Kb lim: 65536 exec/s: 1005 rss: 3061Mb L: 4/65536 MS: 2 CopyPart-Custom-
#14078	NEW    cov: 1881 ft: 7947 corp: 691/2219Kb lim: 65536 exec/s: 1005 rss: 3061Mb L: 2/65536 MS: 2 InsertByte-Custom-
#14181	NEW    cov: 1881 ft: 7951 corp: 692/2283Kb lim: 65536 exec/s: 1012 rss: 3084Mb L: 65530/65536 MS: 6 ChangeByte-Custom-ManualDict-Custom-ChangeByte-Custom- DE: "\036"-
#14217	NEW    cov: 1881 ft: 7951 corp: 692/2282Kb lim: 65536 exec/s: 1015 rss: 3092Mb L: 91/65536 MS: 2 CMP-Custom- DE: "sol.sol"-
#14224	NEW    cov: 1881 ft: 8128 corp: 693/2283Kb lim: 65536 exec/s: 1016 rss: 3094Mb L: 149/65536 MS: 4 InsertRepeatedBytes-Custom-ChangeByte-Custom-
#14231	NEW    cov: 1881 ft: 8128 corp: 693/2283Kb lim: 65536 exec/s: 1016 rss: 3095Mb L: 17/65536 MS: 4 CMP-Custom-ChangeBit-Custom- DE: "<\000\000\000\000\000\000\000"-
#14233	NEW    cov: 1881 ft: 8128 corp: 694/2283Kb lim: 65536 exec/s: 1016 rss: 3096Mb L: 5/65536 MS: 3 CustomCrossOver-CopyPart-Custom-
#14234	NEW    cov: 1881 ft: 8171 corp: 695/2283Kb lim: 65536 exec/s: 1016 rss: 3096Mb L: 17/65536 MS: 2 ChangeByte-Custom-
#14243	NEW    cov: 1881 ft: 8172 corp: 696/2283Kb lim: 65536 exec/s: 1017 rss: 3098Mb L: 4/65536 MS: 6 CMP-Custom-CustomCrossOver-ChangeByte-Custom-CustomCrossOver- DE: "set"-
#14261	NEW    cov: 1881 ft: 8175 corp: 697/2283Kb lim: 65536 exec/s: 1018 rss: 3102Mb L: 528/65536 MS: 3 CustomCrossOver-CustomCrossOver-CustomCrossOver-
#14298	NEW    cov: 1881 ft: 8175 corp: 698/2283Kb lim: 65536 exec/s: 1021 rss: 3110Mb L: 131/65536 MS: 2 CustomCrossOver-CustomCrossOver-
#14299	NEW    cov: 1881 ft: 8175 corp: 698/2283Kb lim: 65536 exec/s: 1021 rss: 3110Mb L: 109/65536 MS: 2 InsertRepeatedBytes-Custom-
#14320	NEW    cov: 1881 ft: 8175 corp: 698/2283Kb lim: 65536 exec/s: 1022 rss: 3115Mb L: 20/65536 MS: 1 CustomCrossOver-
#14359	NEW    cov: 1881 ft: 8175 corp: 698/2283Kb lim: 65536 exec/s: 1025 rss: 3123Mb L: 3/65536 MS: 8 ChangeBinInt-Custom-InsertByte-Custom-PersAutoDict-Custom-EraseBytes-Custom- DE: "\001\037"-
#14366	NEW    cov: 1881 ft: 8175 corp: 698/2283Kb lim: 65536 exec/s: 1026 rss: 3124Mb L: 2/65536 MS: 3 CustomCrossOver-ShuffleBytes-Custom-
#14390	NEW    cov: 1881 ft: 8175 corp: 698/2283Kb lim: 65536 exec/s: 1027 rss: 3130Mb L: 14/65536 MS: 8 ManualDict-Custom-ChangeBit-Custom-EraseBytes-Custom-ShuffleBytes-Custom- DE: "not-a-mode"-
#14391	NEW    cov: 1881 ft: 8177 corp: 699/2283Kb lim: 65536 exec/s: 1027 rss: 3131Mb L: 36/65536 MS: 1 CustomCrossOver-
#14424	NEW    cov: 1881 ft: 8177 corp: 699/2283Kb lim: 65536 exec/s: 1030 rss: 3138Mb L: 4/65536 MS: 5 ShuffleBytes-Custom-ChangeBit-Custom-CustomCrossOver-
#14451	NEW    cov: 1881 ft: 8178 corp: 699/2283Kb lim: 65536 exec/s: 1032 rss: 3144Mb L: 43/65536 MS: 4 ChangeBit-Custom-CopyPart-Custom-
#14467	NEW    cov: 1881 ft: 8179 corp: 700/2299Kb lim: 65536 exec/s: 1033 rss: 3147Mb L: 16383/65536 MS: 2 ManualDict-Custom- DE: "USER"-
#14497	NEW    cov: 1881 ft: 8179 corp: 700/2299Kb lim: 65536 exec/s: 1035 rss: 3153Mb L: 24/65536 MS: 10 InsertByte-Custom-InsertByte-Custom-CMP-Custom-CMP-Custom-ChangeBinInt-Custom- DE: "\017\000"-"regex_match"-
#14651	RELOAD cov: 1881 ft: 8188 corp: 703/2307Kb lim: 65536 exec/s: 1046 rss: 3186Mb
#14663	NEW    cov: 1881 ft: 8188 corp: 703/2307Kb lim: 65536 exec/s: 1047 rss: 3189Mb L: 1/65536 MS: 4 ChangeByte-Custom-EraseBytes-Custom-
#14687	NEW    cov: 1881 ft: 8190 corp: 703/2307Kb lim: 65536 exec/s: 1049 rss: 3194Mb L: 18/65536 MS: 7 ShuffleBytes-Custom-PersAutoDict-Custom-CustomCrossOver-ChangeASCIIInt-Custom- DE: "dotenv_overrides_system"-
#14745	NEW    cov: 1881 ft: 8191 corp: 704/2343Kb lim: 65536 exec/s: 983 rss: 3206Mb L: 37410/65536 MS: 6 EraseBytes-Custom-ManualDict-Custom-ShuffleBytes-Custom- DE: "enabled"-
#14773	NEW    cov: 1881 ft: 8191 corp: 705/2343Kb lim: 65536 exec/s: 984 rss: 3212Mb L: 2/65536 MS: 5 CustomCrossOver-ChangeBit-Custom-EraseBytes-Custom-
#14954	NEW    cov: 1881 ft: 8192 corp: 706/2344Kb lim: 65536 exec/s: 996 rss: 3252Mb L: 1051/65536 MS: 2 CMP-Custom- DE: "to_l"-
#15045	NEW    cov: 1881 ft: 8192 corp: 706/2344Kb lim: 65536 exec/s: 1003 rss: 3272Mb L: 1/65536 MS: 2 EraseBytes-Custom-
#15066	NEW    cov: 1881 ft: 8193 corp: 707/2377Kb lim: 65536 exec/s: 1004 rss: 3277Mb L: 33113/65536 MS: 2 InsertRepeatedBytes-Custom-
#15130	NEW    cov: 1881 ft: 8194 corp: 708/2379Kb lim: 65536 exec/s: 1008 rss: 3290Mb L: 2050/65536 MS: 6 CMP-Custom-CrossOver-Custom-CustomCrossOver-CustomCrossOver- DE: "\000\024"-
#15136	NEW    cov: 1881 ft: 8194 corp: 709/2379Kb lim: 65536 exec/s: 1009 rss: 3291Mb L: 65/65536 MS: 1 CustomCrossOver-
#15147	NEW    cov: 1881 ft: 8194 corp: 709/2379Kb lim: 65536 exec/s: 1009 rss: 3292Mb L: 74/65536 MS: 2 EraseBytes-Custom-
#15187	NEW    cov: 1881 ft: 8194 corp: 709/2379Kb lim: 65536 exec/s: 1012 rss: 3301Mb L: 2/65536 MS: 7 CustomCrossOver-ChangeBit-Custom-EraseBytes-Custom-CustomCrossOver-CustomCrossOver-
#15229	NEW    cov: 1881 ft: 8196 corp: 710/2394Kb lim: 65536 exec/s: 1015 rss: 3311Mb L: 15536/65536 MS: 4 PersAutoDict-Custom-PersAutoDict-Custom- DE: "always"-"not-a-mode"-
#15251	NEW    cov: 1881 ft: 8196 corp: 709/2394Kb lim: 65536 exec/s: 1016 rss: 3316Mb L: 10/65536 MS: 4 CrossOver-Custom-EraseBytes-Custom-
#15252	NEW    cov: 1881 ft: 8197 corp: 710/2458Kb lim: 65536 exec/s: 1016 rss: 3316Mb L: 65405/65536 MS: 2 ChangeByte-Custom-
#15255	NEW    cov: 1881 ft: 8197 corp: 711/2458Kb lim: 65536 exec/s: 1017 rss: 3317Mb L: 2/65536 MS: 4 ManualDict-Custom-CustomCrossOver-CustomCrossOver- DE: "blocks"-
#15261	NEW    cov: 1881 ft: 8197 corp: 711/2458Kb lim: 65536 exec/s: 1017 rss: 3317Mb L: 1/65536 MS: 1 CustomCrossOver-
#15262	NEW    cov: 1881 ft: 8207 corp: 712/2472Kb lim: 65536 exec/s: 1017 rss: 3317Mb L: 14362/65536 MS: 2 InsertRepeatedBytes-Custom-
#15263	NEW    cov: 1881 ft: 8207 corp: 713/2473Kb lim: 65536 exec/s: 1017 rss: 3317Mb L: 912/65536 MS: 2 EraseBytes-Custom-
#15363	NEW    cov: 1881 ft: 8207 corp: 713/2473Kb lim: 65536 exec/s: 1024 rss: 3341Mb L: 7/65536 MS: 7 CustomCrossOver-CMP-Custom-CustomCrossOver-PersAutoDict-Custom-CustomCrossOver- DE: "\010\000"-"for"-
#15438	NEW    cov: 1881 ft: 8207 corp: 713/2472Kb lim: 65536 exec/s: 1029 rss: 3356Mb L: 301/65536 MS: 10 PersAutoDict-Custom-InsertRepeatedBytes-Custom-InsertRepeatedBytes-Custom-ShuffleBytes-Custom-InsertRepeatedBytes-Custom- DE: "\\t"-
#15489	NEW    cov: 1881 ft: 8207 corp: 714/2472Kb lim: 65536 exec/s: 1032 rss: 3367Mb L: 1/65536 MS: 2 ChangeASCIIInt-Custom-
#15490	NEW    cov: 1881 ft: 8207 corp: 715/2472Kb lim: 65536 exec/s: 1032 rss: 3367Mb L: 34/65536 MS: 2 ManualDict-Custom- DE: "hide_cache_hits"-
#15547	NEW    cov: 1881 ft: 8211 corp: 716/2507Kb lim: 65536 exec/s: 1036 rss: 3381Mb L: 36185/65536 MS: 4 ChangeBinInt-Custom-PersAutoDict-Custom- DE: "string"-
#15564	NEW    cov: 1881 ft: 8211 corp: 716/2507Kb lim: 65536 exec/s: 1037 rss: 3385Mb L: 3/65536 MS: 3 CustomCrossOver-InsertByte-Custom-
#15644	RELOAD cov: 1881 ft: 8211 corp: 715/2505Kb lim: 65536 exec/s: 977 rss: 3403Mb
#15851	NEW    cov: 1881 ft: 8211 corp: 716/2505Kb lim: 65536 exec/s: 990 rss: 3446Mb L: 2/65536 MS: 2 CustomCrossOver-CustomCrossOver-
#15870	NEW    cov: 1881 ft: 8212 corp: 717/2506Kb lim: 65536 exec/s: 991 rss: 3451Mb L: 258/65536 MS: 7 ChangeBinInt-Custom-CustomCrossOver-ManualDict-Custom-ChangeByte-Custom- DE: "0x1e"-
#15913	NEW    cov: 1881 ft: 8212 corp: 718/2506Kb lim: 65536 exec/s: 994 rss: 3460Mb L: 12/65536 MS: 4 CustomCrossOver-CustomCrossOver-EraseBytes-Custom-
#16004	NEW    cov: 1881 ft: 8214 corp: 719/2512Kb lim: 65536 exec/s: 1000 rss: 3480Mb L: 6774/65536 MS: 2 ChangeByte-Custom-
#16080	NEW    cov: 1881 ft: 8214 corp: 719/2512Kb lim: 65536 exec/s: 1005 rss: 3496Mb L: 36/65536 MS: 2 CopyPart-Custom-
#16132	NEW    cov: 1881 ft: 8214 corp: 719/2509Kb lim: 65536 exec/s: 1008 rss: 3507Mb L: 321/65536 MS: 4 InsertRepeatedBytes-Custom-ShuffleBytes-Custom-
#16340	RELOAD cov: 1881 ft: 8215 corp: 720/2535Kb lim: 65536 exec/s: 961 rss: 3550Mb
#16384	pulse  cov: 1881 ft: 8215 corp: 720/2535Kb lim: 65536 exec/s: 963 rss: 3559Mb
#16430	NEW    cov: 1881 ft: 8215 corp: 720/2535Kb lim: 65536 exec/s: 966 rss: 3568Mb L: 48/65536 MS: 8 EraseBytes-Custom-CustomCrossOver-ChangeBinInt-Custom-CustomCrossOver-CrossOver-Custom-
#16468	NEW    cov: 1881 ft: 8215 corp: 719/2535Kb lim: 65536 exec/s: 968 rss: 3576Mb L: 1/65536 MS: 6 CopyPart-Custom-EraseBytes-Custom-EraseBytes-Custom-
#16704	NEW    cov: 1881 ft: 8215 corp: 719/2529Kb lim: 65536 exec/s: 982 rss: 3624Mb L: 17/65536 MS: 1 CustomCrossOver-
#16822	NEW    cov: 1881 ft: 8215 corp: 718/2529Kb lim: 65536 exec/s: 989 rss: 3647Mb L: 15/65536 MS: 6 ShuffleBytes-Custom-EraseBytes-Custom-CMP-Custom- DE: "\001\000\000\001"-
