INFO: found LLVMFuzzerCustomMutator (0x4d05e8). Disabling -len_control by default.
Dictionary: 286 entries
INFO: Running with entropic power schedule (0xFF, 100).
INFO: Seed: 962614623
INFO: Loaded 1 modules   (4931 inline 8-bit counters): 4931 [0x1494dbc, 0x14960ff), 
INFO: Loaded 1 PC tables (4931 PCs): 4931 [0x11acb48,0x11bff78), 
INFO:     2272 files found in report/fuzz/corpus/lua_dsl
INFO: seed corpus: files: 2272 min: 1b max: 65536b total: 4554433b rss: 31Mb
#2048	pulse  cov: 1656 ft: 6108 corp: 389/42Kb exec/s: 1024 rss: 460Mb
#2251	INITED cov: 1656 ft: 6362 corp: 479/2230Kb exec/s: 1125 rss: 508Mb
#2252	NEW    cov: 1656 ft: 6362 corp: 480/2230Kb lim: 65536 exec/s: 1126 rss: 508Mb L: 30/65536 MS: 2 EraseBytes-Custom-
#2253	NEW    cov: 1656 ft: 6362 corp: 481/2230Kb lim: 65536 exec/s: 1126 rss: 509Mb L: 2/65536 MS: 1 CustomCrossOver-
#2254	NEW    cov: 1656 ft: 6362 corp: 482/2230Kb lim: 65536 exec/s: 1127 rss: 509Mb L: 3/65536 MS: 2 ChangeBinInt-Custom-
#2255	NEW    cov: 1656 ft: 6362 corp: 482/2230Kb lim: 65536 exec/s: 1127 rss: 509Mb L: 2/65536 MS: 1 CustomCrossOver-
#2256	NEW    cov: 1656 ft: 6362 corp: 482/2230Kb lim: 65536 exec/s: 1128 rss: 509Mb L: 17/65536 MS: 1 CustomCrossOver-
#2257	NEW    cov: 1656 ft: 6362 corp: 481/2230Kb lim: 65536 exec/s: 1128 rss: 510Mb L: 13/65536 MS: 2 EraseBytes-Custom-
#2263	NEW    cov: 1656 ft: 6362 corp: 482/2230Kb lim: 65536 exec/s: 1131 rss: 511Mb L: 1/65536 MS: 1 CustomCrossOver-
#2264	NEW    cov: 1656 ft: 6362 corp: 483/2230Kb lim: 65536 exec/s: 1132 rss: 511Mb L: 2/65536 MS: 1 CustomCrossOver-
#2265	NEW    cov: 1656 ft: 6362 corp: 483/2230Kb lim: 65536 exec/s: 1132 rss: 511Mb L: 2/65536 MS: 1 CustomCrossOver-
#2266	NEW    cov: 1656 ft: 6362 corp: 484/2230Kb lim: 65536 exec/s: 1133 rss: 512Mb L: 36/65536 MS: 2 ChangeBinInt-Custom-
#2267	NEW    cov: 1656 ft: 6362 corp: 485/2230Kb lim: 65536 exec/s: 1133 rss: 512Mb L: 7/65536 MS: 1 CustomCrossOver-
#2268	NEW    cov: 1656 ft: 6362 corp: 486/2230Kb lim: 65536 exec/s: 1134 rss: 512Mb L: 7/65536 MS: 1 CustomCrossOver-
#2269	NEW    cov: 1656 ft: 6362 corp: 486/2230Kb lim: 65536 exec/s: 1134 rss: 512Mb L: 43/65536 MS: 2 CMP-Custom- DE: "format"-
#2270	NEW    cov: 1656 ft: 6362 corp: 485/2230Kb lim: 65536 exec/s: 1135 rss: 513Mb L: 17/65536 MS: 1 CustomCrossOver-
#2271	NEW    cov: 1656 ft: 6362 corp: 486/2230Kb lim: 65536 exec/s: 1135 rss: 513Mb L: 2/65536 MS: 2 ChangeBit-Custom-
#2272	NEW    cov: 1656 ft: 6422 corp: 487/2230Kb lim: 65536 exec/s: 1136 rss: 513Mb L: 20/65536 MS: 2 PersAutoDict-Custom- DE: "format"-
#2273	NEW    cov: 1656 ft: 6422 corp: 488/2230Kb lim: 65536 exec/s: 1136 rss: 513Mb L: 2/65536 MS: 1 CustomCrossOver-
#2275	NEW    cov: 1656 ft: 6422 corp: 489/2230Kb lim: 65536 exec/s: 1137 rss: 514Mb L: 513/65536 MS: 4 ShuffleBytes-Custom-ShuffleBytes-Custom-
#2276	NEW    cov: 1656 ft: 6422 corp: 486/2230Kb lim: 65536 exec/s: 1138 rss: 514Mb L: 23/65536 MS: 1 CustomCrossOver-
#2277	NEW    cov: 1656 ft: 6422 corp: 486/2230Kb lim: 65536 exec/s: 1138 rss: 514Mb L: 2/65536 MS: 2 ShuffleBytes-Custom-
#2286	NEW    cov: 1656 ft: 6422 corp: 486/2230Kb lim: 65536 exec/s: 1143 rss: 516Mb L: 14/65536 MS: 7 PersAutoDict-Custom-CustomCrossOver-CopyPart-Custom-CopyPart-Custom- DE: "format"-
#2289	NEW    cov: 1656 ft: 6422 corp: 487/2230Kb lim: 65536 exec/s: 1144 rss: 517Mb L: 2/65536 MS: 5 CustomCrossOver-ChangeBit-Custom-CrossOver-Custom-
#2290	NEW    cov: 1656 ft: 6422 corp: 488/2230Kb lim: 65536 exec/s: 1145 rss: 517Mb L: 6/65536 MS: 1 CustomCrossOver-
#2291	NEW    cov: 1656 ft: 6422 corp: 488/2230Kb lim: 65536 exec/s: 1145 rss: 517Mb L: 13/65536 MS: 2 EraseBytes-Custom-
#2292	NEW    cov: 1656 ft: 6422 corp: 489/2230Kb lim: 65536 exec/s: 1146 rss: 517Mb L: 1/65536 MS: 2 CrossOver-Custom-
#2298	NEW    cov: 1656 ft: 6422 corp: 487/2230Kb lim: 65536 exec/s: 1149 rss: 519Mb L: 8/65536 MS: 1 CustomCrossOver-
#2305	NEW    cov: 1656 ft: 6422 corp: 488/2230Kb lim: 65536 exec/s: 1152 rss: 520Mb L: 8/65536 MS: 4 ManualDict-Custom-EraseBytes-Custom- DE: "logging"-
#2307	NEW    cov: 1656 ft: 6422 corp: 489/2230Kb lim: 65536 exec/s: 1153 rss: 521Mb L: 17/65536 MS: 3 ChangeByte-Custom-CustomCrossOver-
#2308	NEW    cov: 1656 ft: 6422 corp: 489/2230Kb lim: 65536 exec/s: 1154 rss: 521Mb L: 5/65536 MS: 2 ManualDict-Custom- DE: "]]"-
#2309	NEW    cov: 1656 ft: 6422 corp: 490/2230Kb lim: 65536 exec/s: 1154 rss: 521Mb L: 25/65536 MS: 2 ChangeByte-Custom-
#2313	NEW    cov: 1656 ft: 6422 corp: 491/2230Kb lim: 65536 exec/s: 1156 rss: 522Mb L: 2/65536 MS: 7 ChangeByte-Custom-CustomCrossOver-ChangeBit-Custom-ChangeByte-Custom-
#2324	NEW    cov: 1656 ft: 6422 corp: 491/2230Kb lim: 65536 exec/s: 1162 rss: 525Mb L: 3/65536 MS: 1 CustomCrossOver-
#2325	NEW    cov: 1656 ft: 6422 corp: 492/2230Kb lim: 65536 exec/s: 1162 rss: 525Mb L: 2/65536 MS: 1 CustomCrossOver-
#2326	NEW    cov: 1656 ft: 6422 corp: 492/2230Kb lim: 65536 exec/s: 1163 rss: 525Mb L: 2/65536 MS: 1 CustomCrossOver-
#2327	NEW    cov: 1656 ft: 6422 corp: 493/2230Kb lim: 65536 exec/s: 1163 rss: 525Mb L: 16/65536 MS: 1 CustomCrossOver-
#2330	NEW    cov: 1656 ft: 6422 corp: 494/2238Kb lim: 65536 exec/s: 1165 rss: 526Mb L: 8401/65536 MS: 5 ChangeBinInt-Custom-CustomCrossOver-InsertRepeatedBytes-Custom-
#2331	NEW    cov: 1656 ft: 6422 corp: 495/2238Kb lim: 65536 exec/s: 1165 rss: 526Mb L: 1/65536 MS: 1 CustomCrossOver-
#2333	NEW    cov: 1656 ft: 6422 corp: 496/2238Kb lim: 65536 exec/s: 1166 rss: 527Mb L: 3/65536 MS: 4 CopyPart-Custom-ChangeByte-Custom-
#2335	NEW    cov: 1656 ft: 6423 corp: 497/2270Kb lim: 65536 exec/s: 1167 rss: 527Mb L: 32508/65536 MS: 4 CrossOver-Custom-ChangeByte-Custom-
#2342	NEW    cov: 1656 ft: 6423 corp: 498/2270Kb lim: 65536 exec/s: 1171 rss: 528Mb L: 46/65536 MS: 3 CustomCrossOver-InsertRepeatedBytes-Custom-
#2351	NEW    cov: 1656 ft: 6423 corp: 499/2301Kb lim: 65536 exec/s: 1175 rss: 530Mb L: 31938/65536 MS: 8 PersAutoDict-Custom-ChangeBit-Custom-ChangeBinInt-Custom-InsertByte-Custom- DE: "format"-
#2357	NEW    cov: 1656 ft: 6423 corp: 499/2301Kb lim: 65536 exec/s: 1178 rss: 532Mb L: 10/65536 MS: 2 InsertByte-Custom-
#2360	NEW    cov: 1656 ft: 6423 corp: 499/2301Kb lim: 65536 exec/s: 1180 rss: 532Mb L: 60/65536 MS: 4 EraseBytes-Custom-CustomCrossOver-CustomCrossOver-
#2361	NEW    cov: 1656 ft: 6423 corp: 499/2299Kb lim: 65536 exec/s: 1180 rss: 533Mb L: 116/65536 MS: 2 ChangeBinInt-Custom-
#2362	NEW    cov: 1656 ft: 6423 corp: 500/2299Kb lim: 65536 exec/s: 1181 rss: 533Mb L: 2/65536 MS: 2 ChangeBit-Custom-
#2372	NEW    cov: 1656 ft: 6423 corp: 500/2299Kb lim: 65536 exec/s: 1186 rss: 535Mb L: 2/65536 MS: 9 ChangeBit-Custom-ManualDict-Custom-CustomCrossOver-ChangeByte-Custom-ChangeByte-Custom- DE: "<"-
#2378	NEW    cov: 1656 ft: 6423 corp: 501/2299Kb lim: 65536 exec/s: 1189 rss: 537Mb L: 2/65536 MS: 1 CustomCrossOver-
#2390	NEW    cov: 1656 ft: 6423 corp: 502/2299Kb lim: 65536 exec/s: 1195 rss: 539Mb L: 2/65536 MS: 3 InsertByte-Custom-CustomCrossOver-
#2392	NEW    cov: 1656 ft: 6423 corp: 502/2299Kb lim: 65536 exec/s: 1196 rss: 540Mb L: 16/65536 MS: 2 CustomCrossOver-CustomCrossOver-
#2398	NEW    cov: 1656 ft: 6423 corp: 502/2299Kb lim: 65536 exec/s: 1199 rss: 541Mb L: 2/65536 MS: 2 ShuffleBytes-Custom-
#2400	NEW    cov: 1656 ft: 6423 corp: 503/2299Kb lim: 65536 exec/s: 1200 rss: 542Mb L: 5/65536 MS: 2 CustomCrossOver-CustomCrossOver-
#2401	NEW    cov: 1656 ft: 6423 corp: 503/2299Kb lim: 65536 exec/s: 1200 rss: 542Mb L: 8333/65536 MS: 1 CustomCrossOver-
#2402	NEW    cov: 1656 ft: 6423 corp: 503/2299Kb lim: 65536 exec/s: 1201 rss: 542Mb L: 257/65536 MS: 1 CustomCrossOver-
#2411	NEW    cov: 1656 ft: 6423 corp: 504/2299Kb lim: 65536 exec/s: 1205 rss: 544Mb L: 32/65536 MS: 4 CustomCrossOver-CustomCrossOver-CustomCrossOver-CustomCrossOver-
#2412	NEW    cov: 1656 ft: 6423 corp: 505/2299Kb lim: 65536 exec/s: 1206 rss: 544Mb L: 10/65536 MS: 1 CustomCrossOver-
#2418	NEW    cov: 1656 ft: 6423 corp: 505/2299Kb lim: 65536 exec/s: 1209 rss: 546Mb L: 1/65536 MS: 1 CustomCrossOver-
#2423	NEW    cov: 1656 ft: 6424 corp: 506/2300Kb lim: 65536 exec/s: 1211 rss: 547Mb L: 274/65536 MS: 10 ChangeBinInt-Custom-ShuffleBytes-Custom-ChangeBinInt-Custom-ShuffleBytes-Custom-InsertByte-Custom-
#2426	NEW    cov: 1656 ft: 6424 corp: 507/2300Kb lim: 65536 exec/s: 1213 rss: 548Mb L: 29/65536 MS: 5 PersAutoDict-Custom-ChangeBit-Custom-CustomCrossOver- DE: "logging"-
#2431	NEW    cov: 1656 ft: 6424 corp: 508/2300Kb lim: 65536 exec/s: 1215 rss: 549Mb L: 4/65536 MS: 9 CrossOver-Custom-CustomCrossOver-ChangeByte-Custom-ShuffleBytes-Custom-PersAutoDict-Custom- DE: "<"-
#2437	NEW    cov: 1656 ft: 6424 corp: 508/2300Kb lim: 65536 exec/s: 1218 rss: 550Mb L: 2/65536 MS: 1 CustomCrossOver-
#2438	NEW    cov: 1656 ft: 6424 corp: 508/2300Kb lim: 65536 exec/s: 1219 rss: 551Mb L: 6/65536 MS: 2 InsertByte-Custom-
#2441	NEW    cov: 1656 ft: 6425 corp: 508/2300Kb lim: 65536 exec/s: 1220 rss: 552Mb L: 2/65536 MS: 4 ChangeByte-Custom-CustomCrossOver-CustomCrossOver-
#2455	NEW    cov: 1656 ft: 6425 corp: 508/2299Kb lim: 65536 exec/s: 1227 rss: 555Mb L: 7/65536 MS: 7 CustomCrossOver-ManualDict-Custom-ChangeByte-Custom-ShuffleBytes-Custom- DE: "gzip"-
#2461	NEW    cov: 1656 ft: 6425 corp: 509/2299Kb lim: 65536 exec/s: 1230 rss: 556Mb L: 1/65536 MS: 2 EraseBytes-Custom-
#2467	NEW    cov: 1656 ft: 6428 corp: 510/2310Kb lim: 65536 exec/s: 1233 rss: 558Mb L: 10471/65536 MS: 2 EraseBytes-Custom-
#2468	NEW    cov: 1656 ft: 6433 corp: 511/2310Kb lim: 65536 exec/s: 1234 rss: 558Mb L: 265/65536 MS: 2 ManualDict-Custom- DE: "table"-
#2474	NEW    cov: 1656 ft: 6433 corp: 511/2310Kb lim: 65536 exec/s: 1237 rss: 560Mb L: 49/65536 MS: 1 CustomCrossOver-
#2484	NEW    cov: 1656 ft: 6433 corp: 511/2310Kb lim: 65536 exec/s: 1242 rss: 562Mb L: 108/65536 MS: 9 EraseBytes-Custom-ChangeByte-Custom-CopyPart-Custom-PersAutoDict-Custom-CustomCrossOver- DE: "format"-
#2491	NEW    cov: 1656 ft: 6433 corp: 512/2310Kb lim: 65536 exec/s: 1245 rss: 563Mb L: 3/65536 MS: 2 CustomCrossOver-CustomCrossOver-
#2492	NEW    cov: 1656 ft: 6433 corp: 513/2310Kb lim: 65536 exec/s: 1246 rss: 564Mb L: 2/65536 MS: 1 CustomCrossOver-
#2501	NEW    cov: 1656 ft: 6433 corp: 514/2310Kb lim: 65536 exec/s: 1250 rss: 566Mb L: 82/65536 MS: 7 InsertRepeatedBytes-Custom-CrossOver-Custom-CustomCrossOver-CrossOver-Custom-
#2503	NEW    cov: 1656 ft: 6433 corp: 513/2310Kb lim: 65536 exec/s: 1251 rss: 566Mb L: 45/65536 MS: 3 ChangeBinInt-Custom-CustomCrossOver-
#2505	NEW    cov: 1656 ft: 6433 corp: 514/2310Kb lim: 65536 exec/s: 1252 rss: 567Mb L: 20/65536 MS: 4 ManualDict-Custom-CrossOver-Custom- DE: "unpack"-
#2506	NEW    cov: 1656 ft: 6433 corp: 514/2310Kb lim: 65536 exec/s: 1253 rss: 567Mb L: 12/65536 MS: 2 ShuffleBytes-Custom-
#2507	NEW    cov: 1656 ft: 6433 corp: 513/2310Kb lim: 65536 exec/s: 1253 rss: 567Mb L: 2/65536 MS: 1 CustomCrossOver-
#2511	NEW    cov: 1656 ft: 6433 corp: 513/2310Kb lim: 65536 exec/s: 1255 rss: 568Mb L: 259/65536 MS: 6 CMP-Custom-ChangeBit-Custom-CustomCrossOver-CustomCrossOver- DE: "e\000\000\000"-
#2512	NEW    cov: 1656 ft: 6435 corp: 514/2310Kb lim: 65536 exec/s: 1256 rss: 568Mb L: 1/65536 MS: 1 CustomCrossOver-
#2513	NEW    cov: 1656 ft: 6436 corp: 515/2310Kb lim: 65536 exec/s: 1256 rss: 568Mb L: 2/65536 MS: 1 CustomCrossOver-
#2514	NEW    cov: 1656 ft: 6438 corp: 516/2310Kb lim: 65536 exec/s: 1257 rss: 569Mb L: 30/65536 MS: 2 EraseBytes-Custom-
#2518	NEW    cov: 1656 ft: 6443 corp: 516/2310Kb lim: 65536 exec/s: 1259 rss: 570Mb L: 208/65536 MS: 5 CustomCrossOver-ManualDict-Custom-CustomCrossOver-CustomCrossOver- DE: "-1"-
#2519	NEW    cov: 1656 ft: 6446 corp: 515/2303Kb lim: 65536 exec/s: 1259 rss: 570Mb L: 4172/65536 MS: 2 InsertByte-Custom-
#2520	NEW    cov: 1656 ft: 6446 corp: 515/2303Kb lim: 65536 exec/s: 1260 rss: 570Mb L: 1/65536 MS: 1 CustomCrossOver-
#2521	NEW    cov: 1656 ft: 6446 corp: 516/2303Kb lim: 65536 exec/s: 1260 rss: 570Mb L: 2/65536 MS: 1 CustomCrossOver-
#2537	NEW    cov: 1656 ft: 6446 corp: 516/2303Kb lim: 65536 exec/s: 1268 rss: 574Mb L: 15/65536 MS: 1 CustomCrossOver-
#2544	NEW    cov: 1656 ft: 6446 corp: 516/2303Kb lim: 65536 exec/s: 1272 rss: 576Mb L: 35/65536 MS: 2 CustomCrossOver-CustomCrossOver-
#2546	NEW    cov: 1656 ft: 6446 corp: 517/2303Kb lim: 65536 exec/s: 1273 rss: 576Mb L: 1/65536 MS: 4 ChangeByte-Custom-EraseBytes-Custom-
#2547	NEW    cov: 1656 ft: 6446 corp: 518/2303Kb lim: 65536 exec/s: 1273 rss: 576Mb L: 23/65536 MS: 1 CustomCrossOver-
#2559	NEW    cov: 1656 ft: 6446 corp: 517/2303Kb lim: 65536 exec/s: 1279 rss: 578Mb L: 42/65536 MS: 3 CustomCrossOver-CrossOver-Custom-
#2560	NEW    cov: 1656 ft: 6446 corp: 517/2303Kb lim: 65536 exec/s: 1280 rss: 579Mb L: 1/65536 MS: 2 CrossOver-Custom-
#2561	NEW    cov: 1656 ft: 6446 corp: 518/2303Kb lim: 65536 exec/s: 1280 rss: 579Mb L: 5/65536 MS: 2 PersAutoDict-Custom- DE: "gzip"-
#2578	NEW    cov: 1656 ft: 6446 corp: 518/2303Kb lim: 65536 exec/s: 1289 rss: 582Mb L: 67/65536 MS: 2 CustomCrossOver-CustomCrossOver-
#2586	NEW    cov: 1656 ft: 6446 corp: 518/2287Kb lim: 65536 exec/s: 1293 rss: 584Mb L: 8189/65536 MS: 5 CustomCrossOver-CopyPart-Custom-EraseBytes-Custom-
#2587	NEW    cov: 1656 ft: 6446 corp: 519/2287Kb lim: 65536 exec/s: 1293 rss: 584Mb L: 6/65536 MS: 1 CustomCrossOver-
#2592	NEW    cov: 1656 ft: 6446 corp: 520/2319Kb lim: 65536 exec/s: 1296 rss: 586Mb L: 32767/65536 MS: 9 CopyPart-Custom-ChangeBit-Custom-PersAutoDict-Custom-PersAutoDict-Custom-CustomCrossOver- DE: "logging"-"-1"-
#2596	NEW    cov: 1656 ft: 6450 corp: 521/2319Kb lim: 65536 exec/s: 1298 rss: 586Mb L: 44/65536 MS: 8 CMP-Custom-CopyPart-Custom-ChangeBit-Custom-InsertRepeatedBytes-Custom- DE: "\030\000\000\000"-
#2600	NEW    cov: 1656 ft: 6451 corp: 522/2383Kb lim: 65536 exec/s: 1300 rss: 587Mb L: 65284/65536 MS: 6 CustomCrossOver-CrossOver-Custom-CopyPart-Custom-CustomCrossOver-
#2601	NEW    cov: 1656 ft: 6451 corp: 522/2383Kb lim: 65536 exec/s: 1300 rss: 587Mb L: 12/65536 MS: 2 ChangeBinInt-Custom-
#2602	NEW    cov: 1656 ft: 6451 corp: 522/2383Kb lim: 65536 exec/s: 1301 rss: 588Mb L: 22/65536 MS: 2 InsertByte-Custom-
#2605	NEW    cov: 1656 ft: 6451 corp: 522/2381Kb lim: 65536 exec/s: 1302 rss: 588Mb L: 33336/65536 MS: 4 CustomCrossOver-CustomCrossOver-ManualDict-Custom- DE: "\\n"-
#2606	NEW    cov: 1656 ft: 6451 corp: 520/2381Kb lim: 65536 exec/s: 1303 rss: 589Mb L: 6/65536 MS: 1 CustomCrossOver-
#2607	NEW    cov: 1656 ft: 6451 corp: 521/2381Kb lim: 65536 exec/s: 1303 rss: 589Mb L: 1/65536 MS: 2 ChangeByte-Custom-
#2608	NEW    cov: 1656 ft: 6451 corp: 522/2381Kb lim: 65536 exec/s: 1304 rss: 589Mb L: 66/65536 MS: 1 CustomCrossOver-
#2612	NEW    cov: 1656 ft: 6453 corp: 523/2382Kb lim: 65536 exec/s: 1306 rss: 590Mb L: 1023/65536 MS: 6 ManualDict-Custom-InsertByte-Custom-CustomCrossOver-CustomCrossOver- DE: "step"-
#2613	NEW    cov: 1656 ft: 6453 corp: 522/2382Kb lim: 65536 exec/s: 1306 rss: 590Mb L: 2/65536 MS: 1 CustomCrossOver-
#2620	NEW    cov: 1656 ft: 6454 corp: 522/2382Kb lim: 65536 exec/s: 1310 rss: 592Mb L: 2/65536 MS: 3 CustomCrossOver-ChangeBit-Custom-
#2621	NEW    cov: 1656 ft: 6456 corp: 523/2382Kb lim: 65536 exec/s: 1310 rss: 592Mb L: 2/65536 MS: 2 InsertByte-Custom-
#2623	NEW    cov: 1656 ft: 6456 corp: 523/2360Kb lim: 65536 exec/s: 1311 rss: 593Mb L: 9074/65536 MS: 3 CustomCrossOver-CrossOver-Custom-
#2633	NEW    cov: 1656 ft: 6456 corp: 524/2360Kb lim: 65536 exec/s: 1316 rss: 595Mb L: 2/65536 MS: 8 CustomCrossOver-CrossOver-Custom-ShuffleBytes-Custom-CopyPart-Custom-CustomCrossOver-
#2641	NEW    cov: 1656 ft: 6456 corp: 524/2360Kb lim: 65536 exec/s: 1320 rss: 596Mb L: 12/65536 MS: 4 CustomCrossOver-ManualDict-Custom-CustomCrossOver- DE: "references"-
#2647	NEW    cov: 1656 ft: 6456 corp: 523/2360Kb lim: 65536 exec/s: 1323 rss: 598Mb L: 15/65536 MS: 2 ManualDict-Custom- DE: "protect"-
#2648	NEW    cov: 1656 ft: 6456 corp: 523/2360Kb lim: 65536 exec/s: 1324 rss: 598Mb L: 1/65536 MS: 2 CopyPart-Custom-
#2650	NEW    cov: 1656 ft: 6456 corp: 524/2361Kb lim: 65536 exec/s: 1325 rss: 599Mb L: 1705/65536 MS: 2 CustomCrossOver-CustomCrossOver-
#2657	NEW    cov: 1656 ft: 6456 corp: 522/2361Kb lim: 65536 exec/s: 1328 rss: 600Mb L: 18/65536 MS: 3 ChangeBit-Custom-CustomCrossOver-
#2678	NEW    cov: 1656 ft: 6456 corp: 522/2361Kb lim: 65536 exec/s: 1339 rss: 605Mb L: 5/65536 MS: 1 CustomCrossOver-
#2687	NEW    cov: 1656 ft: 6456 corp: 523/2361Kb lim: 65536 exec/s: 1343 rss: 607Mb L: 2/65536 MS: 7 PersAutoDict-Custom-CopyPart-Custom-CMP-Custom-CustomCrossOver- DE: "gzip"-"\001\000\000\000"-
#2691	NEW    cov: 1656 ft: 6456 corp: 524/2361Kb lim: 65536 exec/s: 1345 rss: 608Mb L: 150/65536 MS: 7 CustomCrossOver-ChangeBit-Custom-ChangeBinInt-Custom-InsertRepeatedBytes-Custom-
#2699	NEW    cov: 1656 ft: 6456 corp: 524/2361Kb lim: 65536 exec/s: 1349 rss: 610Mb L: 46/65536 MS: 4 CustomCrossOver-CustomCrossOver-CopyPart-Custom-
#2700	NEW    cov: 1656 ft: 6460 corp: 525/2392Kb lim: 65536 exec/s: 1350 rss: 610Mb L: 31908/65536 MS: 1 CustomCrossOver-
#2741	NEW    cov: 1656 ft: 6460 corp: 525/2392Kb lim: 65536 exec/s: 1370 rss: 620Mb L: 108/65536 MS: 1 CustomCrossOver-
#2742	NEW    cov: 1656 ft: 6460 corp: 525/2392Kb lim: 65536 exec/s: 1371 rss: 620Mb L: 16/65536 MS: 2 ChangeBinInt-Custom-
#2747	NEW    cov: 1656 ft: 6460 corp: 526/2392Kb lim: 65536 exec/s: 1373 rss: 622Mb L: 62/65536 MS: 9 CustomCrossOver-InsertRepeatedBytes-Custom-ChangeByte-Custom-ChangeByte-Custom-PersAutoDict-Custom- DE: "\\n"-
#2763	NEW    cov: 1656 ft: 6460 corp: 526/2392Kb lim: 65536 exec/s: 1381 rss: 625Mb L: 3/65536 MS: 1 CustomCrossOver-
#2774	NEW    cov: 1656 ft: 6460 corp: 527/2392Kb lim: 65536 exec/s: 1387 rss: 628Mb L: 3/65536 MS: 2 InsertByte-Custom-
#2779	NEW    cov: 1656 ft: 6460 corp: 527/2392Kb lim: 65536 exec/s: 1389 rss: 629Mb L: 32/65536 MS: 7 CustomCrossOver-CustomCrossOver-CustomCrossOver-InsertByte-Custom-CrossOver-Custom-
#2781	NEW    cov: 1656 ft: 6460 corp: 527/2374Kb lim: 65536 exec/s: 1390 rss: 629Mb L: 201/65536 MS: 3 ManualDict-Custom-CustomCrossOver- DE: "compress"-
#2790	NEW    cov: 1656 ft: 6463 corp: 528/2374Kb lim: 65536 exec/s: 1395 rss: 631Mb L: 205/65536 MS: 7 InsertByte-Custom-CustomCrossOver-InsertRepeatedBytes-Custom-CopyPart-Custom-
#2796	NEW    cov: 1656 ft: 6463 corp: 527/2374Kb lim: 65536 exec/s: 932 rss: 632Mb L: 2/65536 MS: 1 CustomCrossOver-
#2797	NEW    cov: 1656 ft: 6463 corp: 527/2374Kb lim: 65536 exec/s: 932 rss: 632Mb L: 8/65536 MS: 1 CustomCrossOver-
#2803	NEW    cov: 1656 ft: 6463 corp: 526/2374Kb lim: 65536 exec/s: 934 rss: 634Mb L: 3/65536 MS: 2 CopyPart-Custom-
#2826	NEW    cov: 1656 ft: 6463 corp: 527/2374Kb lim: 65536 exec/s: 942 rss: 638Mb L: 3/65536 MS: 4 CustomCrossOver-CustomCrossOver-ChangeBit-Custom-
#2861	NEW    cov: 1656 ft: 6465 corp: 528/2375Kb lim: 65536 exec/s: 953 rss: 646Mb L: 710/65536 MS: 8 CustomCrossOver-CopyPart-Custom-CustomCrossOver-ChangeBinInt-Custom-ChangeBit-Custom-
#2862	NEW    cov: 1656 ft: 6465 corp: 529/2375Kb lim: 65536 exec/s: 954 rss: 647Mb L: 5/65536 MS: 1 CustomCrossOver-
#2866	NEW    cov: 1656 ft: 6465 corp: 529/2375Kb lim: 65536 exec/s: 955 rss: 647Mb L: 161/65536 MS: 7 CopyPart-Custom-InsertRepeatedBytes-Custom-CMP-Custom-CustomCrossOver- DE: "sol.sol"-
#2877	NEW    cov: 1656 ft: 6466 corp: 530/2383Kb lim: 65536 exec/s: 959 rss: 650Mb L: 8254/65536 MS: 2 EraseBytes-Custom-
#2881	NEW    cov: 1656 ft: 6466 corp: 530/2383Kb lim: 65536 exec/s: 960 rss: 651Mb L: 17/65536 MS: 6 CrossOver-Custom-PersAutoDict-Custom-CustomCrossOver-CustomCrossOver- DE: "sol.sol"-
#2882	NEW    cov: 1656 ft: 6466 corp: 530/2383Kb lim: 65536 exec/s: 960 rss: 651Mb L: 8/65536 MS: 1 CustomCrossOver-
#2901	NEW    cov: 1656 ft: 6466 corp: 529/2383Kb lim: 65536 exec/s: 967 rss: 656Mb L: 32/65536 MS: 8 InsertByte-Custom-PersAutoDict-Custom-ManualDict-Custom-EraseBytes-Custom- DE: "e\000\000\000"-"crc32"-
#2910	NEW    cov: 1656 ft: 6466 corp: 529/2383Kb lim: 65536 exec/s: 970 rss: 658Mb L: 1/65536 MS: 6 CopyPart-Custom-CustomCrossOver-CustomCrossOver-EraseBytes-Custom-
#2936	NEW    cov: 1656 ft: 6468 corp: 527/2381Kb lim: 65536 exec/s: 978 rss: 663Mb L: 41/65536 MS: 2 PersAutoDict-Custom- DE: "\030\000\000\000"-
#2956	NEW    cov: 1656 ft: 6468 corp: 527/2381Kb lim: 65536 exec/s: 985 rss: 667Mb L: 119/65536 MS: 10 InsertRepeatedBytes-Custom-CMP-Custom-PersAutoDict-Custom-PersAutoDict-Custom-CopyPart-Custom- DE: "sol.s"-"gzip"-"e\000\000\000"-
#2960	NEW    cov: 1656 ft: 6470 corp: 528/2382Kb lim: 65536 exec/s: 986 rss: 668Mb L: 283/65536 MS: 6 PersAutoDict-Custom-CustomCrossOver-CustomCrossOver-InsertRepeatedBytes-Custom- DE: "sol.s"-
#2969	NEW    cov: 1656 ft: 6470 corp: 528/2382Kb lim: 65536 exec/s: 989 rss: 670Mb L: 32886/65536 MS: 6 ChangeBit-Custom-CustomCrossOver-CopyPart-Custom-CustomCrossOver-
#2972	NEW    cov: 1656 ft: 6470 corp: 529/2382Kb lim: 65536 exec/s: 990 rss: 671Mb L: 11/65536 MS: 6 EraseBytes-Custom-ChangeBinInt-Custom-CMP-Custom- DE: "0Z\270\036\000\000\000\000"-
#2977	NEW    cov: 1656 ft: 6470 corp: 529/2319Kb lim: 65536 exec/s: 992 rss: 672Mb L: 1125/65536 MS: 10 InsertByte-Custom-InsertRepeatedBytes-Custom-PersAutoDict-Custom-CopyPart-Custom-ManualDict-Custom- DE: "gzip"-"docs"-
#2979	NEW    cov: 1656 ft: 6470 corp: 530/2319Kb lim: 65536 exec/s: 993 rss: 672Mb L: 1/65536 MS: 3 ChangeByte-Custom-CustomCrossOver-
#2987	NEW    cov: 1656 ft: 6470 corp: 530/2319Kb lim: 65536 exec/s: 995 rss: 673Mb L: 4/65536 MS: 5 CrossOver-Custom-CustomCrossOver-CrossOver-Custom-
#2988	NEW    cov: 1656 ft: 6470 corp: 530/2319Kb lim: 65536 exec/s: 996 rss: 673Mb L: 5/65536 MS: 1 CustomCrossOver-
#3004	NEW    cov: 1656 ft: 6470 corp: 530/2319Kb lim: 65536 exec/s: 1001 rss: 676Mb L: 32/65536 MS: 2 ChangeBinInt-Custom-
#3012	NEW    cov: 1656 ft: 6470 corp: 531/2319Kb lim: 65536 exec/s: 1004 rss: 678Mb L: 16/65536 MS: 4 CrossOver-Custom-CustomCrossOver-CustomCrossOver-
#3026	NEW    cov: 1656 ft: 6472 corp: 532/2319Kb lim: 65536 exec/s: 1008 rss: 681Mb L: 7/65536 MS: 5 CustomCrossOver-CustomCrossOver-CMP-Custom-CustomCrossOver- DE: "__gc"-
#3038	NEW    cov: 1656 ft: 6472 corp: 532/2319Kb lim: 65536 exec/s: 1012 rss: 684Mb L: 32884/65536 MS: 2 CustomCrossOver-CustomCrossOver-
#3041	NEW    cov: 1656 ft: 6473 corp: 533/2319Kb lim: 65536 exec/s: 1013 rss: 684Mb L: 32/65536 MS: 6 ManualDict-Custom-ChangeBinInt-Custom-ChangeBinInt-Custom- DE: "999999"-
#3053	NEW    cov: 1656 ft: 6473 corp: 534/2320Kb lim: 65536 exec/s: 1017 rss: 687Mb L: 771/65536 MS: 3 CustomCrossOver-InsertRepeatedBytes-Custom-
#3081	NEW    cov: 1656 ft: 6473 corp: 534/2320Kb lim: 65536 exec/s: 1027 rss: 693Mb L: 4/65536 MS: 5 ShuffleBytes-Custom-CrossOver-Custom-CustomCrossOver-
#3096	NEW    cov: 1656 ft: 6473 corp: 534/2320Kb lim: 65536 exec/s: 1032 rss: 697Mb L: 119/65536 MS: 7 CustomCrossOver-CustomCrossOver-ChangeBinInt-Custom-CopyPart-Custom-CustomCrossOver-
#3099	NEW    cov: 1656 ft: 6473 corp: 534/2320Kb lim: 65536 exec/s: 1033 rss: 697Mb L: 2/65536 MS: 5 InsertRepeatedBytes-Custom-ShuffleBytes-Custom-CustomCrossOver-
#3738	RELOAD cov: 1656 ft: 6585 corp: 559/2308Kb lim: 65536 exec/s: 1246 rss: 833Mb
#3740	NEW    cov: 1656 ft: 6585 corp: 559/2308Kb lim: 65536 exec/s: 1246 rss: 833Mb L: 29/65536 MS: 3 InsertRepeatedBytes-Custom-CustomCrossOver-
#3770	NEW    cov: 1656 ft: 6585 corp: 559/2286Kb lim: 65536 exec/s: 1256 rss: 839Mb L: 2043/65536 MS: 8 ManualDict-Custom-CMP-Custom-ChangeBit-Custom-CustomCrossOver-CustomCrossOver- DE: "pipeline"-"\000\001"-
#3780	NEW    cov: 1656 ft: 6585 corp: 560/2306Kb lim: 65536 exec/s: 945 rss: 841Mb L: 20753/65536 MS: 8 EraseBytes-Custom-CustomCrossOver-CustomCrossOver-CMP-Custom-ShuffleBytes-Custom- DE: "\016\000"-
#3821	NEW    cov: 1656 ft: 6585 corp: 560/2306Kb lim: 65536 exec/s: 955 rss: 850Mb L: 3/65536 MS: 2 ChangeByte-Custom-
#3836	NEW    cov: 1656 ft: 6587 corp: 561/2306Kb lim: 65536 exec/s: 959 rss: 853Mb L: 16/65536 MS: 10 PersAutoDict-Custom-CMP-Custom-EraseBytes-Custom-PersAutoDict-Custom-ChangeByte-Custom- DE: "sol.sol"-"\377\377\377\024"-"docs"-
#3849	NEW    cov: 1656 ft: 6589 corp: 562/2307Kb lim: 65536 exec/s: 962 rss: 856Mb L: 1023/65536 MS: 4 CrossOver-Custom-CustomCrossOver-CustomCrossOver-
#3874	NEW    cov: 1656 ft: 6589 corp: 562/2307Kb lim: 65536 exec/s: 968 rss: 862Mb L: 25/65536 MS: 8 InsertRepeatedBytes-Custom-CustomCrossOver-InsertByte-Custom-ChangeASCIIInt-Custom-CustomCrossOver-
#3900	NEW    cov: 1656 ft: 6589 corp: 562/2307Kb lim: 65536 exec/s: 975 rss: 866Mb L: 6/65536 MS: 2 ChangeByte-Custom-
#3902	NEW    cov: 1656 ft: 6589 corp: 563/2307Kb lim: 65536 exec/s: 975 rss: 866Mb L: 1/65536 MS: 3 InsertRepeatedBytes-Custom-CustomCrossOver-
#3903	NEW    cov: 1656 ft: 6589 corp: 563/2307Kb lim: 65536 exec/s: 975 rss: 867Mb L: 2/65536 MS: 2 CopyPart-Custom-
#3968	NEW    cov: 1656 ft: 6589 corp: 564/2307Kb lim: 65536 exec/s: 992 rss: 881Mb L: 35/65536 MS: 8 CustomCrossOver-InsertRepeatedBytes-Custom-CustomCrossOver-CopyPart-Custom-EraseBytes-Custom-
#3974	NEW    cov: 1656 ft: 6589 corp: 564/2307Kb lim: 65536 exec/s: 993 rss: 882Mb L: 4/65536 MS: 2 ChangeBit-Custom-
#3989	NEW    cov: 1656 ft: 6589 corp: 564/2307Kb lim: 65536 exec/s: 997 rss: 886Mb L: 32/65536 MS: 8 CustomCrossOver-InsertByte-Custom-ChangeBinInt-Custom-CustomCrossOver-EraseBytes-Custom-
#4020	NEW    cov: 1656 ft: 6589 corp: 565/2308Kb lim: 65536 exec/s: 1005 rss: 891Mb L: 1021/65536 MS: 2 ChangeBit-Custom-
#4047	NEW    cov: 1656 ft: 6589 corp: 565/2308Kb lim: 65536 exec/s: 1011 rss: 898Mb L: 149/65536 MS: 4 PersAutoDict-Custom-EraseBytes-Custom- DE: "step"-
#4080	NEW    cov: 1656 ft: 6589 corp: 565/2295Kb lim: 65536 exec/s: 1020 rss: 905Mb L: 1021/65536 MS: 4 InsertRepeatedBytes-Custom-CustomCrossOver-CustomCrossOver-
#4096	pulse  cov: 1656 ft: 6589 corp: 565/2295Kb lim: 65536 exec/s: 1024 rss: 908Mb
#4109	NEW    cov: 1656 ft: 6589 corp: 565/2295Kb lim: 65536 exec/s: 1027 rss: 912Mb L: 50/65536 MS: 8 ChangeBit-Custom-ChangeByte-Custom-PersAutoDict-Custom-ChangeByte-Custom- DE: "pipeline"-
#4142	NEW    cov: 1656 ft: 6589 corp: 565/2295Kb lim: 65536 exec/s: 1035 rss: 919Mb L: 18/65536 MS: 4 CustomCrossOver-PersAutoDict-Custom-CustomCrossOver- DE: "table"-
#4158	NEW    cov: 1656 ft: 6589 corp: 565/2295Kb lim: 65536 exec/s: 1039 rss: 923Mb L: 8/65536 MS: 2 EraseBytes-Custom-
#4159	NEW    cov: 1656 ft: 6589 corp: 565/2295Kb lim: 65536 exec/s: 1039 rss: 923Mb L: 3/65536 MS: 2 InsertByte-Custom-
#4160	NEW    cov: 1656 ft: 6589 corp: 566/2295Kb lim: 65536 exec/s: 1040 rss: 923Mb L: 17/65536 MS: 1 CustomCrossOver-
#4164	NEW    cov: 1656 ft: 6589 corp: 566/2295Kb lim: 65536 exec/s: 1041 rss: 924Mb L: 3/65536 MS: 7 CustomCrossOver-ChangeBit-Custom-ChangeBit-Custom-ChangeBinInt-Custom-
#4199	NEW    cov: 1656 ft: 6589 corp: 567/2295Kb lim: 65536 exec/s: 1049 rss: 932Mb L: 3/65536 MS: 9 CopyPart-Custom-ChangeBinInt-Custom-InsertRepeatedBytes-Custom-InsertByte-Custom-CustomCrossOver-
#4220	NEW    cov: 1656 ft: 6590 corp: 568/2297Kb lim: 65536 exec/s: 1055 rss: 936Mb L: 2194/65536 MS: 2 CopyPart-Custom-
#4227	NEW    cov: 1656 ft: 6591 corp: 567/2296Kb lim: 65536 exec/s: 1056 rss: 938Mb L: 143/65536 MS: 4 ChangeBinInt-Custom-InsertRepeatedBytes-Custom-
#4282	NEW    cov: 1656 ft: 6593 corp: 568/2296Kb lim: 65536 exec/s: 1070 rss: 950Mb L: 103/65536 MS: 7 PersAutoDict-Custom-CustomCrossOver-CustomCrossOver-CustomCrossOver-CMP-Custom- DE: "unpack"-"\000\000\000\000\036\270ZT"-
#4283	NEW    cov: 1656 ft: 6593 corp: 569/2296Kb lim: 65536 exec/s: 1070 rss: 950Mb L: 9/65536 MS: 1 CustomCrossOver-
#4284	NEW    cov: 1656 ft: 6593 corp: 569/2296Kb lim: 65536 exec/s: 1071 rss: 950Mb L: 6/65536 MS: 2 ChangeBit-Custom-
#4287	NEW    cov: 1656 ft: 6593 corp: 570/2306Kb lim: 65536 exec/s: 1071 rss: 951Mb L: 9968/65536 MS: 4 CustomCrossOver-CustomCrossOver-CopyPart-Custom-
#4293	NEW    cov: 1656 ft: 6594 corp: 571/2308Kb lim: 65536 exec/s: 1073 rss: 951Mb L: 2047/65536 MS: 1 CustomCrossOver-
#4341	NEW    cov: 1656 ft: 6594 corp: 571/2305Kb lim: 65536 exec/s: 1085 rss: 962Mb L: 5550/65536 MS: 6 PersAutoDict-Custom-ManualDict-Custom-ManualDict-Custom- DE: "]]"-"parallel"-"failures"-
#4342	NEW    cov: 1656 ft: 6594 corp: 572/2329Kb lim: 65536 exec/s: 1085 rss: 962Mb L: 24061/65536 MS: 2 InsertRepeatedBytes-Custom-
#4413	NEW    cov: 1656 ft: 6594 corp: 573/2329Kb lim: 65536 exec/s: 1103 rss: 978Mb L: 1/65536 MS: 1 CustomCrossOver-
#4436	NEW    cov: 1656 ft: 6594 corp: 573/2329Kb lim: 65536 exec/s: 1109 rss: 982Mb L: 58/65536 MS: 4 CustomCrossOver-ChangeByte-Custom-CustomCrossOver-
#4457	NEW    cov: 1656 ft: 6594 corp: 573/2329Kb lim: 65536 exec/s: 1114 rss: 987Mb L: 2/65536 MS: 1 CustomCrossOver-
#4469	NEW    cov: 1656 ft: 6595 corp: 573/2329Kb lim: 65536 exec/s: 1117 rss: 989Mb L: 1/65536 MS: 3 PersAutoDict-Custom-CustomCrossOver- DE: "gzip"-
#4470	NEW    cov: 1656 ft: 6596 corp: 574/2389Kb lim: 65536 exec/s: 1117 rss: 989Mb L: 61548/65536 MS: 2 PersAutoDict-Custom- DE: "\030\000\000\000"-
#4476	NEW    cov: 1656 ft: 6596 corp: 575/2389Kb lim: 65536 exec/s: 1119 rss: 991Mb L: 249/65536 MS: 2 CopyPart-Custom-
#4482	NEW    cov: 1656 ft: 6596 corp: 574/2389Kb lim: 65536 exec/s: 1120 rss: 992Mb L: 24/65536 MS: 2 InsertRepeatedBytes-Custom-
#4513	NEW    cov: 1656 ft: 6596 corp: 574/2389Kb lim: 65536 exec/s: 1128 rss: 999Mb L: 2/65536 MS: 2 ChangeBit-Custom-
#4521	NEW    cov: 1656 ft: 6596 corp: 574/2389Kb lim: 65536 exec/s: 1130 rss: 1001Mb L: 52/65536 MS: 4 CustomCrossOver-EraseBytes-Custom-CustomCrossOver-
#4550	NEW    cov: 1656 ft: 6596 corp: 574/2366Kb lim: 65536 exec/s: 1137 rss: 1008Mb L: 37943/65536 MS: 7 CopyPart-Custom-CustomCrossOver-CrossOver-Custom-CopyPart-Custom-
#4643	NEW    cov: 1656 ft: 6596 corp: 574/2366Kb lim: 65536 exec/s: 1160 rss: 1028Mb L: 2/65536 MS: 4 ShuffleBytes-Custom-CustomCrossOver-CustomCrossOver-
#4649	NEW    cov: 1656 ft: 6596 corp: 573/2366Kb lim: 65536 exec/s: 1162 rss: 1030Mb L: 2/65536 MS: 2 ShuffleBytes-Custom-
#4661	NEW    cov: 1656 ft: 6596 corp: 573/2366Kb lim: 65536 exec/s: 1165 rss: 1032Mb L: 36/65536 MS: 3 CustomCrossOver-ManualDict-Custom- DE: "HOME"-
#5119	RELOAD cov: 1656 ft: 6621 corp: 587/2270Kb lim: 65536 exec/s: 1023 rss: 1131Mb
#5137	NEW    cov: 1656 ft: 6621 corp: 587/2270Kb lim: 65536 exec/s: 1027 rss: 1133Mb L: 2/65536 MS: 4 ChangeBit-Custom-CustomCrossOver-CustomCrossOver-
#5139	NEW    cov: 1656 ft: 6622 corp: 588/2270Kb lim: 65536 exec/s: 1027 rss: 1134Mb L: 201/65536 MS: 3 CustomCrossOver-ChangeByte-Custom-
#5239	NEW    cov: 1656 ft: 6622 corp: 588/2265Kb lim: 65536 exec/s: 1047 rss: 1156Mb L: 131/65536 MS: 10 PersAutoDict-Custom-InsertByte-Custom-ManualDict-Custom-CopyPart-Custom-ChangeBinInt-Custom- DE: "\030\000\000\000"-"colors"-
#5269	NEW    cov: 1656 ft: 6622 corp: 588/2265Kb lim: 65536 exec/s: 1053 rss: 1163Mb L: 2/65536 MS: 7 ChangeBinInt-Custom-CustomCrossOver-CustomCrossOver-CrossOver-Custom-CustomCrossOver-
#5318	NEW    cov: 1656 ft: 6623 corp: 589/2265Kb lim: 65536 exec/s: 1063 rss: 1172Mb L: 2/65536 MS: 6 ChangeByte-Custom-CustomCrossOver-ChangeByte-Custom-CustomCrossOver-
#5347	NEW    cov: 1656 ft: 6623 corp: 590/2265Kb lim: 65536 exec/s: 1069 rss: 1179Mb L: 19/65536 MS: 8 EraseBytes-Custom-PersAutoDict-Custom-PersAutoDict-Custom-InsertByte-Custom- DE: "\001\000\000\000"-"step"-
#5380	NEW    cov: 1656 ft: 6623 corp: 590/2265Kb lim: 65536 exec/s: 1076 rss: 1185Mb L: 4/65536 MS: 4 CustomCrossOver-ChangeByte-Custom-CustomCrossOver-
#5436	NEW    cov: 1656 ft: 6623 corp: 590/2265Kb lim: 65536 exec/s: 1087 rss: 1198Mb L: 18/65536 MS: 1 CustomCrossOver-
#5437	NEW    cov: 1656 ft: 6623 corp: 591/2265Kb lim: 65536 exec/s: 1087 rss: 1198Mb L: 1/65536 MS: 1 CustomCrossOver-
#5480	NEW    cov: 1656 ft: 6623 corp: 591/2265Kb lim: 65536 exec/s: 1096 rss: 1207Mb L: 8/65536 MS: 5 CrossOver-Custom-CustomCrossOver-EraseBytes-Custom-
#5486	NEW    cov: 1656 ft: 6623 corp: 591/2265Kb lim: 65536 exec/s: 1097 rss: 1208Mb L: 1/65536 MS: 2 EraseBytes-Custom-
#5497	NEW    cov: 1656 ft: 6623 corp: 592/2265Kb lim: 65536 exec/s: 1099 rss: 1210Mb L: 1/65536 MS: 2 ChangeBit-Custom-
#5528	NEW    cov: 1656 ft: 6623 corp: 592/2265Kb lim: 65536 exec/s: 1105 rss: 1217Mb L: 2/65536 MS: 1 CustomCrossOver-
#5548	NEW    cov: 1656 ft: 6624 corp: 593/2287Kb lim: 65536 exec/s: 1109 rss: 1222Mb L: 22433/65536 MS: 8 CustomCrossOver-EraseBytes-Custom-CustomCrossOver-CrossOver-Custom-CopyPart-Custom-
#5551	NEW    cov: 1656 ft: 6625 corp: 594/2287Kb lim: 65536 exec/s: 1110 rss: 1223Mb L: 146/65536 MS: 6 InsertByte-Custom-InsertRepeatedBytes-Custom-ManualDict-Custom- DE: "summary"-
#5622	NEW    cov: 1656 ft: 6625 corp: 594/2287Kb lim: 65536 exec/s: 1124 rss: 1237Mb L: 16/65536 MS: 2 ChangeBit-Custom-
#5623	NEW    cov: 1656 ft: 6625 corp: 594/2285Kb lim: 65536 exec/s: 1124 rss: 1238Mb L: 26/65536 MS: 2 ChangeByte-Custom-
#5690	NEW    cov: 1656 ft: 6625 corp: 594/2285Kb lim: 65536 exec/s: 1138 rss: 1252Mb L: 49/65536 MS: 4 InsertRepeatedBytes-Custom-ChangeBit-Custom-
#5695	NEW    cov: 1656 ft: 6625 corp: 594/2285Kb lim: 65536 exec/s: 949 rss: 1253Mb L: 25/65536 MS: 10 CopyPart-Custom-InsertByte-Custom-InsertByte-Custom-PersAutoDict-Custom-CopyPart-Custom- DE: "format"-
#5698	NEW    cov: 1656 ft: 6625 corp: 595/2285Kb lim: 65536 exec/s: 949 rss: 1254Mb L: 36/65536 MS: 4 CustomCrossOver-CustomCrossOver-InsertByte-Custom-
#5886	NEW    cov: 1656 ft: 6626 corp: 596/2285Kb lim: 65536 exec/s: 981 rss: 1295Mb L: 49/65536 MS: 4 CustomCrossOver-CustomCrossOver-CrossOver-Custom-
#5902	NEW    cov: 1656 ft: 6626 corp: 596/2285Kb lim: 65536 exec/s: 983 rss: 1298Mb L: 48/65536 MS: 2 InsertRepeatedBytes-Custom-
#5908	NEW    cov: 1656 ft: 6626 corp: 596/2285Kb lim: 65536 exec/s: 984 rss: 1299Mb L: 2/65536 MS: 1 CustomCrossOver-
#5919	NEW    cov: 1656 ft: 6626 corp: 595/2285Kb lim: 65536 exec/s: 986 rss: 1302Mb L: 5/65536 MS: 1 CustomCrossOver-
#5932	NEW    cov: 1656 ft: 6626 corp: 594/2285Kb lim: 65536 exec/s: 988 rss: 1305Mb L: 51/65536 MS: 6 CopyPart-Custom-PersAutoDict-Custom-EraseBytes-Custom- DE: "crc32"-
#5960	NEW    cov: 1656 ft: 6626 corp: 594/2285Kb lim: 65536 exec/s: 993 rss: 1311Mb L: 2/65536 MS: 6 ShuffleBytes-Custom-ChangeByte-Custom-EraseBytes-Custom-
#6036	NEW    cov: 1656 ft: 6626 corp: 595/2285Kb lim: 65536 exec/s: 1006 rss: 1328Mb L: 8/65536 MS: 2 CrossOver-Custom-
#6037	NEW    cov: 1656 ft: 6626 corp: 595/2285Kb lim: 65536 exec/s: 1006 rss: 1328Mb L: 1/65536 MS: 2 ChangeByte-Custom-
#6058	NEW    cov: 1656 ft: 6626 corp: 595/2285Kb lim: 65536 exec/s: 1009 rss: 1333Mb L: 1/65536 MS: 2 EraseBytes-Custom-
	NEW_FUNC[1/3]: 0x000000503470 in std::vector<beez::core::WorkflowStage, std::allocator<beez::core::WorkflowStage>>::size() const /usr/bin/../lib/gcc/x86_64-redhat-linux/16/../../../../include/c++/16/bits/stl_vector.h:1108
	NEW_FUNC[2/3]: 0x0000005038e0 in std::__detail::_Node_const_iterator<std::pair<std::__cxx11::basic_string<char, std::char_traits<char>, std::allocator<char>> const, beez::core::Workflow>, false, true>::operator++() /usr/bin/../lib/gcc/x86_64-redhat-linux/16/../../../../include/c++/16/bits/hashtable_policy.h:506
#6344	RELOAD cov: 1682 ft: 6740 corp: 598/2297Kb lim: 65536 exec/s: 1057 rss: 1396Mb
#6453	NEW    cov: 1682 ft: 6740 corp: 599/2297Kb lim: 65536 exec/s: 1075 rss: 1420Mb L: 2/65536 MS: 7 CMP-Custom-ShuffleBytes-Custom-PersAutoDict-Custom-CustomCrossOver- DE: "\001\000\000\000"-"colors"-
#6454	NEW    cov: 1682 ft: 6745 corp: 600/2297Kb lim: 65536 exec/s: 1075 rss: 1420Mb L: 2/65536 MS: 1 CustomCrossOver-
#6507	NEW    cov: 1682 ft: 6745 corp: 601/2297Kb lim: 65536 exec/s: 929 rss: 1432Mb L: 17/65536 MS: 6 PersAutoDict-Custom-ChangeByte-Custom-CopyPart-Custom- DE: "compress"-
#6518	NEW    cov: 1682 ft: 6745 corp: 601/2297Kb lim: 65536 exec/s: 931 rss: 1434Mb L: 17/65536 MS: 2 InsertByte-Custom-
#6520	NEW    cov: 1682 ft: 6745 corp: 601/2260Kb lim: 65536 exec/s: 931 rss: 1435Mb L: 528/65536 MS: 4 CMP-Custom-ShuffleBytes-Custom- DE: "compress"-
#6531	NEW    cov: 1682 ft: 6746 corp: 602/2261Kb lim: 65536 exec/s: 933 rss: 1437Mb L: 257/65536 MS: 1 CustomCrossOver-
#6532	NEW    cov: 1682 ft: 6746 corp: 602/2260Kb lim: 65536 exec/s: 933 rss: 1437Mb L: 19/65536 MS: 2 PersAutoDict-Custom- DE: "\000\000\000\000\036\270ZT"-
#6538	NEW    cov: 1682 ft: 6746 corp: 602/2260Kb lim: 65536 exec/s: 934 rss: 1437Mb L: 9/65536 MS: 1 CustomCrossOver-
#6609	NEW    cov: 1682 ft: 6746 corp: 602/2260Kb lim: 65536 exec/s: 944 rss: 1451Mb L: 35/65536 MS: 1 CustomCrossOver-
#6632	NEW    cov: 1682 ft: 6748 corp: 603/2260Kb lim: 65536 exec/s: 947 rss: 1455Mb L: 106/65536 MS: 6 InsertByte-Custom-InsertRepeatedBytes-Custom-CopyPart-Custom-
#6649	NEW    cov: 1682 ft: 6748 corp: 603/2260Kb lim: 65536 exec/s: 949 rss: 1459Mb L: 80/65536 MS: 4 InsertRepeatedBytes-Custom-ChangeByte-Custom-
#6814	NEW    cov: 1682 ft: 6748 corp: 603/2260Kb lim: 65536 exec/s: 973 rss: 1496Mb L: 18/65536 MS: 9 ManualDict-Custom-InsertByte-Custom-InsertRepeatedBytes-Custom-InsertByte-Custom-CustomCrossOver- DE: "does-not-exist"-
#6885	NEW    cov: 1682 ft: 6748 corp: 603/2260Kb lim: 65536 exec/s: 983 rss: 1510Mb L: 1/65536 MS: 2 ChangeByte-Custom-
#6901	NEW    cov: 1682 ft: 6748 corp: 603/2260Kb lim: 65536 exec/s: 985 rss: 1513Mb L: 8/65536 MS: 2 InsertByte-Custom-
#6905	NEW    cov: 1682 ft: 6750 corp: 603/2253Kb lim: 65536 exec/s: 986 rss: 1514Mb L: 1594/65536 MS: 8 CopyPart-Custom-InsertRepeatedBytes-Custom-ChangeByte-Custom-InsertRepeatedBytes-Custom-
#6916	NEW    cov: 1682 ft: 6752 corp: 604/2257Kb lim: 65536 exec/s: 988 rss: 1516Mb L: 4097/65536 MS: 1 CustomCrossOver-
#6917	NEW    cov: 1682 ft: 6753 corp: 604/2197Kb lim: 65536 exec/s: 988 rss: 1516Mb L: 4096/65536 MS: 2 ChangeBit-Custom-
#6918	NEW    cov: 1682 ft: 6753 corp: 604/2197Kb lim: 65536 exec/s: 988 rss: 1517Mb L: 26/65536 MS: 2 CopyPart-Custom-
#6953	NEW    cov: 1682 ft: 6754 corp: 605/2201Kb lim: 65536 exec/s: 993 rss: 1523Mb L: 3617/65536 MS: 10 ChangeByte-Custom-PersAutoDict-Custom-CopyPart-Custom-ChangeByte-Custom-ShuffleBytes-Custom- DE: "\030\000\000\000"-
#6974	NEW    cov: 1682 ft: 6754 corp: 606/2201Kb lim: 65536 exec/s: 996 rss: 1528Mb L: 532/65536 MS: 2 PersAutoDict-Custom- DE: "docs"-
#7022	NEW    cov: 1682 ft: 6754 corp: 606/2201Kb lim: 65536 exec/s: 1003 rss: 1538Mb L: 6/65536 MS: 4 ChangeASCIIInt-Custom-CustomCrossOver-CustomCrossOver-
#7137	NEW    cov: 1682 ft: 6754 corp: 607/2201Kb lim: 65536 exec/s: 1019 rss: 1563Mb L: 31/65536 MS: 10 InsertByte-Custom-ShuffleBytes-Custom-ChangeByte-Custom-EraseBytes-Custom-ChangeBit-Custom-
#7189	NEW    cov: 1682 ft: 6761 corp: 608/2223Kb lim: 65536 exec/s: 1027 rss: 1575Mb L: 22433/65536 MS: 3 InsertByte-Custom-CustomCrossOver-
#7232	NEW    cov: 1682 ft: 6761 corp: 609/2223Kb lim: 65536 exec/s: 1033 rss: 1583Mb L: 53/65536 MS: 6 ChangeBinInt-Custom-EraseBytes-Custom-InsertRepeatedBytes-Custom-
#7270	NEW    cov: 1682 ft: 6761 corp: 610/2223Kb lim: 65536 exec/s: 1038 rss: 1592Mb L: 19/65536 MS: 6 ChangeByte-Custom-InsertByte-Custom-ChangeBinInt-Custom-
#7271	NEW    cov: 1682 ft: 6761 corp: 611/2223Kb lim: 65536 exec/s: 1038 rss: 1592Mb L: 3/65536 MS: 2 ChangeByte-Custom-
#7272	NEW    cov: 1682 ft: 6761 corp: 612/2223Kb lim: 65536 exec/s: 1038 rss: 1592Mb L: 7/65536 MS: 2 ManualDict-Custom- DE: "flags"-
#7274	NEW    cov: 1682 ft: 6761 corp: 611/2222Kb lim: 65536 exec/s: 1039 rss: 1593Mb L: 4/65536 MS: 2 CustomCrossOver-CustomCrossOver-
#7290	NEW    cov: 1682 ft: 6762 corp: 611/2222Kb lim: 65536 exec/s: 1041 rss: 1595Mb L: 2/65536 MS: 2 CopyPart-Custom-
#7325	NEW    cov: 1682 ft: 6762 corp: 611/2222Kb lim: 65536 exec/s: 1046 rss: 1603Mb L: 21/65536 MS: 7 ChangeBit-Custom-CustomCrossOver-CustomCrossOver-CustomCrossOver-InsertRepeatedBytes-Custom-
#7329	NEW    cov: 1682 ft: 6762 corp: 612/2224Kb lim: 65536 exec/s: 1047 rss: 1604Mb L: 1736/65536 MS: 8 EraseBytes-Custom-ManualDict-Custom-ChangeBit-Custom-ChangeBinInt-Custom- DE: "mmap_hashing_min_bytes"-
#7605	RELOAD cov: 1682 ft: 6927 corp: 620/2218Kb lim: 65536 exec/s: 950 rss: 1664Mb
#7668	NEW    cov: 1682 ft: 6927 corp: 620/2218Kb lim: 65536 exec/s: 958 rss: 1676Mb L: 30/65536 MS: 5 CustomCrossOver-EraseBytes-Custom-PersAutoDict-Custom- DE: "table"-
#7669	NEW    cov: 1682 ft: 6927 corp: 620/2217Kb lim: 65536 exec/s: 958 rss: 1676Mb L: 32/65536 MS: 1 CustomCrossOver-
#7747	NEW    cov: 1682 ft: 6927 corp: 621/2217Kb lim: 65536 exec/s: 968 rss: 1693Mb L: 3/65536 MS: 6 InsertByte-Custom-ChangeByte-Custom-ChangeByte-Custom-
#7809	NEW    cov: 1682 ft: 6927 corp: 621/2217Kb lim: 65536 exec/s: 976 rss: 1707Mb L: 2/65536 MS: 4 ShuffleBytes-Custom-InsertByte-Custom-
#7850	NEW    cov: 1682 ft: 6927 corp: 621/2217Kb lim: 65536 exec/s: 981 rss: 1716Mb L: 17/65536 MS: 2 ShuffleBytes-Custom-
#7876	NEW    cov: 1682 ft: 6927 corp: 622/2217Kb lim: 65536 exec/s: 984 rss: 1722Mb L: 2/65536 MS: 1 CustomCrossOver-
#7912	NEW    cov: 1682 ft: 6927 corp: 622/2212Kb lim: 65536 exec/s: 989 rss: 1729Mb L: 119/65536 MS: 2 CopyPart-Custom-
#8048	NEW    cov: 1682 ft: 6928 corp: 623/2212Kb lim: 65536 exec/s: 1006 rss: 1759Mb L: 32/65536 MS: 2 ChangeBinInt-Custom-
#8053	NEW    cov: 1682 ft: 6928 corp: 623/2212Kb lim: 65536 exec/s: 1006 rss: 1760Mb L: 16386/65536 MS: 8 CrossOver-Custom-CustomCrossOver-ShuffleBytes-Custom-CustomCrossOver-CrossOver-Custom-
#8059	NEW    cov: 1682 ft: 6928 corp: 623/2212Kb lim: 65536 exec/s: 1007 rss: 1761Mb L: 32/65536 MS: 2 EraseBytes-Custom-
#8192	pulse  cov: 1682 ft: 6928 corp: 623/2212Kb lim: 65536 exec/s: 1024 rss: 1789Mb
#8210	NEW    cov: 1682 ft: 6937 corp: 624/2212Kb lim: 65536 exec/s: 1026 rss: 1792Mb L: 2/65536 MS: 2 CrossOver-Custom-
#8452	NEW    cov: 1682 ft: 6938 corp: 625/2213Kb lim: 65536 exec/s: 939 rss: 1847Mb L: 1037/65536 MS: 3 CustomCrossOver-ShuffleBytes-Custom-
#8483	NEW    cov: 1682 ft: 6938 corp: 625/2213Kb lim: 65536 exec/s: 942 rss: 1854Mb L: 2/65536 MS: 2 ShuffleBytes-Custom-
#8706	RELOAD cov: 1682 ft: 6938 corp: 624/2203Kb lim: 65536 exec/s: 967 rss: 1902Mb
#8709	NEW    cov: 1682 ft: 6938 corp: 624/2172Kb lim: 65536 exec/s: 967 rss: 1902Mb L: 15/65536 MS: 6 ChangeBit-Custom-ManualDict-Custom-ManualDict-Custom- DE: "wait"-"]"-
#9059	NEW    cov: 1682 ft: 6939 corp: 625/2172Kb lim: 65536 exec/s: 1006 rss: 1975Mb L: 12/65536 MS: 8 CMP-Custom-CustomCrossOver-CMP-Custom-CustomCrossOver-ChangeByte-Custom- DE: "sol.so"-"\000\000\000\200"-
#9123	NEW    cov: 1682 ft: 6939 corp: 626/2172Kb lim: 65536 exec/s: 1013 rss: 1990Mb L: 45/65536 MS: 8 ChangeByte-Custom-InsertRepeatedBytes-Custom-ChangeBit-Custom-CMP-Custom- DE: "\001\000\000\000\000\000\000\011"-
#9168	NEW    cov: 1682 ft: 6939 corp: 626/2172Kb lim: 65536 exec/s: 1018 rss: 2001Mb L: 17/65536 MS: 9 ShuffleBytes-Custom-CMP-Custom-ShuffleBytes-Custom-ChangeBit-Custom-CustomCrossOver- DE: "\000\000\000\000\000\000\000\000"-
#9265	NEW    cov: 1682 ft: 6939 corp: 626/2172Kb lim: 65536 exec/s: 1029 rss: 2021Mb L: 2/65536 MS: 4 EraseBytes-Custom-InsertByte-Custom-
#9358	NEW    cov: 1682 ft: 6939 corp: 626/2172Kb lim: 65536 exec/s: 1039 rss: 2042Mb L: 2/65536 MS: 4 InsertByte-Custom-CustomCrossOver-CustomCrossOver-
#9378	NEW    cov: 1682 ft: 6939 corp: 626/2172Kb lim: 65536 exec/s: 1042 rss: 2046Mb L: 1/65536 MS: 8 PersAutoDict-Custom-ShuffleBytes-Custom-CustomCrossOver-PersAutoDict-Custom-CustomCrossOver- DE: "mmap_hashing_min_bytes"-"colors"-
#9466	NEW    cov: 1682 ft: 6939 corp: 626/2172Kb lim: 65536 exec/s: 946 rss: 2067Mb L: 64/65536 MS: 4 CustomCrossOver-CustomCrossOver-CopyPart-Custom-
#9491	NEW    cov: 1682 ft: 6939 corp: 626/2172Kb lim: 65536 exec/s: 949 rss: 2073Mb L: 24/65536 MS: 8 ManualDict-Custom-CrossOver-Custom-CustomCrossOver-ChangeBit-Custom-CustomCrossOver- DE: "summary"-
#9493	NEW    cov: 1682 ft: 6939 corp: 626/2172Kb lim: 65536 exec/s: 949 rss: 2073Mb L: 20/65536 MS: 3 CustomCrossOver-ShuffleBytes-Custom-
#9521	NEW    cov: 1682 ft: 6939 corp: 626/2172Kb lim: 65536 exec/s: 952 rss: 2079Mb L: 1/65536 MS: 6 ChangeByte-Custom-ChangeByte-Custom-EraseBytes-Custom-
#9552	NEW    cov: 1682 ft: 6939 corp: 626/2172Kb lim: 65536 exec/s: 955 rss: 2085Mb L: 32/65536 MS: 2 InsertRepeatedBytes-Custom-
#9624	NEW    cov: 1682 ft: 6939 corp: 627/2172Kb lim: 65536 exec/s: 962 rss: 2100Mb L: 35/65536 MS: 4 EraseBytes-Custom-CMP-Custom- DE: "\000\017"-
#9632	NEW    cov: 1682 ft: 6939 corp: 627/2172Kb lim: 65536 exec/s: 963 rss: 2102Mb L: 2/65536 MS: 6 EraseBytes-Custom-CopyPart-Custom-ChangeBit-Custom-
#9649	NEW    cov: 1682 ft: 6941 corp: 628/2174Kb lim: 65536 exec/s: 964 rss: 2105Mb L: 2111/65536 MS: 3 CustomCrossOver-CrossOver-Custom-
#9674	NEW    cov: 1682 ft: 6944 corp: 629/2174Kb lim: 65536 exec/s: 967 rss: 2111Mb L: 16/65536 MS: 6 CustomCrossOver-CustomCrossOver-CustomCrossOver-InsertRepeatedBytes-Custom-CustomCrossOver-
#9823	RELOAD cov: 1682 ft: 6944 corp: 628/2142Kb lim: 65536 exec/s: 982 rss: 2144Mb
#9876	NEW    cov: 1682 ft: 6945 corp: 629/2142Kb lim: 65536 exec/s: 987 rss: 2155Mb L: 516/65536 MS: 4 CustomCrossOver-CustomCrossOver-CrossOver-Custom-
#9892	NEW    cov: 1682 ft: 6945 corp: 628/2126Kb lim: 65536 exec/s: 989 rss: 2158Mb L: 16540/65536 MS: 2 ChangeASCIIInt-Custom-
#9951	NEW    cov: 1682 ft: 6945 corp: 628/2126Kb lim: 65536 exec/s: 995 rss: 2171Mb L: 514/65536 MS: 6 CustomCrossOver-InsertByte-Custom-ChangeBinInt-Custom-CustomCrossOver-
#9998	NEW    cov: 1682 ft: 6945 corp: 628/2126Kb lim: 65536 exec/s: 999 rss: 2181Mb L: 25/65536 MS: 4 InsertRepeatedBytes-Custom-CrossOver-Custom-
#10004	NEW    cov: 1682 ft: 6945 corp: 628/2098Kb lim: 65536 exec/s: 1000 rss: 2182Mb L: 4097/65536 MS: 2 ShuffleBytes-Custom-
#10070	NEW    cov: 1682 ft: 6945 corp: 628/2077Kb lim: 65536 exec/s: 1007 rss: 2197Mb L: 1023/65536 MS: 1 CustomCrossOver-
#10126	NEW    cov: 1682 ft: 6945 corp: 628/2077Kb lim: 65536 exec/s: 1012 rss: 2209Mb L: 24/65536 MS: 2 ShuffleBytes-Custom-
#10132	NEW    cov: 1682 ft: 6945 corp: 628/2077Kb lim: 65536 exec/s: 1013 rss: 2210Mb L: 17/65536 MS: 2 ChangeByte-Custom-
#10141	NEW    cov: 1682 ft: 6947 corp: 629/2077Kb lim: 65536 exec/s: 1014 rss: 2212Mb L: 97/65536 MS: 8 InsertRepeatedBytes-Custom-CMP-Custom-ShuffleBytes-Custom-CMP-Custom- DE: "\001\011"-"\377\377\377\377\377\377\377\037"-
#10235	NEW    cov: 1682 ft: 6947 corp: 629/2077Kb lim: 65536 exec/s: 1023 rss: 2232Mb L: 16/65536 MS: 8 ManualDict-Custom-EraseBytes-Custom-ChangeByte-Custom-InsertByte-Custom- DE: "list"-
#10253	NEW    cov: 1682 ft: 6947 corp: 629/2073Kb lim: 65536 exec/s: 1025 rss: 2235Mb L: 166/65536 MS: 5 CustomCrossOver-ChangeByte-Custom-CrossOver-Custom-
#10394	NEW    cov: 1682 ft: 6947 corp: 629/2072Kb lim: 65536 exec/s: 944 rss: 2263Mb L: 37/65536 MS: 2 InsertByte-Custom-
#10546	NEW    cov: 1682 ft: 6951 corp: 630/2085Kb lim: 65536 exec/s: 958 rss: 2297Mb L: 13226/65536 MS: 4 CopyPart-Custom-PersAutoDict-Custom- DE: "compress"-
#10592	NEW    cov: 1682 ft: 6951 corp: 630/2085Kb lim: 65536 exec/s: 962 rss: 2305Mb L: 18/65536 MS: 2 ManualDict-Custom- DE: "\\n"-
#10793	NEW    cov: 1682 ft: 6952 corp: 631/2117Kb lim: 65536 exec/s: 981 rss: 2348Mb L: 33336/65536 MS: 2 ChangeASCIIInt-Custom-
#10979	RELOAD cov: 1682 ft: 6953 corp: 637/2142Kb lim: 65536 exec/s: 998 rss: 2388Mb
#11134	NEW    cov: 1682 ft: 6953 corp: 636/2141Kb lim: 65536 exec/s: 1012 rss: 2423Mb L: 29/65536 MS: 9 CustomCrossOver-CopyPart-Custom-CrossOver-Custom-EraseBytes-Custom-InsertRepeatedBytes-Custom-
#11140	NEW    cov: 1682 ft: 6953 corp: 637/2149Kb lim: 65536 exec/s: 1012 rss: 2424Mb L: 8189/65536 MS: 1 CustomCrossOver-
#11163	NEW    cov: 1682 ft: 6953 corp: 637/2139Kb lim: 65536 exec/s: 1014 rss: 2429Mb L: 22846/65536 MS: 6 ChangeBit-Custom-CopyPart-Custom-EraseBytes-Custom-
#11164	NEW    cov: 1682 ft: 6953 corp: 636/2117Kb lim: 65536 exec/s: 1014 rss: 2429Mb L: 2/65536 MS: 1 CustomCrossOver-
#11192	NEW    cov: 1682 ft: 6953 corp: 636/2117Kb lim: 65536 exec/s: 1017 rss: 2436Mb L: 2/65536 MS: 4 CustomCrossOver-CustomCrossOver-ChangeBit-Custom-
#11199	NEW    cov: 1682 ft: 6953 corp: 636/2115Kb lim: 65536 exec/s: 1018 rss: 2438Mb L: 29/65536 MS: 4 ManualDict-Custom-CMP-Custom- DE: "validateConsistent"-"\000\000\000\000\000\000\000\000"-
#11334	NEW    cov: 1682 ft: 6953 corp: 635/2115Kb lim: 65536 exec/s: 1030 rss: 2465Mb L: 2/65536 MS: 8 CopyPart-Custom-CustomCrossOver-EraseBytes-Custom-CustomCrossOver-CMP-Custom- DE: "\001\037"-
#11399	NEW    cov: 1682 ft: 6953 corp: 635/2115Kb lim: 65536 exec/s: 949 rss: 2479Mb L: 4/65536 MS: 8 ChangeBinInt-Custom-CustomCrossOver-ShuffleBytes-Custom-CopyPart-Custom-CustomCrossOver-
#11415	NEW    cov: 1682 ft: 6953 corp: 634/2115Kb lim: 65536 exec/s: 951 rss: 2482Mb L: 6/65536 MS: 2 PersAutoDict-Custom- DE: "HOME"-
#11422	NEW    cov: 1682 ft: 6954 corp: 635/2126Kb lim: 65536 exec/s: 951 rss: 2484Mb L: 11461/65536 MS: 3 ShuffleBytes-Custom-CustomCrossOver-
#11744	NEW    cov: 1682 ft: 6955 corp: 636/2126Kb lim: 65536 exec/s: 978 rss: 2551Mb L: 3/65536 MS: 4 ChangeByte-Custom-CrossOver-Custom-
#11823	NEW    cov: 1682 ft: 6959 corp: 637/2126Kb lim: 65536 exec/s: 985 rss: 2567Mb L: 11/65536 MS: 6 CustomCrossOver-ChangeBit-Custom-CopyPart-Custom-CustomCrossOver-
#11833	NEW    cov: 1682 ft: 6961 corp: 638/2127Kb lim: 65536 exec/s: 986 rss: 2570Mb L: 175/65536 MS: 10 CopyPart-Custom-ShuffleBytes-Custom-InsertRepeatedBytes-Custom-CopyPart-Custom-ManualDict-Custom- DE: "default"-
#11864	NEW    cov: 1682 ft: 6961 corp: 638/2126Kb lim: 65536 exec/s: 988 rss: 2576Mb L: 8/65536 MS: 2 ManualDict-Custom- DE: "braced"-
#11865	NEW    cov: 1682 ft: 6961 corp: 638/2116Kb lim: 65536 exec/s: 988 rss: 2577Mb L: 93/65536 MS: 1 CustomCrossOver-
#11866	NEW    cov: 1682 ft: 6961 corp: 638/2116Kb lim: 65536 exec/s: 988 rss: 2577Mb L: 3/65536 MS: 2 ChangeByte-Custom-
#11926	NEW    cov: 1682 ft: 6961 corp: 638/2115Kb lim: 65536 exec/s: 993 rss: 2591Mb L: 82/65536 MS: 10 ManualDict-Custom-InsertRepeatedBytes-Custom-ChangeBit-Custom-ChangeBit-Custom-InsertByte-Custom- DE: ";"-
	NEW_FUNC[1/52]: 0x000000500800 in std::__detail::_Node_const_iterator<std::pair<std::__cxx11::basic_string<char, std::char_traits<char>, std::allocator<char>> const, beez::core::Task>, false, true>::operator*() const /usr/bin/../lib/gcc/x86_64-redhat-linux/16/../../../../include/c++/16/bits/hashtable_policy.h:498
	NEW_FUNC[2/52]: 0x000000500c88 in std::tuple_element<0ul, std::pair<std::__cxx11::basic_string<char, std::char_traits<char>, std::allocator<char>> const, beez::core::Task>>::type const& std::get<0ul, std::__cxx11::basic_string<char, std::char_traits<char>, std::allocator<char>> const, beez::core::Task>(std::pair<std::__cxx11::basic_string<char, std::char_traits<char>, std::allocator<char>> const, beez::core::Task> const&) /usr/bin/../lib/gcc/x86_64-redhat-linux/16/../../../../include/c++/16/bits/stl_pair.h:1299
#11948	NEW    cov: 1880 ft: 7200 corp: 639/2115Kb lim: 65536 exec/s: 995 rss: 2595Mb L: 8/65536 MS: 4 CMP-Custom-ChangeByte-Custom- DE: "\377\377\377\377\377\377\377\377"-
#12129	RELOAD cov: 1880 ft: 7447 corp: 644/2140Kb lim: 65536 exec/s: 1010 rss: 2634Mb
#12347	NEW    cov: 1880 ft: 7447 corp: 644/2140Kb lim: 65536 exec/s: 949 rss: 2681Mb L: 109/65536 MS: 4 CustomCrossOver-CustomCrossOver-InsertRepeatedBytes-Custom-
#12348	NEW    cov: 1880 ft: 7447 corp: 644/2140Kb lim: 65536 exec/s: 949 rss: 2681Mb L: 16/65536 MS: 2 ChangeBit-Custom-
#12349	NEW    cov: 1880 ft: 7447 corp: 644/2140Kb lim: 65536 exec/s: 949 rss: 2681Mb L: 24/65536 MS: 2 ChangeByte-Custom-
#12368	NEW    cov: 1880 ft: 7447 corp: 644/2136Kb lim: 65536 exec/s: 951 rss: 2685Mb L: 2/65536 MS: 8 InsertByte-Custom-EraseBytes-Custom-CopyPart-Custom-EraseBytes-Custom-
#12409	NEW    cov: 1880 ft: 7447 corp: 644/2135Kb lim: 65536 exec/s: 954 rss: 2695Mb L: 201/65536 MS: 1 CustomCrossOver-
#12451	NEW    cov: 1880 ft: 7447 corp: 644/2134Kb lim: 65536 exec/s: 957 rss: 2703Mb L: 214/65536 MS: 4 EraseBytes-Custom-ManualDict-Custom- DE: "compile"-
#13080	NEW    cov: 1880 ft: 7447 corp: 644/2134Kb lim: 65536 exec/s: 1006 rss: 2836Mb L: 209/65536 MS: 8 EraseBytes-Custom-EraseBytes-Custom-EraseBytes-Custom-InsertByte-Custom-
#13099	NEW    cov: 1880 ft: 7447 corp: 644/2134Kb lim: 65536 exec/s: 1007 rss: 2839Mb L: 31/65536 MS: 6 CustomCrossOver-CustomCrossOver-InsertByte-Custom-ChangeByte-Custom-
#13109	NEW    cov: 1880 ft: 7447 corp: 644/2134Kb lim: 65536 exec/s: 1008 rss: 2841Mb L: 8/65536 MS: 10 InsertRepeatedBytes-Custom-InsertByte-Custom-ChangeBinInt-Custom-InsertByte-Custom-PersAutoDict-Custom- DE: "]]"-
#13205	RELOAD cov: 1880 ft: 7649 corp: 649/2151Kb lim: 65536 exec/s: 1015 rss: 2862Mb
#13236	NEW    cov: 1880 ft: 7653 corp: 649/2136Kb lim: 65536 exec/s: 1018 rss: 2870Mb L: 258/65536 MS: 1 CustomCrossOver-
#13274	NEW    cov: 1880 ft: 7653 corp: 649/2136Kb lim: 65536 exec/s: 1021 rss: 2877Mb L: 214/65536 MS: 5 CustomCrossOver-InsertByte-Custom-CrossOver-Custom-
#13280	NEW    cov: 1880 ft: 7661 corp: 650/2136Kb lim: 65536 exec/s: 1021 rss: 2878Mb L: 123/65536 MS: 2 InsertRepeatedBytes-Custom-
#13465	NEW    cov: 1880 ft: 7661 corp: 650/2136Kb lim: 65536 exec/s: 961 rss: 2919Mb L: 34/65536 MS: 9 ChangeBit-Custom-CustomCrossOver-ManualDict-Custom-CMP-Custom-CrossOver-Custom- DE: "=="-"merge"-
#13511	NEW    cov: 1880 ft: 7661 corp: 648/2124Kb lim: 65536 exec/s: 965 rss: 2929Mb L: 30/65536 MS: 2 InsertByte-Custom-
#13537	NEW    cov: 1880 ft: 7663 corp: 649/2188Kb lim: 65536 exec/s: 966 rss: 2935Mb L: 65405/65536 MS: 2 ManualDict-Custom- DE: "enum-cache"-
#13912	NEW    cov: 1880 ft: 7667 corp: 650/2189Kb lim: 65536 exec/s: 993 rss: 3016Mb L: 329/65536 MS: 10 CopyPart-Custom-ChangeByte-Custom-ShuffleBytes-Custom-ChangeByte-Custom-CMP-Custom- DE: "!\000\000\000\000\000\000\000"-
#14032	NEW    cov: 1880 ft: 7667 corp: 651/2205Kb lim: 65536 exec/s: 1002 rss: 3041Mb L: 16385/65536 MS: 7 CustomCrossOver-ChangeASCIIInt-Custom-InsertByte-Custom-CustomCrossOver-CustomCrossOver-
#14073	NEW    cov: 1880 ft: 7667 corp: 652/2205Kb lim: 65536 exec/s: 1005 rss: 3049Mb L: 8/65536 MS: 1 CustomCrossOver-
#14287	RELOAD cov: 1880 ft: 7667 corp: 654/2206Kb lim: 65536 exec/s: 1020 rss: 3097Mb
#14334	NEW    cov: 1880 ft: 7673 corp: 655/2234Kb lim: 65536 exec/s: 955 rss: 3107Mb L: 28441/65536 MS: 4 ChangeBinInt-Custom-CrossOver-Custom-
#14343	NEW    cov: 1880 ft: 7675 corp: 656/2234Kb lim: 65536 exec/s: 956 rss: 3109Mb L: 62/65536 MS: 5 ChangeBit-Custom-CustomCrossOver-CustomCrossOver-CustomCrossOver-
#14354	NEW    cov: 1880 ft: 7675 corp: 656/2234Kb lim: 65536 exec/s: 956 rss: 3111Mb L: 12/65536 MS: 2 ManualDict-Custom- DE: "BEEZ_ENV"-
#14391	NEW    cov: 1880 ft: 7676 corp: 657/2298Kb lim: 65536 exec/s: 959 rss: 3119Mb L: 65524/65536 MS: 3 ChangeASCIIInt-Custom-CustomCrossOver-
#14395	NEW    cov: 1880 ft: 7680 corp: 658/2298Kb lim: 65536 exec/s: 959 rss: 3120Mb L: 94/65536 MS: 8 InsertRepeatedBytes-Custom-ChangeByte-Custom-CopyPart-Custom-EraseBytes-Custom-
#14396	NEW    cov: 1880 ft: 7680 corp: 658/2298Kb lim: 65536 exec/s: 959 rss: 3120Mb L: 2/65536 MS: 1 CustomCrossOver-
#14407	NEW    cov: 1880 ft: 7681 corp: 659/2306Kb lim: 65536 exec/s: 960 rss: 3123Mb L: 8199/65536 MS: 2 CMP-Custom- DE: "\020\000\000\000\000\000\000\000"-
#14428	NEW    cov: 1880 ft: 7681 corp: 659/2295Kb lim: 65536 exec/s: 961 rss: 3127Mb L: 342/65536 MS: 2 InsertRepeatedBytes-Custom-
#14594	NEW    cov: 1880 ft: 7681 corp: 659/2295Kb lim: 65536 exec/s: 972 rss: 3164Mb L: 9/65536 MS: 2 ManualDict-Custom- DE: "bulk-"-
#14976	NEW    cov: 1880 ft: 7681 corp: 659/2295Kb lim: 65536 exec/s: 998 rss: 3246Mb L: 26/65536 MS: 4 CMP-Custom-ChangeBit-Custom- DE: "sol.sol::"-
#14997	NEW    cov: 1880 ft: 7681 corp: 659/2283Kb lim: 65536 exec/s: 999 rss: 3251Mb L: 4164/65536 MS: 2 ManualDict-Custom- DE: "in"-
#15013	NEW    cov: 1880 ft: 7681 corp: 658/2219Kb lim: 65536 exec/s: 1000 rss: 3255Mb L: 17/65536 MS: 1 CustomCrossOver-
#15026	NEW    cov: 1880 ft: 7681 corp: 658/2219Kb lim: 65536 exec/s: 1001 rss: 3257Mb L: 1/65536 MS: 5 EraseBytes-Custom-EraseBytes-Custom-CustomCrossOver-
#15033	NEW    cov: 1880 ft: 7682 corp: 659/2219Kb lim: 65536 exec/s: 1002 rss: 3259Mb L: 61/65536 MS: 4 ShuffleBytes-Custom-ChangeByte-Custom-
#15083	NEW    cov: 1880 ft: 7683 corp: 660/2219Kb lim: 65536 exec/s: 1005 rss: 3271Mb L: 109/65536 MS: 10 PersAutoDict-Custom-InsertRepeatedBytes-Custom-PersAutoDict-Custom-CopyPart-Custom-ManualDict-Custom- DE: "\001\000\000\000"-"unpack"-"beez_fuzz_junk"-
#15179	NEW    cov: 1880 ft: 7683 corp: 660/2219Kb lim: 65536 exec/s: 1011 rss: 3293Mb L: 1/65536 MS: 2 EraseBytes-Custom-
#15189	NEW    cov: 1880 ft: 7683 corp: 660/2219Kb lim: 65536 exec/s: 1012 rss: 3295Mb L: 9/65536 MS: 9 InsertByte-Custom-CrossOver-Custom-ChangeBit-Custom-CustomCrossOver-PersAutoDict-Custom- DE: "flags"-
#15357	RELOAD cov: 1880 ft: 7683 corp: 661/2220Kb lim: 65536 exec/s: 959 rss: 3330Mb
#15495	NEW    cov: 1880 ft: 7689 corp: 662/2220Kb lim: 65536 exec/s: 968 rss: 3360Mb L: 51/65536 MS: 4 CustomCrossOver-ChangeByte-Custom-CustomCrossOver-
#15595	NEW    cov: 1880 ft: 7689 corp: 663/2236Kb lim: 65536 exec/s: 974 rss: 3379Mb L: 16384/65536 MS: 7 CrossOver-Custom-CustomCrossOver-ChangeBit-Custom-CustomCrossOver-CustomCrossOver-
#15615	NEW    cov: 1880 ft: 7693 corp: 664/2237Kb lim: 65536 exec/s: 975 rss: 3383Mb L: 121/65536 MS: 10 ShuffleBytes-Custom-CopyPart-Custom-InsertByte-Custom-ChangeBinInt-Custom-InsertRepeatedBytes-Custom-
#15616	NEW    cov: 1880 ft: 7693 corp: 664/2236Kb lim: 65536 exec/s: 976 rss: 3383Mb L: 2/65536 MS: 1 CustomCrossOver-
#15621	NEW    cov: 1880 ft: 7693 corp: 664/2236Kb lim: 65536 exec/s: 976 rss: 3384Mb L: 14/65536 MS: 10 ChangeByte-Custom-ShuffleBytes-Custom-CopyPart-Custom-CopyPart-Custom-InsertRepeatedBytes-Custom-
#15624	NEW    cov: 1880 ft: 7693 corp: 665/2236Kb lim: 65536 exec/s: 976 rss: 3385Mb L: 4/65536 MS: 4 CustomCrossOver-CustomCrossOver-InsertByte-Custom-
#15676	NEW    cov: 1880 ft: 7693 corp: 665/2236Kb lim: 65536 exec/s: 979 rss: 3396Mb L: 16/65536 MS: 2 CustomCrossOver-CustomCrossOver-
#15749	NEW    cov: 1880 ft: 7693 corp: 665/2236Kb lim: 65536 exec/s: 984 rss: 3410Mb L: 59/65536 MS: 5 InsertByte-Custom-CustomCrossOver-InsertRepeatedBytes-Custom-
#15787	NEW    cov: 1880 ft: 7693 corp: 665/2236Kb lim: 65536 exec/s: 986 rss: 3418Mb L: 95/65536 MS: 6 ChangeByte-Custom-ManualDict-Custom-CopyPart-Custom- DE: "999999"-
#15844	NEW    cov: 1880 ft: 7693 corp: 666/2236Kb lim: 65536 exec/s: 990 rss: 3431Mb L: 41/65536 MS: 4 ShuffleBytes-Custom-CrossOver-Custom-
#15971	NEW    cov: 1880 ft: 7693 corp: 666/2236Kb lim: 65536 exec/s: 998 rss: 3455Mb L: 17/65536 MS: 3 ChangeBit-Custom-CustomCrossOver-
#16086	NEW    cov: 1880 ft: 7693 corp: 666/2236Kb lim: 65536 exec/s: 1005 rss: 3478Mb L: 35/65536 MS: 10 EraseBytes-Custom-InsertByte-Custom-ChangeBinInt-Custom-InsertByte-Custom-InsertByte-Custom-
#16094	NEW    cov: 1880 ft: 7693 corp: 667/2236Kb lim: 65536 exec/s: 1005 rss: 3480Mb L: 5/65536 MS: 5 CopyPart-Custom-ChangeBit-Custom-CustomCrossOver-
#16102	NEW    cov: 1880 ft: 7693 corp: 667/2236Kb lim: 65536 exec/s: 1006 rss: 3481Mb L: 5/65536 MS: 3 CustomCrossOver-CustomCrossOver-CustomCrossOver-
#16167	NEW    cov: 1880 ft: 7696 corp: 668/2266Kb lim: 65536 exec/s: 951 rss: 3496Mb L: 30473/65536 MS: 7 CustomCrossOver-CustomCrossOver-ShuffleBytes-Custom-CustomCrossOver-EraseBytes-Custom-
#16366	RELOAD cov: 1880 ft: 7697 corp: 670/2266Kb lim: 65536 exec/s: 962 rss: 3538Mb
#16384	pulse  cov: 1880 ft: 7697 corp: 670/2266Kb lim: 65536 exec/s: 963 rss: 3541Mb
#16422	NEW    cov: 1880 ft: 7697 corp: 670/2266Kb lim: 65536 exec/s: 966 rss: 3550Mb L: 5/65536 MS: 2 CopyPart-Custom-
#16431	NEW    cov: 1880 ft: 7697 corp: 670/2266Kb lim: 65536 exec/s: 966 rss: 3552Mb L: 4/65536 MS: 8 ShuffleBytes-Custom-CopyPart-Custom-ChangeBit-Custom-InsertByte-Custom-
#16438	NEW    cov: 1880 ft: 7697 corp: 671/2266Kb lim: 65536 exec/s: 966 rss: 3553Mb L: 4/65536 MS: 2 CustomCrossOver-CustomCrossOver-
#16469	NEW    cov: 1880 ft: 7697 corp: 672/2266Kb lim: 65536 exec/s: 968 rss: 3559Mb L: 13/65536 MS: 2 EraseBytes-Custom-
#16523	NEW    cov: 1880 ft: 7697 corp: 673/2266Kb lim: 65536 exec/s: 971 rss: 3570Mb L: 175/65536 MS: 8 ShuffleBytes-Custom-CMP-Custom-ShuffleBytes-Custom-ChangeBinInt-Custom- DE: "list_encode_algo"-
#16603	NEW    cov: 1880 ft: 7698 corp: 674/2266Kb lim: 65536 exec/s: 976 rss: 3587Mb L: 252/65536 MS: 10 PersAutoDict-Custom-ChangeASCIIInt-Custom-ChangeBinInt-Custom-InsertRepeatedBytes-Custom-CMP-Custom- DE: "\001\000\000\000\000\000\000\011"-"\001\000\000\000\000\000\000\363"-
#16629	NEW    cov: 1880 ft: 7698 corp: 674/2266Kb lim: 65536 exec/s: 978 rss: 3592Mb L: 17/65536 MS: 1 CustomCrossOver-
#16666	NEW    cov: 1880 ft: 7698 corp: 674/2266Kb lim: 65536 exec/s: 980 rss: 3599Mb L: 74/65536 MS: 4 InsertRepeatedBytes-Custom-InsertRepeatedBytes-Custom-
#16667	NEW    cov: 1880 ft: 7698 corp: 674/2266Kb lim: 65536 exec/s: 980 rss: 3600Mb L: 18/65536 MS: 1 CustomCrossOver-
#16668	NEW    cov: 1880 ft: 7698 corp: 673/2266Kb lim: 65536 exec/s: 980 rss: 3600Mb L: 2/65536 MS: 2 ChangeByte-Custom-
#16742	NEW    cov: 1880 ft: 7698 corp: 673/2266Kb lim: 65536 exec/s: 984 rss: 3616Mb L: 3/65536 MS: 6 CustomCrossOver-ShuffleBytes-Custom-CustomCrossOver-ShuffleBytes-Custom-
#16764	NEW    cov: 1880 ft: 7701 corp: 673/2263Kb lim: 65536 exec/s: 986 rss: 3621Mb L: 1599/65536 MS: 4 EraseBytes-Custom-CopyPart-Custom-
#16765	NEW    cov: 1880 ft: 7701 corp: 673/2236Kb lim: 65536 exec/s: 986 rss: 3621Mb L: 2111/65536 MS: 2 ChangeByte-Custom-
#16794	NEW    cov: 1880 ft: 7702 corp: 674/2236Kb lim: 65536 exec/s: 987 rss: 3627Mb L: 59/65536 MS: 7 ChangeBinInt-Custom-InsertRepeatedBytes-Custom-CustomCrossOver-ManualDict-Custom- DE: "code"-
#16847	NEW    cov: 1880 ft: 7705 corp: 675/2236Kb lim: 65536 exec/s: 991 rss: 3639Mb L: 81/65536 MS: 4 CustomCrossOver-CustomCrossOver-ManualDict-Custom- DE: "hide_cache_hits"-
#16851	NEW    cov: 1880 ft: 7706 corp: 673/2236Kb lim: 65536 exec/s: 991 rss: 3640Mb L: 2/65536 MS: 6 CustomCrossOver-ChangeByte-Custom-EraseBytes-Custom-CustomCrossOver-
#16852	NEW    cov: 1880 ft: 7714 corp: 673/2236Kb lim: 65536 exec/s: 991 rss: 3640Mb L: 16/65536 MS: 1 CustomCrossOver-
#16869	NEW    cov: 1880 ft: 7714 corp: 673/2236Kb lim: 65536 exec/s: 992 rss: 3644Mb L: 1/65536 MS: 3 CustomCrossOver-ShuffleBytes-Custom-
#17005	NEW    cov: 1880 ft: 7714 corp: 673/2236Kb lim: 65536 exec/s: 944 rss: 3672Mb L: 5/65536 MS: 2 CMP-Custom- DE: "\003\000\000\000"-
#17006	NEW    cov: 1880 ft: 7714 corp: 674/2236Kb lim: 65536 exec/s: 944 rss: 3672Mb L: 8/65536 MS: 2 ManualDict-Custom- DE: "prefix"-
#17012	NEW    cov: 1880 ft: 7714 corp: 673/2235Kb lim: 65536 exec/s: 945 rss: 3673Mb L: 30/65536 MS: 2 ShuffleBytes-Custom-
#17083	NEW    cov: 1880 ft: 7715 corp: 674/2235Kb lim: 65536 exec/s: 949 rss: 3689Mb L: 66/65536 MS: 2 ChangeBinInt-Custom-
#17116	NEW    cov: 1880 ft: 7716 corp: 674/2235Kb lim: 65536 exec/s: 950 rss: 3696Mb L: 35/65536 MS: 4 ChangeByte-Custom-CustomCrossOver-CustomCrossOver-
#17135	NEW    cov: 1880 ft: 7753 corp: 674/2235Kb lim: 65536 exec/s: 951 rss: 3700Mb L: 2/65536 MS: 5 InsertRepeatedBytes-Custom-CustomCrossOver-CustomCrossOver-CustomCrossOver-
#17256	RELOAD cov: 1880 ft: 7755 corp: 675/2235Kb lim: 65536 exec/s: 958 rss: 3728Mb
#17311	NEW    cov: 1880 ft: 7756 corp: 676/2235Kb lim: 65536 exec/s: 961 rss: 3739Mb L: 16/65536 MS: 6 CustomCrossOver-EraseBytes-Custom-CustomCrossOver-CustomCrossOver-CustomCrossOver-
#17383	NEW    cov: 1880 ft: 7757 corp: 677/2235Kb lim: 65536 exec/s: 965 rss: 3755Mb L: 136/65536 MS: 3 EraseBytes-Custom-CustomCrossOver-
#17638	NEW    cov: 1880 ft: 7757 corp: 677/2235Kb lim: 65536 exec/s: 928 rss: 3812Mb L: 46/65536 MS: 8 CustomCrossOver-CMP-Custom-CustomCrossOver-EraseBytes-Custom-InsertRepeatedBytes-Custom- DE: "\016\000\000\000\000\000\000\000"-
#17670	NEW    cov: 1880 ft: 7757 corp: 676/2235Kb lim: 65536 exec/s: 930 rss: 3819Mb L: 23/65536 MS: 4 ChangeBit-Custom-InsertRepeatedBytes-Custom-
#18071	RELOAD cov: 1880 ft: 7757 corp: 679/2221Kb lim: 65536 exec/s: 951 rss: 3906Mb
#18144	NEW    cov: 1880 ft: 7757 corp: 679/2221Kb lim: 65536 exec/s: 954 rss: 3921Mb L: 3/65536 MS: 6 ChangeBit-Custom-CopyPart-Custom-ChangeBit-Custom-
#18180	NEW    cov: 1880 ft: 7757 corp: 680/2221Kb lim: 65536 exec/s: 956 rss: 3930Mb L: 19/65536 MS: 2 CrossOver-Custom-
#18279	NEW    cov: 1880 ft: 7757 corp: 680/2204Kb lim: 65536 exec/s: 962 rss: 3950Mb L: 14579/65536 MS: 8 ChangeBit-Custom-ManualDict-Custom-ShuffleBytes-Custom-EraseBytes-Custom- DE: "rejects numeric entries"-
#18415	NEW    cov: 1880 ft: 7757 corp: 681/2204Kb lim: 65536 exec/s: 920 rss: 3979Mb L: 3/65536 MS: 2 EraseBytes-Custom-
#18516	NEW    cov: 1880 ft: 7757 corp: 681/2204Kb lim: 65536 exec/s: 925 rss: 4001Mb L: 2/65536 MS: 2 ChangeBinInt-Custom-
#18909	RELOAD cov: 1880 ft: 7757 corp: 682/2212Kb lim: 65536 exec/s: 945 rss: 4086Mb
#18976	NEW    cov: 1880 ft: 7757 corp: 682/2212Kb lim: 65536 exec/s: 948 rss: 4100Mb L: 208/65536 MS: 3 ShuffleBytes-Custom-CustomCrossOver-
#19187	NEW    cov: 1880 ft: 7757 corp: 683/2212Kb lim: 65536 exec/s: 913 rss: 4144Mb L: 11/65536 MS: 1 CustomCrossOver-
#19189	NEW    cov: 1880 ft: 7757 corp: 684/2212Kb lim: 65536 exec/s: 913 rss: 4144Mb L: 3/65536 MS: 4 ChangeByte-Custom-CopyPart-Custom-
#19190	NEW    cov: 1880 ft: 7757 corp: 685/2212Kb lim: 65536 exec/s: 913 rss: 4144Mb L: 3/65536 MS: 1 CustomCrossOver-
#19191	NEW    cov: 1880 ft: 7757 corp: 685/2212Kb lim: 65536 exec/s: 913 rss: 4144Mb L: 2/65536 MS: 2 ChangeBinInt-Custom-
#19192	NEW    cov: 1880 ft: 7758 corp: 686/2223Kb lim: 65536 exec/s: 913 rss: 4144Mb L: 11552/65536 MS: 2 InsertRepeatedBytes-Custom-
#19341	NEW    cov: 1880 ft: 7760 corp: 687/2223Kb lim: 65536 exec/s: 921 rss: 4176Mb L: 6/65536 MS: 8 ChangeBit-Custom-ChangeByte-Custom-ChangeBit-Custom-ManualDict-Custom- DE: "gzip"-
#19598	NEW    cov: 1880 ft: 7760 corp: 687/2223Kb lim: 65536 exec/s: 933 rss: 4230Mb L: 25/65536 MS: 4 ManualDict-Custom-InsertByte-Custom- DE: ">"-
#19711	RELOAD cov: 1880 ft: 7760 corp: 688/2246Kb lim: 65536 exec/s: 938 rss: 4254Mb
#19738	NEW    cov: 1880 ft: 7760 corp: 688/2246Kb lim: 65536 exec/s: 939 rss: 4261Mb L: 2/65536 MS: 4 ChangeBit-Custom-CMP-Custom- DE: "\014\000"-
#19809	NEW    cov: 1880 ft: 7760 corp: 688/2246Kb lim: 65536 exec/s: 943 rss: 4276Mb L: 14320/65536 MS: 1 CustomCrossOver-
#19823	NEW    cov: 1880 ft: 7760 corp: 689/2246Kb lim: 65536 exec/s: 943 rss: 4280Mb L: 9/65536 MS: 7 CustomCrossOver-ChangeBit-Custom-ManualDict-Custom-CopyPart-Custom- DE: "999999"-
#19932	NEW    cov: 1880 ft: 7760 corp: 689/2246Kb lim: 65536 exec/s: 949 rss: 4301Mb L: 19/65536 MS: 8 ChangeBinInt-Custom-CopyPart-Custom-PersAutoDict-Custom-ChangeByte-Custom- DE: "list"-
#19947	NEW    cov: 1880 ft: 7760 corp: 689/2246Kb lim: 65536 exec/s: 906 rss: 4304Mb L: 20/65536 MS: 10 CMP-Custom-ManualDict-Custom-CMP-Custom-ChangeByte-Custom-EraseBytes-Custom- DE: "1\350\206)\001\000\000\000"-"registerWorkflow"-"\001\000\000\000\000\000\000'"-
#20042	NEW    cov: 1880 ft: 7760 corp: 689/2246Kb lim: 65536 exec/s: 911 rss: 4326Mb L: 106/65536 MS: 10 InsertRepeatedBytes-Custom-PersAutoDict-Custom-InsertRepeatedBytes-Custom-InsertByte-Custom-ManualDict-Custom- DE: "=="-"-1"-
#20048	NEW    cov: 1880 ft: 7760 corp: 690/2246Kb lim: 65536 exec/s: 911 rss: 4327Mb L: 130/65536 MS: 2 ChangeBinInt-Custom-
#20107	NEW    cov: 1880 ft: 7760 corp: 691/2246Kb lim: 65536 exec/s: 913 rss: 4339Mb L: 24/65536 MS: 7 ShuffleBytes-Custom-EraseBytes-Custom-CustomCrossOver-ManualDict-Custom- DE: "never"-
#20112	NEW    cov: 1880 ft: 7760 corp: 691/2246Kb lim: 65536 exec/s: 914 rss: 4340Mb L: 135/65536 MS: 9 InsertByte-Custom-CustomCrossOver-ChangeByte-Custom-PersAutoDict-Custom-EraseBytes-Custom- DE: "parallel"-
#20268	NEW    cov: 1880 ft: 7760 corp: 691/2246Kb lim: 65536 exec/s: 921 rss: 4375Mb L: 8/65536 MS: 2 CopyPart-Custom-
#20412	NEW    cov: 1880 ft: 7762 corp: 691/2238Kb lim: 65536 exec/s: 927 rss: 4408Mb L: 37/65536 MS: 8 CMP-Custom-ChangeBinInt-Custom-ChangeBit-Custom-InsertByte-Custom- DE: "\377\377\377\377\377\377\377Q"-
#20446	NEW    cov: 1880 ft: 7763 corp: 692/2238Kb lim: 65536 exec/s: 929 rss: 4416Mb L: 2/65536 MS: 6 PersAutoDict-Custom-CopyPart-Custom-CustomCrossOver-CustomCrossOver- DE: ";"-
#20547	RELOAD cov: 1880 ft: 7763 corp: 691/2222Kb lim: 65536 exec/s: 933 rss: 4439Mb
#20693	NEW    cov: 1880 ft: 7763 corp: 691/2221Kb lim: 65536 exec/s: 899 rss: 4470Mb L: 17/65536 MS: 1 CustomCrossOver-
#20839	NEW    cov: 1880 ft: 7763 corp: 691/2221Kb lim: 65536 exec/s: 906 rss: 4501Mb L: 32778/65536 MS: 1 CustomCrossOver-
#20851	NEW    cov: 1880 ft: 7763 corp: 690/2221Kb lim: 65536 exec/s: 906 rss: 4504Mb L: 2/65536 MS: 2 CustomCrossOver-CustomCrossOver-
#20857	NEW    cov: 1880 ft: 7763 corp: 689/2221Kb lim: 65536 exec/s: 906 rss: 4505Mb L: 16/65536 MS: 2 ChangeByte-Custom-
#20925	NEW    cov: 1880 ft: 7763 corp: 690/2221Kb lim: 65536 exec/s: 909 rss: 4520Mb L: 6/65536 MS: 5 CrossOver-Custom-CustomCrossOver-CrossOver-Custom-
#20926	NEW    cov: 1880 ft: 7763 corp: 691/2221Kb lim: 65536 exec/s: 909 rss: 4520Mb L: 7/65536 MS: 1 CustomCrossOver-
#20981	NEW    cov: 1880 ft: 7763 corp: 691/2221Kb lim: 65536 exec/s: 912 rss: 4532Mb L: 4/65536 MS: 7 CrossOver-Custom-CustomCrossOver-CustomCrossOver-ChangeBit-Custom-CustomCrossOver-
#20992	NEW    cov: 1880 ft: 7764 corp: 691/2221Kb lim: 65536 exec/s: 912 rss: 4534Mb L: 27/65536 MS: 2 PersAutoDict-Custom- DE: "]"-
#21088	NEW    cov: 1880 ft: 7764 corp: 690/2221Kb lim: 65536 exec/s: 916 rss: 4552Mb L: 16/65536 MS: 2 ShuffleBytes-Custom-
#21143	NEW    cov: 1880 ft: 7764 corp: 690/2221Kb lim: 65536 exec/s: 919 rss: 4564Mb L: 19/65536 MS: 7 CustomCrossOver-CustomCrossOver-InsertByte-Custom-ChangeBinInt-Custom-CustomCrossOver-
#21146	NEW    cov: 1880 ft: 7764 corp: 689/2221Kb lim: 65536 exec/s: 919 rss: 4565Mb L: 25/65536 MS: 6 InsertByte-Custom-ChangeBinInt-Custom-EraseBytes-Custom-
#21353	RELOAD cov: 1880 ft: 7764 corp: 690/2221Kb lim: 65536 exec/s: 928 rss: 4610Mb
#21449	NEW    cov: 1880 ft: 7764 corp: 690/2221Kb lim: 65536 exec/s: 932 rss: 4631Mb L: 16/65536 MS: 1 CustomCrossOver-
#21485	NEW    cov: 1880 ft: 7764 corp: 689/2221Kb lim: 65536 exec/s: 895 rss: 4638Mb L: 18/65536 MS: 1 CustomCrossOver-
#21506	NEW    cov: 1880 ft: 7764 corp: 690/2221Kb lim: 65536 exec/s: 896 rss: 4642Mb L: 17/65536 MS: 2 ChangeByte-Custom-
#21558	NEW    cov: 1880 ft: 7771 corp: 691/2221Kb lim: 65536 exec/s: 898 rss: 4653Mb L: 60/65536 MS: 3 CustomCrossOver-ChangeBit-Custom-
#21561	NEW    cov: 1880 ft: 7774 corp: 692/2221Kb lim: 65536 exec/s: 898 rss: 4653Mb L: 102/65536 MS: 6 CopyPart-Custom-InsertRepeatedBytes-Custom-ShuffleBytes-Custom-
#21569	NEW    cov: 1880 ft: 7774 corp: 693/2221Kb lim: 65536 exec/s: 898 rss: 4655Mb L: 7/65536 MS: 4 ChangeByte-Custom-CustomCrossOver-CustomCrossOver-
#21590	NEW    cov: 1880 ft: 7774 corp: 693/2219Kb lim: 65536 exec/s: 899 rss: 4659Mb L: 35/65536 MS: 2 ChangeByte-Custom-
#21672	NEW    cov: 1880 ft: 7774 corp: 693/2219Kb lim: 65536 exec/s: 903 rss: 4677Mb L: 17/65536 MS: 4 EraseBytes-Custom-InsertRepeatedBytes-Custom-
#21733	NEW    cov: 1880 ft: 7774 corp: 694/2227Kb lim: 65536 exec/s: 905 rss: 4690Mb L: 8196/65536 MS: 1 CustomCrossOver-
#22020	NEW    cov: 1880 ft: 7821 corp: 695/2227Kb lim: 65536 exec/s: 917 rss: 4753Mb L: 11/65536 MS: 3 CustomCrossOver-CopyPart-Custom-
#22086	NEW    cov: 1880 ft: 7822 corp: 696/2227Kb lim: 65536 exec/s: 920 rss: 4768Mb L: 132/65536 MS: 2 CMP-Custom- DE: "\000\000\001\000\000\000\000\000"-
#22116	NEW    cov: 1880 ft: 7822 corp: 697/2227Kb lim: 65536 exec/s: 921 rss: 4773Mb L: 2/65536 MS: 8 ChangeBinInt-Custom-CustomCrossOver-ChangeByte-Custom-CustomCrossOver-ChangeByte-Custom-
#22120	NEW    cov: 1880 ft: 7822 corp: 697/2227Kb lim: 65536 exec/s: 921 rss: 4774Mb L: 27/65536 MS: 7 ManualDict-Custom-ChangeBit-Custom-CustomCrossOver-CrossOver-Custom- DE: "temp_directory_path"-
#22218	RELOAD cov: 1880 ft: 7822 corp: 698/2227Kb lim: 65536 exec/s: 925 rss: 4797Mb
#22228	NEW    cov: 1880 ft: 7823 corp: 698/2227Kb lim: 65536 exec/s: 926 rss: 4799Mb L: 19/65536 MS: 8 ChangeBinInt-Custom-InsertRepeatedBytes-Custom-CustomCrossOver-InsertByte-Custom-CustomCrossOver-
#22229	NEW    cov: 1880 ft: 7823 corp: 697/2227Kb lim: 65536 exec/s: 926 rss: 4799Mb L: 1/65536 MS: 1 CustomCrossOver-
#22350	NEW    cov: 1880 ft: 7824 corp: 698/2236Kb lim: 65536 exec/s: 894 rss: 4825Mb L: 9523/65536 MS: 2 ChangeByte-Custom-
#22364	NEW    cov: 1880 ft: 7824 corp: 698/2236Kb lim: 65536 exec/s: 894 rss: 4828Mb L: 2/65536 MS: 4 CustomCrossOver-CustomCrossOver-CustomCrossOver-CustomCrossOver-
#22420	NEW    cov: 1880 ft: 7824 corp: 699/2236Kb lim: 65536 exec/s: 896 rss: 4840Mb L: 2/65536 MS: 2 EraseBytes-Custom-
#22480	NEW    cov: 1880 ft: 7825 corp: 700/2236Kb lim: 65536 exec/s: 899 rss: 4854Mb L: 125/65536 MS: 6 CustomCrossOver-CustomCrossOver-ChangeBit-Custom-CustomCrossOver-CustomCrossOver-
#23043	NEW    cov: 1880 ft: 7825 corp: 700/2236Kb lim: 65536 exec/s: 921 rss: 4974Mb L: 5/65536 MS: 6 ShuffleBytes-Custom-ChangeBit-Custom-InsertByte-Custom-
#23052	NEW    cov: 1880 ft: 7825 corp: 700/2236Kb lim: 65536 exec/s: 922 rss: 4976Mb L: 11/65536 MS: 6 CustomCrossOver-CustomCrossOver-CrossOver-Custom-ShuffleBytes-Custom-
#23134	RELOAD cov: 1880 ft: 7825 corp: 699/2228Kb lim: 65536 exec/s: 889 rss: 4994Mb
#23296	NEW    cov: 1880 ft: 7826 corp: 700/2242Kb lim: 65536 exec/s: 896 rss: 5027Mb L: 14328/65536 MS: 3 PersAutoDict-Custom-CustomCrossOver- DE: "summary"-
#23384	NEW    cov: 1880 ft: 7826 corp: 701/2242Kb lim: 65536 exec/s: 899 rss: 5046Mb L: 52/65536 MS: 6 CMP-Custom-InsertRepeatedBytes-Custom-ManualDict-Custom- DE: "\001\000\000\000\000\000\000\006"-"mask_secrets"-
#23392	NEW    cov: 1880 ft: 7827 corp: 702/2273Kb lim: 65536 exec/s: 899 rss: 5048Mb L: 31910/65536 MS: 6 ChangeBit-Custom-ChangeByte-Custom-ShuffleBytes-Custom-
#23651	NEW    cov: 1880 ft: 7827 corp: 699/2273Kb lim: 65536 exec/s: 909 rss: 5103Mb L: 24/65536 MS: 6 CustomCrossOver-CustomCrossOver-CopyPart-Custom-InsertRepeatedBytes-Custom-
#23655	NEW    cov: 1880 ft: 7827 corp: 699/2273Kb lim: 65536 exec/s: 909 rss: 5104Mb L: 49/65536 MS: 8 InsertRepeatedBytes-Custom-InsertByte-Custom-CopyPart-Custom-EraseBytes-Custom-
#23700	NEW    cov: 1880 ft: 7828 corp: 700/2273Kb lim: 65536 exec/s: 911 rss: 5112Mb L: 160/65536 MS: 10 InsertByte-Custom-InsertRepeatedBytes-Custom-ChangeByte-Custom-ShuffleBytes-Custom-InsertRepeatedBytes-Custom-
#23796	NEW    cov: 1880 ft: 7831 corp: 701/2273Kb lim: 65536 exec/s: 915 rss: 5132Mb L: 4/65536 MS: 2 CopyPart-Custom-
#23926	NEW    cov: 1880 ft: 7831 corp: 701/2273Kb lim: 65536 exec/s: 886 rss: 5159Mb L: 41/65536 MS: 10 ManualDict-Custom-CopyPart-Custom-ChangeBinInt-Custom-ChangeBinInt-Custom-InsertRepeatedBytes-Custom- DE: "clean"-
#23927	NEW    cov: 1880 ft: 7831 corp: 702/2273Kb lim: 65536 exec/s: 886 rss: 5159Mb L: 2/65536 MS: 2 EraseBytes-Custom-
#24019	RELOAD cov: 1880 ft: 7831 corp: 702/2273Kb lim: 65536 exec/s: 889 rss: 5179Mb
#24085	NEW    cov: 1880 ft: 7831 corp: 702/2273Kb lim: 65536 exec/s: 892 rss: 5193Mb L: 17/65536 MS: 2 ChangeBit-Custom-
#24530	NEW    cov: 1880 ft: 7831 corp: 702/2273Kb lim: 65536 exec/s: 908 rss: 5288Mb L: 63/65536 MS: 7 CustomCrossOver-ManualDict-Custom-CustomCrossOver-CustomCrossOver-ShuffleBytes-Custom- DE: "mode"-
#24675	NEW    cov: 1880 ft: 7834 corp: 703/2273Kb lim: 65536 exec/s: 881 rss: 5319Mb L: 5/65536 MS: 7 CustomCrossOver-CustomCrossOver-PersAutoDict-Custom-CustomCrossOver-InsertByte-Custom- DE: "\016\000"-
#24820	RELOAD cov: 1880 ft: 7834 corp: 703/2273Kb lim: 65536 exec/s: 886 rss: 5350Mb
#24901	NEW    cov: 1880 ft: 7834 corp: 704/2273Kb lim: 65536 exec/s: 889 rss: 5368Mb L: 15/65536 MS: 1 CustomCrossOver-
#25050	NEW    cov: 1880 ft: 7834 corp: 704/2273Kb lim: 65536 exec/s: 894 rss: 5399Mb L: 18/65536 MS: 6 CustomCrossOver-CustomCrossOver-ChangeByte-Custom-CopyPart-Custom-
#25054	NEW    cov: 1880 ft: 7835 corp: 705/2337Kb lim: 65536 exec/s: 894 rss: 5401Mb L: 65535/65536 MS: 5 InsertRepeatedBytes-Custom-CustomCrossOver-CustomCrossOver-CustomCrossOver-
#25150	NEW    cov: 1880 ft: 7837 corp: 706/2359Kb lim: 65536 exec/s: 898 rss: 5419Mb L: 22433/65536 MS: 1 CustomCrossOver-
#25187	NEW    cov: 1880 ft: 7837 corp: 706/2343Kb lim: 65536 exec/s: 899 rss: 5427Mb L: 133/65536 MS: 4 InsertRepeatedBytes-Custom-InsertRepeatedBytes-Custom-
#25469	NEW    cov: 1880 ft: 7838 corp: 707/2343Kb lim: 65536 exec/s: 878 rss: 5490Mb L: 130/65536 MS: 2 CustomCrossOver-CustomCrossOver-
#25490	NEW    cov: 1880 ft: 7840 corp: 708/2343Kb lim: 65536 exec/s: 878 rss: 5495Mb L: 265/65536 MS: 2 ShuffleBytes-Custom-
#25593	NEW    cov: 1880 ft: 7840 corp: 708/2343Kb lim: 65536 exec/s: 882 rss: 5517Mb L: 16/65536 MS: 4 CustomCrossOver-ChangeByte-Custom-CustomCrossOver-
#25667	RELOAD cov: 1880 ft: 7841 corp: 708/2342Kb lim: 65536 exec/s: 885 rss: 5529Mb
#25791	NEW    cov: 1880 ft: 7841 corp: 708/2342Kb lim: 65536 exec/s: 889 rss: 5556Mb L: 8/65536 MS: 8 InsertByte-Custom-ShuffleBytes-Custom-ChangeBit-Custom-PersAutoDict-Custom- DE: "-1"-
#25859	RELOAD cov: 1880 ft: 7841 corp: 708/2341Kb lim: 65536 exec/s: 601 rss: 5572Mb
#26079	NEW    cov: 1880 ft: 7841 corp: 709/2342Kb lim: 65536 exec/s: 606 rss: 5619Mb L: 43/65536 MS: 10 PersAutoDict-Custom-ChangeBit-Custom-PersAutoDict-Custom-ChangeBinInt-Custom-ChangeByte-Custom- DE: "\001\000\000\000\000\000\000\006"-"mode"-
#26081	NEW    cov: 1880 ft: 7841 corp: 707/2342Kb lim: 65536 exec/s: 606 rss: 5619Mb L: 2/65536 MS: 3 CrossOver-Custom-CustomCrossOver-
#26227	NEW    cov: 1880 ft: 7841 corp: 705/2341Kb lim: 65536 exec/s: 609 rss: 5650Mb L: 20/65536 MS: 1 CustomCrossOver-
#26343	NEW    cov: 1880 ft: 7841 corp: 703/2341Kb lim: 65536 exec/s: 612 rss: 5675Mb L: 2/65536 MS: 1 CustomCrossOver-
#26356	NEW    cov: 1880 ft: 7841 corp: 703/2341Kb lim: 65536 exec/s: 612 rss: 5678Mb L: 2/65536 MS: 4 CustomCrossOver-CustomCrossOver-ChangeByte-Custom-
#26359	NEW    cov: 1880 ft: 7843 corp: 704/2341Kb lim: 65536 exec/s: 613 rss: 5678Mb L: 14/65536 MS: 5 InsertByte-Custom-CustomCrossOver-EraseBytes-Custom-
#26370	NEW    cov: 1880 ft: 7843 corp: 704/2341Kb lim: 65536 exec/s: 613 rss: 5681Mb L: 17/65536 MS: 2 EraseBytes-Custom-
