INFO: found LLVMFuzzerCustomMutator (0x4d05e8). Disabling -len_control by default.
Dictionary: 286 entries
INFO: Running with entropic power schedule (0xFF, 100).
INFO: Seed: 1024257559
INFO: Loaded 1 modules   (4931 inline 8-bit counters): 4931 [0x1494dbc, 0x14960ff), 
INFO: Loaded 1 PC tables (4931 PCs): 4931 [0x11acb48,0x11bff78), 
INFO:     3564 files found in report/fuzz/corpus/lua_dsl
INFO: seed corpus: files: 3564 min: 1b max: 65536b total: 7046795b rss: 31Mb
#2048	pulse  cov: 1824 ft: 5776 corp: 216/1078b exec/s: 1024 rss: 449Mb
#3521	INITED cov: 1880 ft: 6799 corp: 539/2069Kb exec/s: 1173 rss: 781Mb
#3525	NEW    cov: 1880 ft: 6799 corp: 539/2069Kb lim: 65536 exec/s: 1175 rss: 782Mb L: 62/65536 MS: 6 CopyPart-Custom-EraseBytes-Custom-CustomCrossOver-CustomCrossOver-
#3526	NEW    cov: 1880 ft: 6799 corp: 540/2069Kb lim: 65536 exec/s: 1175 rss: 783Mb L: 59/65536 MS: 2 ChangeBit-Custom-
#3532	NEW    cov: 1880 ft: 6799 corp: 541/2069Kb lim: 65536 exec/s: 1177 rss: 784Mb L: 2/65536 MS: 2 EraseBytes-Custom-
#3533	NEW    cov: 1880 ft: 6799 corp: 540/2069Kb lim: 65536 exec/s: 1177 rss: 784Mb L: 14/65536 MS: 2 CMP-Custom- DE: "\001\000\001\000\000\000\000\000"-
#3536	NEW    cov: 1880 ft: 6799 corp: 540/2069Kb lim: 65536 exec/s: 1178 rss: 785Mb L: 3/65536 MS: 5 ShuffleBytes-Custom-InsertByte-Custom-CustomCrossOver-
#3538	NEW    cov: 1880 ft: 6799 corp: 540/2069Kb lim: 65536 exec/s: 1179 rss: 785Mb L: 23/65536 MS: 2 CustomCrossOver-CustomCrossOver-
#3544	NEW    cov: 1880 ft: 6799 corp: 540/2069Kb lim: 65536 exec/s: 1181 rss: 786Mb L: 9/65536 MS: 1 CustomCrossOver-
#3545	NEW    cov: 1880 ft: 6799 corp: 539/2068Kb lim: 65536 exec/s: 1181 rss: 786Mb L: 129/65536 MS: 1 CustomCrossOver-
#3551	NEW    cov: 1880 ft: 6799 corp: 539/2067Kb lim: 65536 exec/s: 1183 rss: 787Mb L: 65/65536 MS: 1 CustomCrossOver-
#3553	NEW    cov: 1880 ft: 6799 corp: 540/2067Kb lim: 65536 exec/s: 1184 rss: 788Mb L: 36/65536 MS: 3 ChangeByte-Custom-CustomCrossOver-
#3555	NEW    cov: 1880 ft: 6799 corp: 541/2067Kb lim: 65536 exec/s: 1185 rss: 788Mb L: 79/65536 MS: 3 InsertRepeatedBytes-Custom-CustomCrossOver-
#3560	NEW    cov: 1880 ft: 6799 corp: 540/2056Kb lim: 65536 exec/s: 1186 rss: 789Mb L: 5252/65536 MS: 9 CustomCrossOver-ShuffleBytes-Custom-ChangeByte-Custom-CopyPart-Custom-ChangeBit-Custom-
#3561	NEW    cov: 1880 ft: 6799 corp: 540/2056Kb lim: 65536 exec/s: 1187 rss: 789Mb L: 11/65536 MS: 2 PersAutoDict-Custom- DE: "\001\000\001\000\000\000\000\000"-
#3562	NEW    cov: 1880 ft: 6799 corp: 539/2056Kb lim: 65536 exec/s: 1187 rss: 790Mb L: 1/65536 MS: 1 CustomCrossOver-
#3563	NEW    cov: 1880 ft: 6802 corp: 540/2058Kb lim: 65536 exec/s: 1187 rss: 790Mb L: 1597/65536 MS: 2 CMP-Custom- DE: "\000\002"-
#3564	NEW    cov: 1880 ft: 6802 corp: 540/2058Kb lim: 65536 exec/s: 1188 rss: 790Mb L: 22/65536 MS: 2 ManualDict-Custom- DE: "setGcThroughputMode"-
#3565	NEW    cov: 1880 ft: 6802 corp: 541/2058Kb lim: 65536 exec/s: 1188 rss: 790Mb L: 2/65536 MS: 1 CustomCrossOver-
#3566	NEW    cov: 1880 ft: 6802 corp: 541/2058Kb lim: 65536 exec/s: 1188 rss: 791Mb L: 2/65536 MS: 1 CustomCrossOver-
#3567	NEW    cov: 1880 ft: 6802 corp: 541/2058Kb lim: 65536 exec/s: 1189 rss: 791Mb L: 2/65536 MS: 1 CustomCrossOver-
#3579	NEW    cov: 1880 ft: 6802 corp: 541/2058Kb lim: 65536 exec/s: 1193 rss: 793Mb L: 2/65536 MS: 2 CustomCrossOver-CustomCrossOver-
#3580	NEW    cov: 1880 ft: 6802 corp: 542/2058Kb lim: 65536 exec/s: 1193 rss: 794Mb L: 2/65536 MS: 1 CustomCrossOver-
#3583	NEW    cov: 1880 ft: 6802 corp: 542/2058Kb lim: 65536 exec/s: 1194 rss: 794Mb L: 16/65536 MS: 4 InsertRepeatedBytes-Custom-CustomCrossOver-CustomCrossOver-
#3589	NEW    cov: 1880 ft: 6802 corp: 541/2058Kb lim: 65536 exec/s: 1196 rss: 796Mb L: 19/65536 MS: 2 ChangeASCIIInt-Custom-
#3595	NEW    cov: 1880 ft: 6802 corp: 542/2060Kb lim: 65536 exec/s: 1198 rss: 797Mb L: 2522/65536 MS: 1 CustomCrossOver-
#3596	NEW    cov: 1880 ft: 6802 corp: 542/2060Kb lim: 65536 exec/s: 1198 rss: 797Mb L: 4/65536 MS: 2 InsertByte-Custom-
#3602	NEW    cov: 1880 ft: 6802 corp: 543/2060Kb lim: 65536 exec/s: 1200 rss: 799Mb L: 8/65536 MS: 2 CrossOver-Custom-
#3607	NEW    cov: 1880 ft: 6802 corp: 543/2060Kb lim: 65536 exec/s: 1202 rss: 800Mb L: 23/65536 MS: 9 InsertByte-Custom-InsertRepeatedBytes-Custom-CustomCrossOver-EraseBytes-Custom-PersAutoDict-Custom- DE: "\001\000\001\000\000\000\000\000"-
#3608	NEW    cov: 1880 ft: 6802 corp: 544/2060Kb lim: 65536 exec/s: 1202 rss: 800Mb L: 34/65536 MS: 1 CustomCrossOver-
#3610	NEW    cov: 1880 ft: 6802 corp: 545/2060Kb lim: 65536 exec/s: 1203 rss: 800Mb L: 6/65536 MS: 3 ChangeByte-Custom-CustomCrossOver-
#3612	NEW    cov: 1880 ft: 6802 corp: 546/2060Kb lim: 65536 exec/s: 1204 rss: 801Mb L: 9/65536 MS: 3 InsertByte-Custom-CustomCrossOver-
#3622	NEW    cov: 1880 ft: 6802 corp: 547/2063Kb lim: 65536 exec/s: 1207 rss: 803Mb L: 3013/65536 MS: 8 CustomCrossOver-InsertByte-Custom-CustomCrossOver-ChangeBit-Custom-EraseBytes-Custom-
#3624	NEW    cov: 1880 ft: 6802 corp: 547/2063Kb lim: 65536 exec/s: 1208 rss: 803Mb L: 2/65536 MS: 3 ShuffleBytes-Custom-CustomCrossOver-
#3625	NEW    cov: 1880 ft: 6802 corp: 548/2063Kb lim: 65536 exec/s: 1208 rss: 804Mb L: 2/65536 MS: 1 CustomCrossOver-
#3626	NEW    cov: 1880 ft: 6802 corp: 548/2063Kb lim: 65536 exec/s: 1208 rss: 804Mb L: 6/65536 MS: 2 ManualDict-Custom- DE: "gzip"-
#3647	NEW    cov: 1880 ft: 6802 corp: 549/2063Kb lim: 65536 exec/s: 1215 rss: 809Mb L: 11/65536 MS: 2 ChangeBinInt-Custom-
#3648	NEW    cov: 1880 ft: 6802 corp: 549/2063Kb lim: 65536 exec/s: 1216 rss: 809Mb L: 1/65536 MS: 2 ChangeByte-Custom-
#3653	NEW    cov: 1880 ft: 6802 corp: 549/2063Kb lim: 65536 exec/s: 1217 rss: 810Mb L: 17/65536 MS: 6 CustomCrossOver-ChangeByte-Custom-CustomCrossOver-CustomCrossOver-CustomCrossOver-
#3654	NEW    cov: 1880 ft: 6802 corp: 547/2063Kb lim: 65536 exec/s: 1218 rss: 810Mb L: 4/65536 MS: 1 CustomCrossOver-
#3661	NEW    cov: 1880 ft: 6802 corp: 546/2061Kb lim: 65536 exec/s: 1220 rss: 812Mb L: 511/65536 MS: 2 CustomCrossOver-CustomCrossOver-
#3670	NEW    cov: 1880 ft: 6802 corp: 546/2060Kb lim: 65536 exec/s: 1223 rss: 814Mb L: 143/65536 MS: 7 ManualDict-Custom-InsertByte-Custom-CrossOver-Custom-CustomCrossOver- DE: "buildScriptPath"-
#3672	NEW    cov: 1880 ft: 6802 corp: 546/2060Kb lim: 65536 exec/s: 1224 rss: 815Mb L: 1633/65536 MS: 4 ShuffleBytes-Custom-CrossOver-Custom-
#3674	NEW    cov: 1880 ft: 6802 corp: 546/2060Kb lim: 65536 exec/s: 1224 rss: 815Mb L: 2/65536 MS: 3 EraseBytes-Custom-CustomCrossOver-
#3675	NEW    cov: 1880 ft: 6802 corp: 547/2060Kb lim: 65536 exec/s: 1225 rss: 815Mb L: 36/65536 MS: 2 ChangeBit-Custom-
#3681	NEW    cov: 1880 ft: 6802 corp: 548/2060Kb lim: 65536 exec/s: 1227 rss: 817Mb L: 4/65536 MS: 2 InsertByte-Custom-
#3686	NEW    cov: 1880 ft: 6802 corp: 548/2056Kb lim: 65536 exec/s: 1228 rss: 818Mb L: 201/65536 MS: 10 InsertByte-Custom-ChangeBinInt-Custom-InsertRepeatedBytes-Custom-ShuffleBytes-Custom-InsertRepeatedBytes-Custom-
#3689	NEW    cov: 1880 ft: 6802 corp: 549/2056Kb lim: 65536 exec/s: 1229 rss: 819Mb L: 8/65536 MS: 4 CustomCrossOver-CustomCrossOver-ShuffleBytes-Custom-
#3690	NEW    cov: 1880 ft: 6802 corp: 548/2056Kb lim: 65536 exec/s: 1230 rss: 819Mb L: 6/65536 MS: 2 ShuffleBytes-Custom-
#3691	NEW    cov: 1880 ft: 6802 corp: 549/2056Kb lim: 65536 exec/s: 1230 rss: 819Mb L: 2/65536 MS: 1 CustomCrossOver-
#3697	NEW    cov: 1880 ft: 6802 corp: 549/2056Kb lim: 65536 exec/s: 1232 rss: 820Mb L: 3/65536 MS: 1 CustomCrossOver-
#3698	NEW    cov: 1880 ft: 6802 corp: 548/2056Kb lim: 65536 exec/s: 1232 rss: 821Mb L: 2/65536 MS: 1 CustomCrossOver-
#3700	NEW    cov: 1880 ft: 6802 corp: 547/2056Kb lim: 65536 exec/s: 1233 rss: 821Mb L: 4/65536 MS: 3 CustomCrossOver-EraseBytes-Custom-
#3712	NEW    cov: 1880 ft: 6802 corp: 548/2056Kb lim: 65536 exec/s: 1237 rss: 824Mb L: 33/65536 MS: 4 InsertRepeatedBytes-Custom-ChangeBinInt-Custom-
#3714	NEW    cov: 1880 ft: 6802 corp: 549/2056Kb lim: 65536 exec/s: 1238 rss: 824Mb L: 17/65536 MS: 3 ChangeBinInt-Custom-CustomCrossOver-
#3721	NEW    cov: 1880 ft: 6802 corp: 547/2056Kb lim: 65536 exec/s: 1240 rss: 826Mb L: 43/65536 MS: 3 CustomCrossOver-CopyPart-Custom-
#3732	NEW    cov: 1880 ft: 6802 corp: 547/2051Kb lim: 65536 exec/s: 1244 rss: 829Mb L: 2522/65536 MS: 1 CustomCrossOver-
#3734	NEW    cov: 1880 ft: 6802 corp: 547/2041Kb lim: 65536 exec/s: 1244 rss: 829Mb L: 18126/65536 MS: 3 CMP-Custom-CustomCrossOver- DE: "\014\000\000\000\000\000\000\000"-
#3740	NEW    cov: 1880 ft: 6802 corp: 547/2037Kb lim: 65536 exec/s: 1246 rss: 831Mb L: 100/65536 MS: 1 CustomCrossOver-
#3741	NEW    cov: 1880 ft: 6802 corp: 548/2037Kb lim: 65536 exec/s: 1247 rss: 831Mb L: 61/65536 MS: 1 CustomCrossOver-
#3742	NEW    cov: 1880 ft: 6802 corp: 548/2037Kb lim: 65536 exec/s: 1247 rss: 831Mb L: 22/65536 MS: 2 CMP-Custom- DE: "\002\000\000\000\000\000\000\000"-
#3743	NEW    cov: 1880 ft: 6802 corp: 549/2037Kb lim: 65536 exec/s: 1247 rss: 831Mb L: 2/65536 MS: 2 InsertByte-Custom-
#3750	NEW    cov: 1880 ft: 6802 corp: 550/2037Kb lim: 65536 exec/s: 1250 rss: 833Mb L: 2/65536 MS: 2 CustomCrossOver-CustomCrossOver-
#3758	NEW    cov: 1880 ft: 6802 corp: 551/2037Kb lim: 65536 exec/s: 1252 rss: 834Mb L: 2/65536 MS: 5 CopyPart-Custom-PersAutoDict-Custom-CustomCrossOver- DE: "gzip"-
#3759	NEW    cov: 1880 ft: 6802 corp: 552/2037Kb lim: 65536 exec/s: 1253 rss: 834Mb L: 3/65536 MS: 2 InsertByte-Custom-
#3765	NEW    cov: 1880 ft: 6802 corp: 551/2037Kb lim: 65536 exec/s: 1255 rss: 835Mb L: 19/65536 MS: 1 CustomCrossOver-
#3785	NEW    cov: 1880 ft: 6802 corp: 551/2036Kb lim: 65536 exec/s: 946 rss: 840Mb L: 2522/65536 MS: 9 ChangeBinInt-Custom-CMP-Custom-ManualDict-Custom-ChangeBinInt-Custom-CustomCrossOver- DE: "\026\000\000\000"-"worker"-
#3797	NEW    cov: 1880 ft: 6803 corp: 550/2033Kb lim: 65536 exec/s: 949 rss: 843Mb L: 59/65536 MS: 3 ChangeByte-Custom-CustomCrossOver-
#3798	NEW    cov: 1880 ft: 6803 corp: 550/2033Kb lim: 65536 exec/s: 949 rss: 843Mb L: 27/65536 MS: 2 ShuffleBytes-Custom-
#3804	NEW    cov: 1880 ft: 6803 corp: 551/2033Kb lim: 65536 exec/s: 951 rss: 844Mb L: 1/65536 MS: 1 CustomCrossOver-
#3807	NEW    cov: 1880 ft: 6803 corp: 552/2033Kb lim: 65536 exec/s: 951 rss: 845Mb L: 9/65536 MS: 6 ChangeByte-Custom-InsertByte-Custom-CMP-Custom- DE: "__sub"-
#3813	NEW    cov: 1880 ft: 6803 corp: 552/2033Kb lim: 65536 exec/s: 953 rss: 846Mb L: 20/65536 MS: 2 ShuffleBytes-Custom-
#3814	NEW    cov: 1880 ft: 6803 corp: 551/2033Kb lim: 65536 exec/s: 953 rss: 846Mb L: 32/65536 MS: 2 PersAutoDict-Custom- DE: "setGcThroughputMode"-
#3815	NEW    cov: 1880 ft: 6803 corp: 551/2033Kb lim: 65536 exec/s: 953 rss: 846Mb L: 2/65536 MS: 2 InsertByte-Custom-
#3825	NEW    cov: 1880 ft: 6803 corp: 551/2033Kb lim: 65536 exec/s: 956 rss: 848Mb L: 7/65536 MS: 7 CustomCrossOver-CustomCrossOver-CustomCrossOver-ChangeByte-Custom-ShuffleBytes-Custom-
#3826	NEW    cov: 1880 ft: 6803 corp: 551/2033Kb lim: 65536 exec/s: 956 rss: 849Mb L: 66/65536 MS: 1 CustomCrossOver-
#3832	NEW    cov: 1880 ft: 6803 corp: 552/2033Kb lim: 65536 exec/s: 958 rss: 850Mb L: 289/65536 MS: 1 CustomCrossOver-
#3834	NEW    cov: 1880 ft: 6803 corp: 552/2033Kb lim: 65536 exec/s: 958 rss: 850Mb L: 33/65536 MS: 2 CustomCrossOver-CustomCrossOver-
#3855	NEW    cov: 1880 ft: 6807 corp: 553/2034Kb lim: 65536 exec/s: 963 rss: 855Mb L: 1022/65536 MS: 2 InsertByte-Custom-
#3856	NEW    cov: 1880 ft: 6807 corp: 552/2033Kb lim: 65536 exec/s: 964 rss: 855Mb L: 88/65536 MS: 2 InsertRepeatedBytes-Custom-
#3860	NEW    cov: 1880 ft: 6807 corp: 552/2033Kb lim: 65536 exec/s: 965 rss: 856Mb L: 1/65536 MS: 5 CustomCrossOver-CustomCrossOver-CustomCrossOver-EraseBytes-Custom-
#3861	NEW    cov: 1880 ft: 6807 corp: 553/2034Kb lim: 65536 exec/s: 965 rss: 856Mb L: 321/65536 MS: 1 CustomCrossOver-
#3887	NEW    cov: 1880 ft: 6807 corp: 553/2034Kb lim: 65536 exec/s: 971 rss: 862Mb L: 31/65536 MS: 2 CMP-Custom- DE: "\377\377\377\036"-
#3898	NEW    cov: 1880 ft: 6807 corp: 553/2032Kb lim: 65536 exec/s: 974 rss: 865Mb L: 515/65536 MS: 1 CustomCrossOver-
#3909	NEW    cov: 1880 ft: 6807 corp: 554/2032Kb lim: 65536 exec/s: 977 rss: 867Mb L: 1/65536 MS: 2 ChangeByte-Custom-
#3920	NEW    cov: 1880 ft: 6807 corp: 555/2032Kb lim: 65536 exec/s: 980 rss: 870Mb L: 1/65536 MS: 2 ShuffleBytes-Custom-
#3931	NEW    cov: 1880 ft: 6807 corp: 555/2032Kb lim: 65536 exec/s: 982 rss: 872Mb L: 39/65536 MS: 2 ShuffleBytes-Custom-
#3936	NEW    cov: 1880 ft: 6807 corp: 556/2032Kb lim: 65536 exec/s: 984 rss: 873Mb L: 20/65536 MS: 6 PersAutoDict-Custom-CustomCrossOver-CustomCrossOver-CustomCrossOver-CustomCrossOver- DE: "\002\000\000\000\000\000\000\000"-
#3937	NEW    cov: 1880 ft: 6810 corp: 557/2032Kb lim: 65536 exec/s: 984 rss: 873Mb L: 85/65536 MS: 2 ChangeBit-Custom-
#3942	NEW    cov: 1880 ft: 6810 corp: 557/2032Kb lim: 65536 exec/s: 985 rss: 875Mb L: 2/65536 MS: 7 CustomCrossOver-CustomCrossOver-EraseBytes-Custom-CustomCrossOver-ShuffleBytes-Custom-
#3963	NEW    cov: 1880 ft: 6810 corp: 558/2032Kb lim: 65536 exec/s: 990 rss: 879Mb L: 64/65536 MS: 2 InsertRepeatedBytes-Custom-
#3969	NEW    cov: 1880 ft: 6881 corp: 559/2036Kb lim: 65536 exec/s: 992 rss: 881Mb L: 4097/65536 MS: 1 CustomCrossOver-
#3970	NEW    cov: 1880 ft: 6889 corp: 559/2032Kb lim: 65536 exec/s: 992 rss: 881Mb L: 63/65536 MS: 1 CustomCrossOver-
#3971	NEW    cov: 1880 ft: 6889 corp: 560/2032Kb lim: 65536 exec/s: 992 rss: 881Mb L: 7/65536 MS: 1 CustomCrossOver-
#3977	NEW    cov: 1880 ft: 6889 corp: 561/2032Kb lim: 65536 exec/s: 994 rss: 882Mb L: 4/65536 MS: 1 CustomCrossOver-
#3984	NEW    cov: 1880 ft: 6889 corp: 562/2032Kb lim: 65536 exec/s: 996 rss: 884Mb L: 8/65536 MS: 4 InsertByte-Custom-CrossOver-Custom-
#4025	NEW    cov: 1880 ft: 6889 corp: 561/2032Kb lim: 65536 exec/s: 1006 rss: 893Mb L: 41/65536 MS: 1 CustomCrossOver-
#4028	NEW    cov: 1880 ft: 6889 corp: 561/2030Kb lim: 65536 exec/s: 1007 rss: 894Mb L: 1419/65536 MS: 4 CustomCrossOver-CustomCrossOver-ChangeBinInt-Custom-
#4034	NEW    cov: 1880 ft: 6889 corp: 561/2030Kb lim: 65536 exec/s: 1008 rss: 895Mb L: 22/65536 MS: 2 PersAutoDict-Custom- DE: "\002\000\000\000\000\000\000\000"-
#4046	NEW    cov: 1880 ft: 6889 corp: 561/2030Kb lim: 65536 exec/s: 1011 rss: 898Mb L: 6/65536 MS: 3 ManualDict-Custom-CustomCrossOver- DE: "broken"-
#4053	NEW    cov: 1880 ft: 6889 corp: 561/2030Kb lim: 65536 exec/s: 1013 rss: 899Mb L: 16/65536 MS: 3 CustomCrossOver-EraseBytes-Custom-
#4091	NEW    cov: 1880 ft: 6889 corp: 562/2030Kb lim: 65536 exec/s: 1022 rss: 908Mb L: 6/65536 MS: 5 CustomCrossOver-InsertByte-Custom-InsertByte-Custom-
#4096	pulse  cov: 1880 ft: 6889 corp: 562/2030Kb lim: 65536 exec/s: 1024 rss: 909Mb
#4102	NEW    cov: 1880 ft: 6889 corp: 562/2030Kb lim: 65536 exec/s: 1025 rss: 910Mb L: 25/65536 MS: 1 CustomCrossOver-
#4111	NEW    cov: 1880 ft: 6889 corp: 562/2030Kb lim: 65536 exec/s: 1027 rss: 912Mb L: 116/65536 MS: 6 CustomCrossOver-ShuffleBytes-Custom-CustomCrossOver-InsertRepeatedBytes-Custom-
#4126	NEW    cov: 1880 ft: 6889 corp: 561/2030Kb lim: 65536 exec/s: 1031 rss: 915Mb L: 12/65536 MS: 8 CustomCrossOver-ChangeByte-Custom-ShuffleBytes-Custom-CustomCrossOver-CrossOver-Custom-
#4130	NEW    cov: 1880 ft: 6889 corp: 561/2030Kb lim: 65536 exec/s: 1032 rss: 916Mb L: 13/65536 MS: 7 CustomCrossOver-PersAutoDict-Custom-CopyPart-Custom-ChangeByte-Custom- DE: "\014\000\000\000\000\000\000\000"-
#4156	NEW    cov: 1880 ft: 6889 corp: 561/2030Kb lim: 65536 exec/s: 1039 rss: 921Mb L: 66/65536 MS: 1 CustomCrossOver-
#4178	NEW    cov: 1880 ft: 6889 corp: 561/2030Kb lim: 65536 exec/s: 1044 rss: 927Mb L: 18/65536 MS: 3 CrossOver-Custom-CustomCrossOver-
#4191	NEW    cov: 1880 ft: 6889 corp: 560/2030Kb lim: 65536 exec/s: 1047 rss: 930Mb L: 20/65536 MS: 4 InsertRepeatedBytes-Custom-CustomCrossOver-CustomCrossOver-
#4208	NEW    cov: 1880 ft: 6954 corp: 561/2030Kb lim: 65536 exec/s: 1052 rss: 933Mb L: 127/65536 MS: 3 CrossOver-Custom-CustomCrossOver-
#4215	NEW    cov: 1880 ft: 6954 corp: 562/2030Kb lim: 65536 exec/s: 1053 rss: 934Mb L: 4/65536 MS: 3 CustomCrossOver-ChangeBit-Custom-
#4227	NEW    cov: 1880 ft: 6954 corp: 563/2030Kb lim: 65536 exec/s: 1056 rss: 937Mb L: 1/65536 MS: 3 CustomCrossOver-EraseBytes-Custom-
#4229	NEW    cov: 1880 ft: 6954 corp: 564/2030Kb lim: 65536 exec/s: 1057 rss: 937Mb L: 1/65536 MS: 4 EraseBytes-Custom-ShuffleBytes-Custom-
#4239	NEW    cov: 1880 ft: 6954 corp: 564/2030Kb lim: 65536 exec/s: 1059 rss: 939Mb L: 2/65536 MS: 8 CopyPart-Custom-InsertByte-Custom-CustomCrossOver-CustomCrossOver-ManualDict-Custom- DE: "\036"-
#4250	NEW    cov: 1880 ft: 6954 corp: 565/2030Kb lim: 65536 exec/s: 1062 rss: 942Mb L: 17/65536 MS: 2 PersAutoDict-Custom- DE: "broken"-
#4251	NEW    cov: 1880 ft: 6954 corp: 564/2030Kb lim: 65536 exec/s: 1062 rss: 942Mb L: 19/65536 MS: 2 ShuffleBytes-Custom-
#4252	NEW    cov: 1880 ft: 6954 corp: 565/2030Kb lim: 65536 exec/s: 1063 rss: 942Mb L: 17/65536 MS: 1 CustomCrossOver-
#4263	NEW    cov: 1880 ft: 6954 corp: 565/2030Kb lim: 65536 exec/s: 1065 rss: 944Mb L: 34/65536 MS: 2 EraseBytes-Custom-
#4267	NEW    cov: 1880 ft: 6954 corp: 565/2029Kb lim: 65536 exec/s: 1066 rss: 945Mb L: 86/65536 MS: 6 CustomCrossOver-InsertRepeatedBytes-Custom-CustomCrossOver-PersAutoDict-Custom- DE: "setGcThroughputMode"-
#4274	NEW    cov: 1880 ft: 6954 corp: 565/2029Kb lim: 65536 exec/s: 1068 rss: 947Mb L: 514/65536 MS: 4 ChangeBinInt-Custom-InsertByte-Custom-
#4275	NEW    cov: 1880 ft: 6954 corp: 565/2029Kb lim: 65536 exec/s: 1068 rss: 947Mb L: 2/65536 MS: 1 CustomCrossOver-
#4292	NEW    cov: 1880 ft: 6954 corp: 565/2029Kb lim: 65536 exec/s: 1073 rss: 951Mb L: 132/65536 MS: 3 PersAutoDict-Custom-CustomCrossOver- DE: "\377\377\377\036"-
#4294	NEW    cov: 1880 ft: 6954 corp: 564/2029Kb lim: 65536 exec/s: 1073 rss: 951Mb L: 12/65536 MS: 4 CopyPart-Custom-CopyPart-Custom-
#4295	NEW    cov: 1880 ft: 6954 corp: 564/2029Kb lim: 65536 exec/s: 1073 rss: 951Mb L: 1/65536 MS: 2 ShuffleBytes-Custom-
#4306	NEW    cov: 1880 ft: 6954 corp: 564/2029Kb lim: 65536 exec/s: 1076 rss: 954Mb L: 31/65536 MS: 2 ShuffleBytes-Custom-
#4307	NEW    cov: 1880 ft: 6954 corp: 564/2029Kb lim: 65536 exec/s: 1076 rss: 954Mb L: 65/65536 MS: 2 CopyPart-Custom-
#4343	NEW    cov: 1880 ft: 6954 corp: 564/2029Kb lim: 65536 exec/s: 1085 rss: 962Mb L: 10/65536 MS: 2 ManualDict-Custom- DE: "artifact"-
#4355	NEW    cov: 1880 ft: 6954 corp: 565/2029Kb lim: 65536 exec/s: 1088 rss: 964Mb L: 4/65536 MS: 3 ManualDict-Custom-CustomCrossOver- DE: ";"-
#4372	NEW    cov: 1880 ft: 6954 corp: 565/2029Kb lim: 65536 exec/s: 1093 rss: 967Mb L: 13/65536 MS: 4 ShuffleBytes-Custom-ChangeByte-Custom-
#4388	NEW    cov: 1880 ft: 6954 corp: 565/2029Kb lim: 65536 exec/s: 1097 rss: 971Mb L: 46/65536 MS: 2 EraseBytes-Custom-
#4396	NEW    cov: 1880 ft: 6954 corp: 565/2029Kb lim: 65536 exec/s: 1099 rss: 971Mb L: 16/65536 MS: 6 ChangeBit-Custom-InsertRepeatedBytes-Custom-CMP-Custom- DE: "\001\000\000\000\000\000\000\001"-
#4414	NEW    cov: 1880 ft: 6955 corp: 566/2029Kb lim: 65536 exec/s: 1103 rss: 975Mb L: 36/65536 MS: 5 CopyPart-Custom-EraseBytes-Custom-CustomCrossOver-
#4440	NEW    cov: 1880 ft: 6955 corp: 566/2029Kb lim: 65536 exec/s: 1110 rss: 981Mb L: 8/65536 MS: 1 CustomCrossOver-
#4450	NEW    cov: 1880 ft: 6956 corp: 567/2029Kb lim: 65536 exec/s: 1112 rss: 983Mb L: 2/65536 MS: 8 CustomCrossOver-CustomCrossOver-ChangeByte-Custom-ChangeBinInt-Custom-ShuffleBytes-Custom-
#4451	NEW    cov: 1880 ft: 6956 corp: 568/2031Kb lim: 65536 exec/s: 1112 rss: 984Mb L: 2128/65536 MS: 2 InsertRepeatedBytes-Custom-
#4452	NEW    cov: 1880 ft: 6957 corp: 569/2031Kb lim: 65536 exec/s: 1113 rss: 984Mb L: 512/65536 MS: 2 CMP-Custom- DE: "\377\377\377\377\377\377\377\010"-
#4453	NEW    cov: 1880 ft: 6960 corp: 569/2031Kb lim: 65536 exec/s: 1113 rss: 984Mb L: 144/65536 MS: 1 CustomCrossOver-
#4456	NEW    cov: 1880 ft: 6966 corp: 570/2055Kb lim: 65536 exec/s: 1114 rss: 985Mb L: 24321/65536 MS: 6 ManualDict-Custom-ShuffleBytes-Custom-ManualDict-Custom- DE: "BEEZ_FZ_"-"TERM"-
#4469	NEW    cov: 1880 ft: 6966 corp: 570/2055Kb lim: 65536 exec/s: 1117 rss: 988Mb L: 21/65536 MS: 5 CustomCrossOver-EraseBytes-Custom-ManualDict-Custom- DE: "repeat"-
#4471	NEW    cov: 1880 ft: 6966 corp: 571/2055Kb lim: 65536 exec/s: 1117 rss: 988Mb L: 18/65536 MS: 3 CustomCrossOver-ChangeByte-Custom-
#4473	NEW    cov: 1880 ft: 6966 corp: 572/2055Kb lim: 65536 exec/s: 1118 rss: 989Mb L: 2/65536 MS: 4 ChangeByte-Custom-CopyPart-Custom-
#4479	NEW    cov: 1880 ft: 6966 corp: 573/2055Kb lim: 65536 exec/s: 1119 rss: 990Mb L: 86/65536 MS: 2 ChangeByte-Custom-
#4753	RELOAD cov: 1880 ft: 7077 corp: 590/2090Kb lim: 65536 exec/s: 1188 rss: 1049Mb
#4769	NEW    cov: 1880 ft: 7077 corp: 591/2090Kb lim: 65536 exec/s: 953 rss: 1052Mb L: 1/65536 MS: 2 ShuffleBytes-Custom-
#4790	NEW    cov: 1880 ft: 7077 corp: 591/2080Kb lim: 65536 exec/s: 958 rss: 1057Mb L: 4105/65536 MS: 2 InsertRepeatedBytes-Custom-
#4793	NEW    cov: 1880 ft: 7077 corp: 591/2080Kb lim: 65536 exec/s: 958 rss: 1057Mb L: 47/65536 MS: 6 InsertRepeatedBytes-Custom-EraseBytes-Custom-EraseBytes-Custom-
#4827	NEW    cov: 1880 ft: 7077 corp: 591/2080Kb lim: 65536 exec/s: 965 rss: 1064Mb L: 1/65536 MS: 7 ChangeByte-Custom-InsertRepeatedBytes-Custom-CustomCrossOver-EraseBytes-Custom-
#4908	NEW    cov: 1880 ft: 7077 corp: 592/2080Kb lim: 65536 exec/s: 981 rss: 1082Mb L: 16/65536 MS: 1 CustomCrossOver-
#4910	NEW    cov: 1880 ft: 7077 corp: 592/2080Kb lim: 65536 exec/s: 982 rss: 1082Mb L: 4/65536 MS: 4 ShuffleBytes-Custom-InsertByte-Custom-
#4911	NEW    cov: 1880 ft: 7078 corp: 593/2084Kb lim: 65536 exec/s: 982 rss: 1082Mb L: 4850/65536 MS: 1 CustomCrossOver-
#4938	NEW    cov: 1880 ft: 7078 corp: 593/2084Kb lim: 65536 exec/s: 987 rss: 1088Mb L: 43/65536 MS: 3 CustomCrossOver-ChangeASCIIInt-Custom-
#4945	NEW    cov: 1880 ft: 7078 corp: 593/2083Kb lim: 65536 exec/s: 989 rss: 1090Mb L: 2/65536 MS: 4 ChangeBit-Custom-CopyPart-Custom-
#4956	NEW    cov: 1880 ft: 7080 corp: 594/2083Kb lim: 65536 exec/s: 991 rss: 1092Mb L: 36/65536 MS: 1 CustomCrossOver-
#4973	NEW    cov: 1880 ft: 7080 corp: 593/2083Kb lim: 65536 exec/s: 994 rss: 1097Mb L: 9/65536 MS: 4 InsertByte-Custom-InsertByte-Custom-
#4991	NEW    cov: 1880 ft: 7080 corp: 594/2086Kb lim: 65536 exec/s: 998 rss: 1100Mb L: 2369/65536 MS: 6 ManualDict-Custom-EraseBytes-Custom-ChangeByte-Custom- DE: "phase"-
#5004	NEW    cov: 1880 ft: 7080 corp: 594/2086Kb lim: 65536 exec/s: 1000 rss: 1103Mb L: 3/65536 MS: 4 EraseBytes-Custom-CustomCrossOver-CustomCrossOver-
#5032	NEW    cov: 1880 ft: 7080 corp: 595/2086Kb lim: 65536 exec/s: 1006 rss: 1109Mb L: 2/65536 MS: 4 CopyPart-Custom-CustomCrossOver-CustomCrossOver-
#5046	NEW    cov: 1880 ft: 7080 corp: 595/2082Kb lim: 65536 exec/s: 1009 rss: 1112Mb L: 1043/65536 MS: 8 ChangeBit-Custom-EraseBytes-Custom-EraseBytes-Custom-CrossOver-Custom-
#5052	NEW    cov: 1880 ft: 7080 corp: 595/2082Kb lim: 65536 exec/s: 1010 rss: 1114Mb L: 37/65536 MS: 1 CustomCrossOver-
#5078	NEW    cov: 1880 ft: 7095 corp: 596/2084Kb lim: 65536 exec/s: 1015 rss: 1119Mb L: 2050/65536 MS: 1 CustomCrossOver-
#5099	NEW    cov: 1880 ft: 7095 corp: 595/2084Kb lim: 65536 exec/s: 1019 rss: 1124Mb L: 4/65536 MS: 1 CustomCrossOver-
#5100	NEW    cov: 1880 ft: 7095 corp: 596/2084Kb lim: 65536 exec/s: 1020 rss: 1124Mb L: 22/65536 MS: 1 CustomCrossOver-
#5146	NEW    cov: 1880 ft: 7095 corp: 597/2084Kb lim: 65536 exec/s: 1029 rss: 1133Mb L: 27/65536 MS: 2 ShuffleBytes-Custom-
#5238	NEW    cov: 1880 ft: 7095 corp: 598/2084Kb lim: 65536 exec/s: 1047 rss: 1154Mb L: 1/65536 MS: 3 CustomCrossOver-EraseBytes-Custom-
#5267	NEW    cov: 1880 ft: 7096 corp: 599/2084Kb lim: 65536 exec/s: 1053 rss: 1160Mb L: 9/65536 MS: 7 CustomCrossOver-ChangeByte-Custom-ManualDict-Custom-ChangeBinInt-Custom- DE: "orphan"-
#5270	NEW    cov: 1880 ft: 7096 corp: 599/2084Kb lim: 65536 exec/s: 1054 rss: 1161Mb L: 9/65536 MS: 3 CustomCrossOver-CustomCrossOver-CustomCrossOver-
#5308	NEW    cov: 1880 ft: 7096 corp: 599/2074Kb lim: 65536 exec/s: 1061 rss: 1170Mb L: 106/65536 MS: 6 ChangeASCIIInt-Custom-CopyPart-Custom-ManualDict-Custom- DE: "registerWorkflow"-
#5320	NEW    cov: 1880 ft: 7096 corp: 600/2074Kb lim: 65536 exec/s: 1064 rss: 1172Mb L: 5/65536 MS: 2 CustomCrossOver-CustomCrossOver-
#5331	NEW    cov: 1880 ft: 7096 corp: 601/2075Kb lim: 65536 exec/s: 1066 rss: 1175Mb L: 737/65536 MS: 2 ShuffleBytes-Custom-
#5332	NEW    cov: 1880 ft: 7096 corp: 601/2075Kb lim: 65536 exec/s: 1066 rss: 1175Mb L: 65/65536 MS: 1 CustomCrossOver-
#5336	NEW    cov: 1880 ft: 7096 corp: 602/2075Kb lim: 65536 exec/s: 1067 rss: 1176Mb L: 2/65536 MS: 6 ChangeBinInt-Custom-CustomCrossOver-ChangeBit-Custom-CustomCrossOver-
#5338	NEW    cov: 1880 ft: 7096 corp: 603/2075Kb lim: 65536 exec/s: 1067 rss: 1176Mb L: 6/65536 MS: 4 ChangeBinInt-Custom-ShuffleBytes-Custom-
#5344	NEW    cov: 1880 ft: 7096 corp: 604/2075Kb lim: 65536 exec/s: 1068 rss: 1178Mb L: 95/65536 MS: 1 CustomCrossOver-
#5365	NEW    cov: 1880 ft: 7096 corp: 604/2075Kb lim: 65536 exec/s: 1073 rss: 1183Mb L: 28/65536 MS: 1 CustomCrossOver-
#5383	NEW    cov: 1880 ft: 7097 corp: 605/2076Kb lim: 65536 exec/s: 1076 rss: 1187Mb L: 1651/65536 MS: 5 ManualDict-Custom-EraseBytes-Custom-CustomCrossOver- DE: "modernize"-
#5388	NEW    cov: 1880 ft: 7099 corp: 606/2080Kb lim: 65536 exec/s: 1077 rss: 1188Mb L: 4220/65536 MS: 7 CustomCrossOver-CustomCrossOver-EraseBytes-Custom-ChangeASCIIInt-Custom-CustomCrossOver-
#5389	NEW    cov: 1880 ft: 7099 corp: 607/2080Kb lim: 65536 exec/s: 1077 rss: 1188Mb L: 4/65536 MS: 1 CustomCrossOver-
#5403	NEW    cov: 1880 ft: 7099 corp: 607/2080Kb lim: 65536 exec/s: 1080 rss: 1191Mb L: 10/65536 MS: 7 ChangeBinInt-Custom-InsertByte-Custom-ChangeASCIIInt-Custom-CustomCrossOver-
#5440	NEW    cov: 1880 ft: 7099 corp: 607/2080Kb lim: 65536 exec/s: 1088 rss: 1199Mb L: 19/65536 MS: 4 InsertRepeatedBytes-Custom-ChangeBinInt-Custom-
#5459	NEW    cov: 1880 ft: 7103 corp: 606/2080Kb lim: 65536 exec/s: 1091 rss: 1204Mb L: 37/65536 MS: 6 ShuffleBytes-Custom-CustomCrossOver-ChangeBit-Custom-CustomCrossOver-
#5462	NEW    cov: 1880 ft: 7103 corp: 606/2080Kb lim: 65536 exec/s: 1092 rss: 1205Mb L: 24/65536 MS: 4 CustomCrossOver-CustomCrossOver-InsertByte-Custom-
#5472	NEW    cov: 1880 ft: 7103 corp: 606/2080Kb lim: 65536 exec/s: 1094 rss: 1207Mb L: 16/65536 MS: 6 CustomCrossOver-CustomCrossOver-InsertRepeatedBytes-Custom-CustomCrossOver-CustomCrossOver-
#5473	NEW    cov: 1880 ft: 7103 corp: 606/2080Kb lim: 65536 exec/s: 1094 rss: 1207Mb L: 25/65536 MS: 2 EraseBytes-Custom-
#5476	NEW    cov: 1880 ft: 7104 corp: 607/2081Kb lim: 65536 exec/s: 1095 rss: 1208Mb L: 1021/65536 MS: 4 CMP-Custom-CustomCrossOver-CustomCrossOver- DE: "\377`"-
#5543	NEW    cov: 1880 ft: 7104 corp: 608/2083Kb lim: 65536 exec/s: 1108 rss: 1223Mb L: 2042/65536 MS: 4 ChangeBinInt-Custom-EraseBytes-Custom-
#5545	NEW    cov: 1880 ft: 7104 corp: 609/2083Kb lim: 65536 exec/s: 1109 rss: 1223Mb L: 9/65536 MS: 3 CustomCrossOver-EraseBytes-Custom-
#5556	NEW    cov: 1880 ft: 7104 corp: 608/2083Kb lim: 65536 exec/s: 1111 rss: 1226Mb L: 3/65536 MS: 1 CustomCrossOver-
#5576	NEW    cov: 1880 ft: 7104 corp: 609/2083Kb lim: 65536 exec/s: 1115 rss: 1230Mb L: 231/65536 MS: 8 PersAutoDict-Custom-CustomCrossOver-CustomCrossOver-ChangeBinInt-Custom-CrossOver-Custom- DE: ";"-
#5615	NEW    cov: 1880 ft: 7104 corp: 609/2083Kb lim: 65536 exec/s: 1123 rss: 1238Mb L: 16/65536 MS: 6 InsertByte-Custom-CustomCrossOver-EraseBytes-Custom-CustomCrossOver-
#5619	NEW    cov: 1880 ft: 7104 corp: 609/2083Kb lim: 65536 exec/s: 1123 rss: 1239Mb L: 12/65536 MS: 7 CMP-Custom-ChangeBinInt-Custom-CustomCrossOver-InsertByte-Custom- DE: "\033\000\000\000"-
#5637	NEW    cov: 1880 ft: 7104 corp: 610/2083Kb lim: 65536 exec/s: 1127 rss: 1243Mb L: 17/65536 MS: 4 CustomCrossOver-PersAutoDict-Custom-CustomCrossOver- DE: "broken"-
#5640	NEW    cov: 1880 ft: 7105 corp: 611/2090Kb lim: 65536 exec/s: 1128 rss: 1244Mb L: 6774/65536 MS: 5 CopyPart-Custom-ManualDict-Custom-CustomCrossOver- DE: "\036"-
#5646	NEW    cov: 1880 ft: 7105 corp: 612/2090Kb lim: 65536 exec/s: 1129 rss: 1245Mb L: 8/65536 MS: 2 CopyPart-Custom-
#5651	NEW    cov: 1880 ft: 7113 corp: 613/2090Kb lim: 65536 exec/s: 1130 rss: 1246Mb L: 321/65536 MS: 7 ChangeBinInt-Custom-CustomCrossOver-CustomCrossOver-CustomCrossOver-ChangeBit-Custom-
#5652	NEW    cov: 1880 ft: 7113 corp: 614/2090Kb lim: 65536 exec/s: 1130 rss: 1247Mb L: 21/65536 MS: 1 CustomCrossOver-
#5657	NEW    cov: 1880 ft: 7113 corp: 612/2090Kb lim: 65536 exec/s: 1131 rss: 1248Mb L: 3/65536 MS: 9 CMP-Custom-ChangeByte-Custom-ShuffleBytes-Custom-CMP-Custom-CustomCrossOver- DE: "\000\020"-"tex"-
#5693	NEW    cov: 1880 ft: 7119 corp: 613/2146Kb lim: 65536 exec/s: 1138 rss: 1256Mb L: 57349/65536 MS: 2 CopyPart-Custom-
#5705	NEW    cov: 1880 ft: 7120 corp: 613/2146Kb lim: 65536 exec/s: 1141 rss: 1259Mb L: 33/65536 MS: 3 ChangeASCIIInt-Custom-CustomCrossOver-
#5892	RELOAD cov: 1880 ft: 7124 corp: 614/2171Kb lim: 65536 exec/s: 982 rss: 1301Mb
#5904	NEW    cov: 1880 ft: 7124 corp: 615/2171Kb lim: 65536 exec/s: 984 rss: 1303Mb L: 88/65536 MS: 3 ChangeByte-Custom-CustomCrossOver-
#5908	NEW    cov: 1880 ft: 7124 corp: 615/2171Kb lim: 65536 exec/s: 984 rss: 1304Mb L: 171/65536 MS: 8 CopyPart-Custom-ManualDict-Custom-CopyPart-Custom-ChangeBinInt-Custom- DE: "mask_secrets"-
#5920	NEW    cov: 1880 ft: 7124 corp: 614/2171Kb lim: 65536 exec/s: 986 rss: 1307Mb L: 4/65536 MS: 4 ShuffleBytes-Custom-ShuffleBytes-Custom-
#5944	NEW    cov: 1880 ft: 7124 corp: 614/2171Kb lim: 65536 exec/s: 990 rss: 1312Mb L: 18/65536 MS: 7 ChangeBit-Custom-InsertByte-Custom-CrossOver-Custom-CustomCrossOver-
#5965	NEW    cov: 1880 ft: 7124 corp: 614/2171Kb lim: 65536 exec/s: 994 rss: 1317Mb L: 10/65536 MS: 2 ChangeBinInt-Custom-
#5967	NEW    cov: 1880 ft: 7124 corp: 614/2170Kb lim: 65536 exec/s: 994 rss: 1317Mb L: 43/65536 MS: 4 ManualDict-Custom-ChangeByte-Custom- DE: "description"-
#5979	NEW    cov: 1880 ft: 7124 corp: 614/2170Kb lim: 65536 exec/s: 996 rss: 1320Mb L: 16/65536 MS: 2 CustomCrossOver-CustomCrossOver-
#5997	NEW    cov: 1880 ft: 7124 corp: 613/2170Kb lim: 65536 exec/s: 999 rss: 1324Mb L: 2/65536 MS: 3 CustomCrossOver-CustomCrossOver-CustomCrossOver-
#6013	NEW    cov: 1880 ft: 7124 corp: 614/2170Kb lim: 65536 exec/s: 1002 rss: 1328Mb L: 13/65536 MS: 1 CustomCrossOver-
#6014	NEW    cov: 1880 ft: 7124 corp: 613/2170Kb lim: 65536 exec/s: 1002 rss: 1329Mb L: 17/65536 MS: 1 CustomCrossOver-
#6034	NEW    cov: 1880 ft: 7126 corp: 613/2170Kb lim: 65536 exec/s: 1005 rss: 1333Mb L: 2100/65536 MS: 7 CustomCrossOver-CustomCrossOver-CustomCrossOver-ChangeBinInt-Custom-EraseBytes-Custom-
#6042	NEW    cov: 1880 ft: 7126 corp: 613/2169Kb lim: 65536 exec/s: 1007 rss: 1335Mb L: 511/65536 MS: 3 CustomCrossOver-CustomCrossOver-CustomCrossOver-
#6046	NEW    cov: 1880 ft: 7126 corp: 613/2145Kb lim: 65536 exec/s: 1007 rss: 1336Mb L: 101/65536 MS: 6 CustomCrossOver-ChangeBinInt-Custom-CustomCrossOver-InsertRepeatedBytes-Custom-
#6062	NEW    cov: 1880 ft: 7126 corp: 614/2145Kb lim: 65536 exec/s: 1010 rss: 1340Mb L: 104/65536 MS: 1 CustomCrossOver-
#6066	NEW    cov: 1880 ft: 7126 corp: 614/2145Kb lim: 65536 exec/s: 1011 rss: 1341Mb L: 21/65536 MS: 8 ManualDict-Custom-ChangeBit-Custom-EraseBytes-Custom-InsertByte-Custom- DE: "undefined"-
#6112	NEW    cov: 1880 ft: 7126 corp: 613/2145Kb lim: 65536 exec/s: 1018 rss: 1350Mb L: 12/65536 MS: 1 CustomCrossOver-
#6113	NEW    cov: 1880 ft: 7126 corp: 612/2143Kb lim: 65536 exec/s: 1018 rss: 1351Mb L: 22/65536 MS: 2 InsertByte-Custom-
#6116	NEW    cov: 1880 ft: 7127 corp: 613/2143Kb lim: 65536 exec/s: 1019 rss: 1351Mb L: 2/65536 MS: 4 InsertRepeatedBytes-Custom-CustomCrossOver-CustomCrossOver-
#6117	NEW    cov: 1880 ft: 7127 corp: 613/2143Kb lim: 65536 exec/s: 1019 rss: 1351Mb L: 1/65536 MS: 2 ChangeByte-Custom-
#6118	NEW    cov: 1880 ft: 7127 corp: 613/2143Kb lim: 65536 exec/s: 1019 rss: 1351Mb L: 2108/65536 MS: 2 InsertRepeatedBytes-Custom-
#6119	NEW    cov: 1880 ft: 7127 corp: 613/2143Kb lim: 65536 exec/s: 1019 rss: 1352Mb L: 1/65536 MS: 2 ChangeByte-Custom-
#6121	NEW    cov: 1880 ft: 7127 corp: 614/2143Kb lim: 65536 exec/s: 1020 rss: 1352Mb L: 9/65536 MS: 4 CopyPart-Custom-ChangeByte-Custom-
#6122	NEW    cov: 1880 ft: 7127 corp: 613/2143Kb lim: 65536 exec/s: 1020 rss: 1352Mb L: 6/65536 MS: 1 CustomCrossOver-
#6132	NEW    cov: 1880 ft: 7127 corp: 613/2143Kb lim: 65536 exec/s: 1022 rss: 1353Mb L: 23/65536 MS: 8 CopyPart-Custom-CMP-Custom-CustomCrossOver-CustomCrossOver-ChangeBit-Custom- DE: "sol.sol:"-
#6156	NEW    cov: 1880 ft: 7128 corp: 614/2143Kb lim: 65536 exec/s: 1026 rss: 1359Mb L: 104/65536 MS: 8 CMP-Custom-CMP-Custom-CopyPart-Custom-EraseBytes-Custom- DE: "join"-"\000\000\000\000"-
#6161	NEW    cov: 1880 ft: 7128 corp: 614/2142Kb lim: 65536 exec/s: 1026 rss: 1360Mb L: 186/65536 MS: 8 CustomCrossOver-CustomCrossOver-EraseBytes-Custom-CrossOver-Custom-CMP-Custom- DE: "\377\377\377d"-
#6177	NEW    cov: 1880 ft: 7128 corp: 614/2142Kb lim: 65536 exec/s: 1029 rss: 1364Mb L: 7/65536 MS: 1 CustomCrossOver-
#6189	NEW    cov: 1880 ft: 7128 corp: 614/2142Kb lim: 65536 exec/s: 1031 rss: 1367Mb L: 3/65536 MS: 3 CustomCrossOver-ChangeBit-Custom-
#6225	NEW    cov: 1880 ft: 7128 corp: 615/2142Kb lim: 65536 exec/s: 1037 rss: 1376Mb L: 5/65536 MS: 2 InsertByte-Custom-
#6256	NEW    cov: 1880 ft: 7128 corp: 616/2142Kb lim: 65536 exec/s: 1042 rss: 1382Mb L: 29/65536 MS: 1 CustomCrossOver-
#6258	NEW    cov: 1880 ft: 7129 corp: 616/2138Kb lim: 65536 exec/s: 1043 rss: 1383Mb L: 67/65536 MS: 2 CustomCrossOver-CustomCrossOver-
#6264	NEW    cov: 1880 ft: 7129 corp: 616/2138Kb lim: 65536 exec/s: 1044 rss: 1384Mb L: 3/65536 MS: 2 ChangeBit-Custom-
#6274	NEW    cov: 1880 ft: 7129 corp: 616/2138Kb lim: 65536 exec/s: 1045 rss: 1387Mb L: 44/65536 MS: 7 CustomCrossOver-PersAutoDict-Custom-CustomCrossOver-ChangeBinInt-Custom-CustomCrossOver- DE: "\001\000\000\000\000\000\000\001"-
#6286	NEW    cov: 1880 ft: 7131 corp: 617/2138Kb lim: 65536 exec/s: 1047 rss: 1390Mb L: 2/65536 MS: 2 CustomCrossOver-CustomCrossOver-
#6287	NEW    cov: 1880 ft: 7131 corp: 617/2138Kb lim: 65536 exec/s: 1047 rss: 1390Mb L: 8/65536 MS: 2 CopyPart-Custom-
#6288	NEW    cov: 1880 ft: 7131 corp: 617/2138Kb lim: 65536 exec/s: 1048 rss: 1391Mb L: 48/65536 MS: 2 EraseBytes-Custom-
#6295	NEW    cov: 1880 ft: 7132 corp: 618/2139Kb lim: 65536 exec/s: 1049 rss: 1392Mb L: 1023/65536 MS: 2 CustomCrossOver-CustomCrossOver-
#6411	NEW    cov: 1880 ft: 7132 corp: 619/2139Kb lim: 65536 exec/s: 1068 rss: 1417Mb L: 1/65536 MS: 1 CustomCrossOver-
#6464	NEW    cov: 1880 ft: 7133 corp: 619/2138Kb lim: 65536 exec/s: 1077 rss: 1428Mb L: 11/65536 MS: 5 CustomCrossOver-CMP-Custom-ManualDict-Custom- DE: "\001\000\000\000"-"load_dotenv"-
#6465	NEW    cov: 1880 ft: 7133 corp: 619/2138Kb lim: 65536 exec/s: 1077 rss: 1428Mb L: 19/65536 MS: 1 CustomCrossOver-
#6466	NEW    cov: 1880 ft: 7139 corp: 620/2139Kb lim: 65536 exec/s: 1077 rss: 1428Mb L: 1055/65536 MS: 1 CustomCrossOver-
#6477	NEW    cov: 1880 ft: 7140 corp: 619/2138Kb lim: 65536 exec/s: 1079 rss: 1431Mb L: 7/65536 MS: 2 ShuffleBytes-Custom-
#6479	NEW    cov: 1880 ft: 7140 corp: 620/2138Kb lim: 65536 exec/s: 1079 rss: 1431Mb L: 21/65536 MS: 4 PersAutoDict-Custom-CopyPart-Custom- DE: "description"-
#6480	NEW    cov: 1880 ft: 7140 corp: 620/2137Kb lim: 65536 exec/s: 1080 rss: 1432Mb L: 200/65536 MS: 2 InsertByte-Custom-
#6481	NEW    cov: 1880 ft: 7140 corp: 620/2137Kb lim: 65536 exec/s: 1080 rss: 1432Mb L: 5/65536 MS: 2 CopyPart-Custom-
#6482	NEW    cov: 1880 ft: 7140 corp: 620/2137Kb lim: 65536 exec/s: 1080 rss: 1432Mb L: 1/65536 MS: 1 CustomCrossOver-
#6500	NEW    cov: 1880 ft: 7140 corp: 621/2137Kb lim: 65536 exec/s: 1083 rss: 1435Mb L: 2/65536 MS: 5 CMP-Custom-CustomCrossOver-ShuffleBytes-Custom- DE: "\005\000\000\000\000\000\000\000"-
#6568	NEW    cov: 1880 ft: 7140 corp: 619/2137Kb lim: 65536 exec/s: 1094 rss: 1449Mb L: 66/65536 MS: 4 ShuffleBytes-Custom-CustomCrossOver-CustomCrossOver-
#6589	NEW    cov: 1880 ft: 7141 corp: 620/2143Kb lim: 65536 exec/s: 1098 rss: 1454Mb L: 6774/65536 MS: 2 ShuffleBytes-Custom-
#6600	NEW    cov: 1880 ft: 7142 corp: 620/2143Kb lim: 65536 exec/s: 1100 rss: 1456Mb L: 16/65536 MS: 2 ChangeBinInt-Custom-
#6626	NEW    cov: 1880 ft: 7142 corp: 621/2144Kb lim: 65536 exec/s: 1104 rss: 1461Mb L: 1148/65536 MS: 1 CustomCrossOver-
#6627	NEW    cov: 1880 ft: 7142 corp: 621/2144Kb lim: 65536 exec/s: 1104 rss: 1461Mb L: 64/65536 MS: 2 InsertRepeatedBytes-Custom-
#6630	NEW    cov: 1880 ft: 7142 corp: 622/2144Kb lim: 65536 exec/s: 1105 rss: 1462Mb L: 2/65536 MS: 3 CustomCrossOver-CustomCrossOver-CustomCrossOver-
#6637	NEW    cov: 1880 ft: 7142 corp: 623/2144Kb lim: 65536 exec/s: 1106 rss: 1463Mb L: 18/65536 MS: 3 CustomCrossOver-InsertByte-Custom-
#6638	NEW    cov: 1880 ft: 7142 corp: 623/2144Kb lim: 65536 exec/s: 1106 rss: 1463Mb L: 17/65536 MS: 2 ChangeBit-Custom-
#6640	NEW    cov: 1880 ft: 7145 corp: 624/2145Kb lim: 65536 exec/s: 1106 rss: 1464Mb L: 101/65536 MS: 4 EraseBytes-Custom-ManualDict-Custom- DE: "braced"-
#6659	NEW    cov: 1880 ft: 7145 corp: 624/2145Kb lim: 65536 exec/s: 1109 rss: 1468Mb L: 1/65536 MS: 4 CustomCrossOver-CustomCrossOver-CustomCrossOver-CustomCrossOver-
#6705	NEW    cov: 1880 ft: 7145 corp: 624/2144Kb lim: 65536 exec/s: 957 rss: 1478Mb L: 1594/65536 MS: 2 ShuffleBytes-Custom-
#6706	NEW    cov: 1880 ft: 7145 corp: 625/2144Kb lim: 65536 exec/s: 958 rss: 1478Mb L: 4/65536 MS: 1 CustomCrossOver-
#6723	NEW    cov: 1880 ft: 7145 corp: 625/2144Kb lim: 65536 exec/s: 960 rss: 1482Mb L: 18/65536 MS: 3 ShuffleBytes-Custom-CustomCrossOver-
#6733	NEW    cov: 1880 ft: 7145 corp: 625/2144Kb lim: 65536 exec/s: 961 rss: 1484Mb L: 1/65536 MS: 7 CustomCrossOver-InsertByte-Custom-ChangeByte-Custom-CustomCrossOver-CustomCrossOver-
#6766	NEW    cov: 1880 ft: 7146 corp: 626/2144Kb lim: 65536 exec/s: 966 rss: 1492Mb L: 359/65536 MS: 6 InsertByte-Custom-ChangeBit-Custom-CopyPart-Custom-
#6768	NEW    cov: 1880 ft: 7146 corp: 625/2144Kb lim: 65536 exec/s: 966 rss: 1492Mb L: 10/65536 MS: 4 EraseBytes-Custom-ChangeByte-Custom-
#6789	NEW    cov: 1880 ft: 7149 corp: 625/2144Kb lim: 65536 exec/s: 969 rss: 1496Mb L: 1023/65536 MS: 1 CustomCrossOver-
#6790	NEW    cov: 1880 ft: 7149 corp: 626/2144Kb lim: 65536 exec/s: 970 rss: 1496Mb L: 48/65536 MS: 2 InsertRepeatedBytes-Custom-
#6791	NEW    cov: 1880 ft: 7150 corp: 627/2144Kb lim: 65536 exec/s: 970 rss: 1496Mb L: 2/65536 MS: 1 CustomCrossOver-
#6792	NEW    cov: 1880 ft: 7150 corp: 628/2144Kb lim: 65536 exec/s: 970 rss: 1496Mb L: 264/65536 MS: 2 CMP-Custom- DE: "\000\000\000\000\000\000\000\000"-
#6793	NEW    cov: 1880 ft: 7150 corp: 627/2144Kb lim: 65536 exec/s: 970 rss: 1496Mb L: 8/65536 MS: 2 CMP-Custom- DE: "extrac"-
#6811	NEW    cov: 1880 ft: 7150 corp: 627/2144Kb lim: 65536 exec/s: 973 rss: 1500Mb L: 82/65536 MS: 6 CMP-Custom-ShuffleBytes-Custom-InsertRepeatedBytes-Custom- DE: "\000\000\000\000\000\000\000\001"-
#6830	NEW    cov: 1880 ft: 7151 corp: 628/2144Kb lim: 65536 exec/s: 975 rss: 1504Mb L: 136/65536 MS: 8 InsertRepeatedBytes-Custom-PersAutoDict-Custom-ShuffleBytes-Custom-ChangeBinInt-Custom- DE: "\001\000\001\000\000\000\000\000"-
#6836	NEW    cov: 1880 ft: 7151 corp: 628/2123Kb lim: 65536 exec/s: 976 rss: 1506Mb L: 3129/65536 MS: 2 CMP-Custom- DE: "\000\000\000\000$\225~^"-
#6837	NEW    cov: 1880 ft: 7151 corp: 629/2123Kb lim: 65536 exec/s: 976 rss: 1506Mb L: 19/65536 MS: 2 PersAutoDict-Custom- DE: "\377\377\377d"-
#6954	RELOAD cov: 1880 ft: 7157 corp: 632/2118Kb lim: 65536 exec/s: 993 rss: 1530Mb
#6995	NEW    cov: 1880 ft: 7159 corp: 633/2181Kb lim: 65536 exec/s: 999 rss: 1539Mb L: 65056/65536 MS: 1 CustomCrossOver-
#7034	NEW    cov: 1880 ft: 7159 corp: 633/2181Kb lim: 65536 exec/s: 1004 rss: 1548Mb L: 5/65536 MS: 6 PersAutoDict-Custom-InsertByte-Custom-CustomCrossOver-CustomCrossOver- DE: "load_dotenv"-
#7055	NEW    cov: 1880 ft: 7159 corp: 633/2181Kb lim: 65536 exec/s: 1007 rss: 1552Mb L: 16/65536 MS: 2 ChangeBinInt-Custom-
#7128	NEW    cov: 1880 ft: 7159 corp: 634/2181Kb lim: 65536 exec/s: 1018 rss: 1568Mb L: 2/65536 MS: 4 ShuffleBytes-Custom-CustomCrossOver-CustomCrossOver-
#7139	NEW    cov: 1880 ft: 7159 corp: 635/2181Kb lim: 65536 exec/s: 1019 rss: 1571Mb L: 2/65536 MS: 1 CustomCrossOver-
#7142	NEW    cov: 1880 ft: 7160 corp: 635/2181Kb lim: 65536 exec/s: 1020 rss: 1571Mb L: 6/65536 MS: 3 CustomCrossOver-CustomCrossOver-CustomCrossOver-
#7178	NEW    cov: 1880 ft: 7160 corp: 635/2181Kb lim: 65536 exec/s: 1025 rss: 1579Mb L: 20/65536 MS: 2 InsertByte-Custom-
#7184	NEW    cov: 1880 ft: 7160 corp: 634/2181Kb lim: 65536 exec/s: 1026 rss: 1580Mb L: 2/65536 MS: 2 CopyPart-Custom-
#7228	NEW    cov: 1880 ft: 7160 corp: 634/2181Kb lim: 65536 exec/s: 1032 rss: 1591Mb L: 4/65536 MS: 5 ChangeBit-Custom-CustomCrossOver-CustomCrossOver-CustomCrossOver-
#7270	NEW    cov: 1880 ft: 7160 corp: 634/2181Kb lim: 65536 exec/s: 1038 rss: 1599Mb L: 17/65536 MS: 3 CustomCrossOver-ChangeBit-Custom-
#7299	NEW    cov: 1880 ft: 7162 corp: 633/2181Kb lim: 65536 exec/s: 1042 rss: 1604Mb L: 4/65536 MS: 5 CustomCrossOver-CustomCrossOver-ChangeBinInt-Custom-CustomCrossOver-
#7307	NEW    cov: 1880 ft: 7162 corp: 633/2181Kb lim: 65536 exec/s: 1043 rss: 1606Mb L: 2/65536 MS: 3 CustomCrossOver-CustomCrossOver-CustomCrossOver-
#7345	NEW    cov: 1880 ft: 7162 corp: 634/2181Kb lim: 65536 exec/s: 1049 rss: 1615Mb L: 32/65536 MS: 5 InsertRepeatedBytes-Custom-CrossOver-Custom-CustomCrossOver-
#7383	NEW    cov: 1880 ft: 7163 corp: 635/2181Kb lim: 65536 exec/s: 1054 rss: 1624Mb L: 184/65536 MS: 5 CopyPart-Custom-CrossOver-Custom-CustomCrossOver-
#7392	NEW    cov: 1880 ft: 7164 corp: 636/2181Kb lim: 65536 exec/s: 1056 rss: 1626Mb L: 67/65536 MS: 8 CopyPart-Custom-PersAutoDict-Custom-ShuffleBytes-Custom-InsertRepeatedBytes-Custom- DE: "\377\377\377\036"-
#7393	NEW    cov: 1880 ft: 7164 corp: 636/2177Kb lim: 65536 exec/s: 1056 rss: 1626Mb L: 48/65536 MS: 2 ManualDict-Custom- DE: "verbose"-
#7411	NEW    cov: 1880 ft: 7164 corp: 637/2177Kb lim: 65536 exec/s: 1058 rss: 1630Mb L: 18/65536 MS: 5 CMP-Custom-ChangeBit-Custom-CustomCrossOver- DE: "sol.sol:"-
#7427	NEW    cov: 1880 ft: 7164 corp: 638/2177Kb lim: 65536 exec/s: 1061 rss: 1634Mb L: 2/65536 MS: 1 CustomCrossOver-
#7448	NEW    cov: 1880 ft: 7164 corp: 638/2176Kb lim: 65536 exec/s: 1064 rss: 1639Mb L: 16385/65536 MS: 1 CustomCrossOver-
#7449	NEW    cov: 1880 ft: 7164 corp: 639/2181Kb lim: 65536 exec/s: 1064 rss: 1639Mb L: 5464/65536 MS: 2 ShuffleBytes-Custom-
#7545	NEW    cov: 1880 ft: 7164 corp: 640/2181Kb lim: 65536 exec/s: 1077 rss: 1660Mb L: 2/65536 MS: 2 EraseBytes-Custom-
#7570	NEW    cov: 1880 ft: 7164 corp: 640/2181Kb lim: 65536 exec/s: 1081 rss: 1664Mb L: 39/65536 MS: 8 EraseBytes-Custom-CustomCrossOver-PersAutoDict-Custom-CustomCrossOver-InsertRepeatedBytes-Custom- DE: "\000\000\000\000$\225~^"-
#7746	NEW    cov: 1880 ft: 7164 corp: 640/2181Kb lim: 65536 exec/s: 968 rss: 1703Mb L: 17/65536 MS: 1 CustomCrossOver-
#7807	NEW    cov: 1880 ft: 7165 corp: 641/2186Kb lim: 65536 exec/s: 975 rss: 1717Mb L: 5252/65536 MS: 1 CustomCrossOver-
#7814	NEW    cov: 1880 ft: 7258 corp: 641/2186Kb lim: 65536 exec/s: 976 rss: 1719Mb L: 36/65536 MS: 3 ChangeBit-Custom-CustomCrossOver-
#7841	NEW    cov: 1880 ft: 7258 corp: 642/2186Kb lim: 65536 exec/s: 980 rss: 1725Mb L: 2/65536 MS: 2 CustomCrossOver-CustomCrossOver-
#7901	NEW    cov: 1880 ft: 7260 corp: 643/2187Kb lim: 65536 exec/s: 987 rss: 1738Mb L: 449/65536 MS: 8 CopyPart-Custom-ShuffleBytes-Custom-ChangeByte-Custom-CustomCrossOver-CustomCrossOver-
#7904	NEW    cov: 1880 ft: 7260 corp: 643/2186Kb lim: 65536 exec/s: 988 rss: 1738Mb L: 51/65536 MS: 5 InsertByte-Custom-EraseBytes-Custom-CustomCrossOver-
#7930	NEW    cov: 1880 ft: 7260 corp: 644/2194Kb lim: 65536 exec/s: 991 rss: 1744Mb L: 8186/65536 MS: 2 InsertByte-Custom-
#7939	NEW    cov: 1880 ft: 7260 corp: 644/2194Kb lim: 65536 exec/s: 992 rss: 1746Mb L: 16/65536 MS: 7 ShuffleBytes-Custom-ManualDict-Custom-CustomCrossOver-CopyPart-Custom- DE: "colors"-
#8074	RELOAD cov: 1880 ft: 7260 corp: 645/2168Kb lim: 65536 exec/s: 1009 rss: 1775Mb
#8134	NEW    cov: 1880 ft: 7263 corp: 646/2172Kb lim: 65536 exec/s: 1016 rss: 1788Mb L: 4098/65536 MS: 8 EraseBytes-Custom-CopyPart-Custom-ChangeBinInt-Custom-CustomCrossOver-CustomCrossOver-
#8135	NEW    cov: 1880 ft: 7264 corp: 645/2168Kb lim: 65536 exec/s: 1016 rss: 1788Mb L: 2/65536 MS: 2 ChangeByte-Custom-
#8162	NEW    cov: 1880 ft: 7264 corp: 645/2168Kb lim: 65536 exec/s: 1020 rss: 1793Mb L: 67/65536 MS: 4 ManualDict-Custom-InsertRepeatedBytes-Custom- DE: "and"-
#8163	NEW    cov: 1880 ft: 7264 corp: 645/2168Kb lim: 65536 exec/s: 1020 rss: 1794Mb L: 16/65536 MS: 1 CustomCrossOver-
#8170	NEW    cov: 1880 ft: 7264 corp: 646/2168Kb lim: 65536 exec/s: 1021 rss: 1795Mb L: 2/65536 MS: 2 CustomCrossOver-CustomCrossOver-
#8192	pulse  cov: 1880 ft: 7264 corp: 646/2168Kb lim: 65536 exec/s: 1024 rss: 1800Mb
#8301	NEW    cov: 1880 ft: 7264 corp: 646/2166Kb lim: 65536 exec/s: 1037 rss: 1823Mb L: 511/65536 MS: 2 ShuffleBytes-Custom-
#8317	NEW    cov: 1880 ft: 7265 corp: 647/2166Kb lim: 65536 exec/s: 1039 rss: 1826Mb L: 73/65536 MS: 2 InsertRepeatedBytes-Custom-
#8378	NEW    cov: 1880 ft: 7265 corp: 647/2152Kb lim: 65536 exec/s: 1047 rss: 1839Mb L: 33409/65536 MS: 2 ManualDict-Custom- DE: "step-"-
#8445	NEW    cov: 1880 ft: 7265 corp: 648/2153Kb lim: 65536 exec/s: 1055 rss: 1854Mb L: 1712/65536 MS: 4 CMP-Custom-EraseBytes-Custom- DE: "to_l"-
#8447	NEW    cov: 1880 ft: 7265 corp: 648/2153Kb lim: 65536 exec/s: 1055 rss: 1854Mb L: 32/65536 MS: 4 ShuffleBytes-Custom-PersAutoDict-Custom- DE: "\036"-
#8524	NEW    cov: 1880 ft: 7265 corp: 649/2153Kb lim: 65536 exec/s: 1065 rss: 1869Mb L: 27/65536 MS: 4 CrossOver-Custom-ManualDict-Custom- DE: "performance"-
#8587	NEW    cov: 1880 ft: 7265 corp: 649/2153Kb lim: 65536 exec/s: 1073 rss: 1883Mb L: 34/65536 MS: 3 CustomCrossOver-CustomCrossOver-CustomCrossOver-
#8597	NEW    cov: 1880 ft: 7265 corp: 649/2153Kb lim: 65536 exec/s: 1074 rss: 1885Mb L: 41/65536 MS: 9 ShuffleBytes-Custom-InsertByte-Custom-ManualDict-Custom-CustomCrossOver-CopyPart-Custom- DE: "registerWorkflow"-
#8651	NEW    cov: 1880 ft: 7265 corp: 649/2149Kb lim: 65536 exec/s: 1081 rss: 1896Mb L: 150/65536 MS: 8 InsertRepeatedBytes-Custom-CMP-Custom-InsertByte-Custom-InsertRepeatedBytes-Custom- DE: "\010\301\365\230\000\000\000\000"-
#8668	NEW    cov: 1880 ft: 7265 corp: 649/2149Kb lim: 65536 exec/s: 1083 rss: 1899Mb L: 41/65536 MS: 3 ChangeByte-Custom-CustomCrossOver-
#8674	NEW    cov: 1880 ft: 7265 corp: 649/2149Kb lim: 65536 exec/s: 1084 rss: 1900Mb L: 18/65536 MS: 2 ChangeBit-Custom-
#8676	NEW    cov: 1880 ft: 7265 corp: 649/2148Kb lim: 65536 exec/s: 1084 rss: 1901Mb L: 20/65536 MS: 4 PersAutoDict-Custom-InsertByte-Custom- DE: "step-"-
#8693	NEW    cov: 1880 ft: 7265 corp: 650/2148Kb lim: 65536 exec/s: 1086 rss: 1904Mb L: 2/65536 MS: 3 CustomCrossOver-ShuffleBytes-Custom-
#8836	NEW    cov: 1880 ft: 7265 corp: 650/2148Kb lim: 65536 exec/s: 981 rss: 1935Mb L: 68/65536 MS: 6 CopyPart-Custom-InsertByte-Custom-InsertRepeatedBytes-Custom-
#8883	NEW    cov: 1880 ft: 7265 corp: 649/2148Kb lim: 65536 exec/s: 987 rss: 1944Mb L: 26/65536 MS: 3 ChangeBinInt-Custom-CustomCrossOver-
#8884	NEW    cov: 1880 ft: 7265 corp: 649/2148Kb lim: 65536 exec/s: 987 rss: 1945Mb L: 3/65536 MS: 2 ChangeBit-Custom-
#8928	NEW    cov: 1880 ft: 7406 corp: 650/2148Kb lim: 65536 exec/s: 992 rss: 1954Mb L: 1/65536 MS: 8 CopyPart-Custom-ManualDict-Custom-CopyPart-Custom-ShuffleBytes-Custom- DE: "\037"-
#8945	NEW    cov: 1880 ft: 7406 corp: 650/2148Kb lim: 65536 exec/s: 993 rss: 1957Mb L: 1/65536 MS: 3 ChangeByte-Custom-CustomCrossOver-
#9058	NEW    cov: 1880 ft: 7406 corp: 650/2122Kb lim: 65536 exec/s: 1006 rss: 1981Mb L: 123/65536 MS: 5 ShuffleBytes-Custom-CrossOver-Custom-CustomCrossOver-
#9091	NEW    cov: 1880 ft: 7406 corp: 651/2122Kb lim: 65536 exec/s: 1010 rss: 1988Mb L: 31/65536 MS: 5 CopyPart-Custom-CopyPart-Custom-CustomCrossOver-
#9216	RELOAD cov: 1880 ft: 7406 corp: 654/2123Kb lim: 65536 exec/s: 1024 rss: 2015Mb
#9232	NEW    cov: 1880 ft: 7406 corp: 654/2123Kb lim: 65536 exec/s: 1025 rss: 2017Mb L: 1/65536 MS: 2 ChangeByte-Custom-
#9234	NEW    cov: 1880 ft: 7406 corp: 655/2123Kb lim: 65536 exec/s: 1026 rss: 2017Mb L: 2/65536 MS: 2 CustomCrossOver-CustomCrossOver-
#9238	NEW    cov: 1880 ft: 7407 corp: 656/2123Kb lim: 65536 exec/s: 1026 rss: 2019Mb L: 16/65536 MS: 7 ShuffleBytes-Custom-ShuffleBytes-Custom-CopyPart-Custom-CustomCrossOver-
#9261	NEW    cov: 1880 ft: 7407 corp: 657/2123Kb lim: 65536 exec/s: 1029 rss: 2024Mb L: 13/65536 MS: 6 ChangeByte-Custom-PersAutoDict-Custom-CMP-Custom- DE: "phase"-"sol."-
#9267	NEW    cov: 1880 ft: 7413 corp: 656/2121Kb lim: 65536 exec/s: 1029 rss: 2026Mb L: 18/65536 MS: 2 ShuffleBytes-Custom-
#9272	NEW    cov: 1880 ft: 7413 corp: 656/2121Kb lim: 65536 exec/s: 1030 rss: 2027Mb L: 4/65536 MS: 6 CustomCrossOver-CustomCrossOver-ChangeBinInt-Custom-CustomCrossOver-CustomCrossOver-
#9302	NEW    cov: 1880 ft: 7413 corp: 656/2121Kb lim: 65536 exec/s: 1033 rss: 2033Mb L: 86/65536 MS: 7 ChangeBinInt-Custom-CustomCrossOver-CustomCrossOver-CustomCrossOver-CopyPart-Custom-
#9330	NEW    cov: 1880 ft: 7413 corp: 656/2121Kb lim: 65536 exec/s: 1036 rss: 2039Mb L: 6/65536 MS: 4 CustomCrossOver-ManualDict-Custom-CustomCrossOver- DE: "already registered"-
#9399	NEW    cov: 1880 ft: 7413 corp: 656/2121Kb lim: 65536 exec/s: 1044 rss: 2054Mb L: 20/65536 MS: 8 ChangeBinInt-Custom-InsertByte-Custom-InsertByte-Custom-InsertByte-Custom-
#9470	NEW    cov: 1880 ft: 7413 corp: 656/2121Kb lim: 65536 exec/s: 1052 rss: 2069Mb L: 5/65536 MS: 1 CustomCrossOver-
#9491	NEW    cov: 1880 ft: 7413 corp: 656/2121Kb lim: 65536 exec/s: 1054 rss: 2074Mb L: 1/65536 MS: 2 ChangeByte-Custom-
#9598	NEW    cov: 1880 ft: 7417 corp: 657/2121Kb lim: 65536 exec/s: 1066 rss: 2096Mb L: 2/65536 MS: 2 CustomCrossOver-CustomCrossOver-
#9614	NEW    cov: 1880 ft: 7417 corp: 658/2121Kb lim: 65536 exec/s: 1068 rss: 2100Mb L: 2/65536 MS: 1 CustomCrossOver-
#9625	NEW    cov: 1880 ft: 7417 corp: 658/2121Kb lim: 65536 exec/s: 1069 rss: 2102Mb L: 6/65536 MS: 2 CopyPart-Custom-
#9650	NEW    cov: 1880 ft: 7417 corp: 658/2121Kb lim: 65536 exec/s: 1072 rss: 2108Mb L: 2/65536 MS: 9 InsertByte-Custom-CrossOver-Custom-ChangeByte-Custom-CopyPart-Custom-CustomCrossOver-
#9657	NEW    cov: 1880 ft: 7417 corp: 658/2121Kb lim: 65536 exec/s: 1073 rss: 2110Mb L: 6/65536 MS: 2 CustomCrossOver-CustomCrossOver-
#9659	NEW    cov: 1880 ft: 7417 corp: 658/2121Kb lim: 65536 exec/s: 1073 rss: 2110Mb L: 1/65536 MS: 4 ChangeBit-Custom-EraseBytes-Custom-
#9676	NEW    cov: 1880 ft: 7454 corp: 659/2121Kb lim: 65536 exec/s: 1075 rss: 2114Mb L: 37/65536 MS: 2 CustomCrossOver-CustomCrossOver-
#9680	NEW    cov: 1880 ft: 7454 corp: 658/2121Kb lim: 65536 exec/s: 1075 rss: 2114Mb L: 2/65536 MS: 7 ChangeByte-Custom-CustomCrossOver-ShuffleBytes-Custom-CrossOver-Custom-
#9764	NEW    cov: 1880 ft: 7455 corp: 659/2121Kb lim: 65536 exec/s: 976 rss: 2133Mb L: 26/65536 MS: 8 ChangeByte-Custom-ManualDict-Custom-ChangeBit-Custom-CMP-Custom- DE: "duplicate"-"\001\000\000\037"-
#9775	NEW    cov: 1880 ft: 7455 corp: 660/2121Kb lim: 65536 exec/s: 977 rss: 2135Mb L: 1/65536 MS: 1 CustomCrossOver-
#9778	NEW    cov: 1880 ft: 7455 corp: 661/2121Kb lim: 65536 exec/s: 977 rss: 2136Mb L: 2/65536 MS: 6 InsertByte-Custom-EraseBytes-Custom-CopyPart-Custom-
#9779	NEW    cov: 1880 ft: 7460 corp: 661/2116Kb lim: 65536 exec/s: 977 rss: 2136Mb L: 8319/65536 MS: 1 CustomCrossOver-
#9823	NEW    cov: 1880 ft: 7460 corp: 661/2115Kb lim: 65536 exec/s: 982 rss: 2144Mb L: 2047/65536 MS: 5 CustomCrossOver-CustomCrossOver-ManualDict-Custom-CustomCrossOver- DE: "sdbm"-
#9831	NEW    cov: 1880 ft: 7461 corp: 662/2115Kb lim: 65536 exec/s: 983 rss: 2147Mb L: 166/65536 MS: 6 InsertRepeatedBytes-Custom-ManualDict-Custom-InsertByte-Custom- DE: "crc32"-
#9853	NEW    cov: 1880 ft: 7461 corp: 662/2115Kb lim: 65536 exec/s: 985 rss: 2151Mb L: 20/65536 MS: 4 ChangeBit-Custom-ManualDict-Custom- DE: "dots"-
#9957	NEW    cov: 1880 ft: 7461 corp: 662/2115Kb lim: 65536 exec/s: 995 rss: 2174Mb L: 17429/65536 MS: 6 PersAutoDict-Custom-CustomCrossOver-CustomCrossOver-EraseBytes-Custom- DE: "sol."-
#9959	NEW    cov: 1880 ft: 7461 corp: 662/2115Kb lim: 65536 exec/s: 995 rss: 2174Mb L: 28/65536 MS: 4 PersAutoDict-Custom-ManualDict-Custom- DE: "extrac"-"ipairs"-
#10007	NEW    cov: 1880 ft: 7461 corp: 662/2115Kb lim: 65536 exec/s: 1000 rss: 2184Mb L: 4/65536 MS: 4 CustomCrossOver-CMP-Custom-CustomCrossOver- DE: "not enough me"-
#10058	NEW    cov: 1880 ft: 7461 corp: 662/2115Kb lim: 65536 exec/s: 1005 rss: 2196Mb L: 31/65536 MS: 2 ShuffleBytes-Custom-
#10074	NEW    cov: 1880 ft: 7461 corp: 661/2115Kb lim: 65536 exec/s: 1007 rss: 2198Mb L: 25/65536 MS: 2 PersAutoDict-Custom- DE: "modernize"-
#10106	NEW    cov: 1880 ft: 7461 corp: 661/2114Kb lim: 65536 exec/s: 1010 rss: 2205Mb L: 36/65536 MS: 4 InsertByte-Custom-ShuffleBytes-Custom-
#10196	NEW    cov: 1880 ft: 7461 corp: 661/2114Kb lim: 65536 exec/s: 1019 rss: 2224Mb L: 65/65536 MS: 10 CMP-Custom-InsertByte-Custom-CMP-Custom-ChangeBinInt-Custom-InsertRepeatedBytes-Custom- DE: "B\000"-"replace"-
#10316	RELOAD cov: 1880 ft: 7461 corp: 662/2113Kb lim: 65536 exec/s: 1031 rss: 2250Mb
#10372	NEW    cov: 1880 ft: 7461 corp: 662/2112Kb lim: 65536 exec/s: 1037 rss: 2261Mb L: 33/65536 MS: 1 CustomCrossOver-
#10419	NEW    cov: 1880 ft: 7461 corp: 662/2112Kb lim: 65536 exec/s: 1041 rss: 2272Mb L: 130/65536 MS: 2 CustomCrossOver-CustomCrossOver-
#10517	NEW    cov: 1880 ft: 7461 corp: 663/2112Kb lim: 65536 exec/s: 1051 rss: 2292Mb L: 4/65536 MS: 4 CustomCrossOver-CMP-Custom-CustomCrossOver- DE: "\377\377\377\377\377\377\377\022"-
#10519	NEW    cov: 1880 ft: 7461 corp: 663/2112Kb lim: 65536 exec/s: 1051 rss: 2292Mb L: 33/65536 MS: 4 ChangeByte-Custom-InsertRepeatedBytes-Custom-
#10603	NEW    cov: 1880 ft: 7502 corp: 664/2112Kb lim: 65536 exec/s: 1060 rss: 2311Mb L: 125/65536 MS: 5 CustomCrossOver-CrossOver-Custom-CustomCrossOver-CustomCrossOver-
#10619	NEW    cov: 1880 ft: 7502 corp: 665/2113Kb lim: 65536 exec/s: 1061 rss: 2313Mb L: 1026/65536 MS: 2 InsertByte-Custom-
#10665	NEW    cov: 1880 ft: 7502 corp: 666/2115Kb lim: 65536 exec/s: 1066 rss: 2323Mb L: 2068/65536 MS: 2 ChangeByte-Custom-
#10873	NEW    cov: 1880 ft: 7502 corp: 666/2115Kb lim: 65536 exec/s: 988 rss: 2366Mb L: 18/65536 MS: 6 ChangeBit-Custom-EraseBytes-Custom-ChangeBit-Custom-
#10901	NEW    cov: 1880 ft: 7502 corp: 666/2115Kb lim: 65536 exec/s: 991 rss: 2373Mb L: 2/65536 MS: 4 ChangeByte-Custom-CustomCrossOver-CustomCrossOver-
#10955	NEW    cov: 1880 ft: 7503 corp: 667/2115Kb lim: 65536 exec/s: 995 rss: 2383Mb L: 305/65536 MS: 8 CopyPart-Custom-ShuffleBytes-Custom-InsertRepeatedBytes-Custom-ChangeByte-Custom-
#10973	NEW    cov: 1880 ft: 7503 corp: 667/2115Kb lim: 65536 exec/s: 997 rss: 2386Mb L: 1/65536 MS: 5 ChangeBit-Custom-CustomCrossOver-ChangeBit-Custom-
#10983	NEW    cov: 1880 ft: 7503 corp: 667/2115Kb lim: 65536 exec/s: 998 rss: 2389Mb L: 4/65536 MS: 7 CustomCrossOver-CustomCrossOver-CustomCrossOver-EraseBytes-Custom-ChangeByte-Custom-
#11022	NEW    cov: 1880 ft: 7503 corp: 667/2115Kb lim: 65536 exec/s: 1002 rss: 2396Mb L: 20/65536 MS: 6 CustomCrossOver-ManualDict-Custom-ChangeBinInt-Custom-CustomCrossOver- DE: "["-
#11119	NEW    cov: 1880 ft: 7503 corp: 667/2115Kb lim: 65536 exec/s: 1010 rss: 2415Mb L: 17/65536 MS: 4 InsertByte-Custom-EraseBytes-Custom-
#11212	NEW    cov: 1880 ft: 7503 corp: 667/2114Kb lim: 65536 exec/s: 1019 rss: 2433Mb L: 1305/65536 MS: 6 EraseBytes-Custom-ShuffleBytes-Custom-ShuffleBytes-Custom-
#11271	NEW    cov: 1880 ft: 7503 corp: 667/2114Kb lim: 65536 exec/s: 1024 rss: 2446Mb L: 3/65536 MS: 6 CustomCrossOver-CustomCrossOver-ChangeASCIIInt-Custom-EraseBytes-Custom-
#11283	NEW    cov: 1880 ft: 7503 corp: 667/2114Kb lim: 65536 exec/s: 1025 rss: 2448Mb L: 3/65536 MS: 2 CustomCrossOver-CustomCrossOver-
#11343	NEW    cov: 1880 ft: 7504 corp: 668/2114Kb lim: 65536 exec/s: 1031 rss: 2462Mb L: 47/65536 MS: 10 CopyPart-Custom-CMP-Custom-ChangeByte-Custom-InsertRepeatedBytes-Custom-InsertByte-Custom- DE: "sol.s"-
#11354	NEW    cov: 1880 ft: 7504 corp: 668/2114Kb lim: 65536 exec/s: 1032 rss: 2464Mb L: 6/65536 MS: 2 ChangeBit-Custom-
#11357	NEW    cov: 1880 ft: 7504 corp: 668/2114Kb lim: 65536 exec/s: 1032 rss: 2464Mb L: 2/65536 MS: 5 ManualDict-Custom-ManualDict-Custom-CustomCrossOver- DE: "function"-")"-
#11372	NEW    cov: 1880 ft: 7504 corp: 668/2114Kb lim: 65536 exec/s: 1033 rss: 2467Mb L: 33/65536 MS: 6 CustomCrossOver-InsertRepeatedBytes-Custom-CustomCrossOver-CustomCrossOver-CustomCrossOver-
#11475	RELOAD cov: 1880 ft: 7504 corp: 669/2127Kb lim: 65536 exec/s: 1043 rss: 2490Mb
#11521	NEW    cov: 1880 ft: 7504 corp: 669/2127Kb lim: 65536 exec/s: 1047 rss: 2499Mb L: 16/65536 MS: 1 CustomCrossOver-
#11538	NEW    cov: 1880 ft: 7504 corp: 669/2127Kb lim: 65536 exec/s: 1048 rss: 2503Mb L: 42/65536 MS: 4 ChangeByte-Custom-InsertByte-Custom-
#11539	NEW    cov: 1880 ft: 7504 corp: 668/2126Kb lim: 65536 exec/s: 1049 rss: 2503Mb L: 30/65536 MS: 2 ChangeByte-Custom-
#11600	NEW    cov: 1880 ft: 7504 corp: 668/2126Kb lim: 65536 exec/s: 1054 rss: 2517Mb L: 2/65536 MS: 1 CustomCrossOver-
#11602	NEW    cov: 1880 ft: 7504 corp: 668/2126Kb lim: 65536 exec/s: 1054 rss: 2517Mb L: 3/65536 MS: 3 ShuffleBytes-Custom-CustomCrossOver-
#11613	NEW    cov: 1880 ft: 7506 corp: 667/2125Kb lim: 65536 exec/s: 1055 rss: 2520Mb L: 69/65536 MS: 2 InsertRepeatedBytes-Custom-
#11614	NEW    cov: 1880 ft: 7507 corp: 668/2125Kb lim: 65536 exec/s: 1055 rss: 2520Mb L: 17/65536 MS: 2 ChangeBinInt-Custom-
#11618	NEW    cov: 1880 ft: 7507 corp: 668/2125Kb lim: 65536 exec/s: 1056 rss: 2521Mb L: 3/65536 MS: 6 CustomCrossOver-CustomCrossOver-CrossOver-Custom-EraseBytes-Custom-
#11629	NEW    cov: 1880 ft: 7507 corp: 669/2125Kb lim: 65536 exec/s: 1057 rss: 2523Mb L: 16/65536 MS: 2 ShuffleBytes-Custom-
#11660	NEW    cov: 1880 ft: 7507 corp: 670/2125Kb lim: 65536 exec/s: 1060 rss: 2529Mb L: 22/65536 MS: 2 CrossOver-Custom-
#11780	NEW    cov: 1880 ft: 7508 corp: 671/2126Kb lim: 65536 exec/s: 1070 rss: 2555Mb L: 322/65536 MS: 7 CustomCrossOver-CustomCrossOver-CrossOver-Custom-CustomCrossOver-InsertRepeatedBytes-Custom-
#11862	NEW    cov: 1880 ft: 7509 corp: 672/2126Kb lim: 65536 exec/s: 988 rss: 2573Mb L: 382/65536 MS: 4 InsertRepeatedBytes-Custom-CopyPart-Custom-
#11962	NEW    cov: 1880 ft: 7509 corp: 672/2125Kb lim: 65536 exec/s: 996 rss: 2596Mb L: 1008/65536 MS: 9 CopyPart-Custom-ChangeByte-Custom-ChangeBinInt-Custom-CustomCrossOver-ChangeBinInt-Custom-
#11980	NEW    cov: 1880 ft: 7509 corp: 673/2125Kb lim: 65536 exec/s: 998 rss: 2599Mb L: 17/65536 MS: 4 CustomCrossOver-CrossOver-Custom-CustomCrossOver-
#11983	NEW    cov: 1880 ft: 7509 corp: 674/2125Kb lim: 65536 exec/s: 998 rss: 2600Mb L: 20/65536 MS: 5 CustomCrossOver-ChangeBit-Custom-ShuffleBytes-Custom-
#12005	NEW    cov: 1880 ft: 7509 corp: 674/2125Kb lim: 65536 exec/s: 1000 rss: 2603Mb L: 59/65536 MS: 4 InsertByte-Custom-ManualDict-Custom- DE: "phase-"-
#12358	NEW    cov: 1880 ft: 7509 corp: 674/2125Kb lim: 65536 exec/s: 1029 rss: 2679Mb L: 2/65536 MS: 4 CustomCrossOver-ChangeByte-Custom-CustomCrossOver-
#12413	NEW    cov: 1880 ft: 7509 corp: 674/2124Kb lim: 65536 exec/s: 1034 rss: 2690Mb L: 55/65536 MS: 10 InsertRepeatedBytes-Custom-ChangeBit-Custom-ChangeByte-Custom-CMP-Custom-ManualDict-Custom- DE: "to_c"-"missing-a"-
#12445	NEW    cov: 1880 ft: 7509 corp: 674/2115Kb lim: 65536 exec/s: 1037 rss: 2696Mb L: 16565/65536 MS: 3 InsertRepeatedBytes-Custom-CustomCrossOver-
#12464	NEW    cov: 1880 ft: 7509 corp: 674/2115Kb lim: 65536 exec/s: 1038 rss: 2699Mb L: 20/65536 MS: 8 ShuffleBytes-Custom-ManualDict-Custom-CMP-Custom-EraseBytes-Custom- DE: "else"-"replace"-
#12465	NEW    cov: 1880 ft: 7509 corp: 674/2115Kb lim: 65536 exec/s: 1038 rss: 2700Mb L: 34/65536 MS: 2 PersAutoDict-Custom- DE: "\000\002"-
#12561	RELOAD cov: 1880 ft: 7509 corp: 676/2115Kb lim: 65536 exec/s: 1046 rss: 2721Mb
#12619	NEW    cov: 1880 ft: 7509 corp: 677/2115Kb lim: 65536 exec/s: 1051 rss: 2733Mb L: 2/65536 MS: 6 ManualDict-Custom-EraseBytes-Custom-EraseBytes-Custom- DE: "crc32"-
#12621	NEW    cov: 1880 ft: 7509 corp: 677/2114Kb lim: 65536 exec/s: 1051 rss: 2734Mb L: 4097/65536 MS: 3 CrossOver-Custom-CustomCrossOver-
#12679	NEW    cov: 1880 ft: 7510 corp: 678/2130Kb lim: 65536 exec/s: 1056 rss: 2746Mb L: 16402/65536 MS: 3 CustomCrossOver-CustomCrossOver-CustomCrossOver-
#12775	NEW    cov: 1880 ft: 7510 corp: 679/2130Kb lim: 65536 exec/s: 1064 rss: 2767Mb L: 5/65536 MS: 2 CopyPart-Custom-
#12800	NEW    cov: 1880 ft: 7510 corp: 679/2130Kb lim: 65536 exec/s: 1066 rss: 2773Mb L: 34/65536 MS: 6 CustomCrossOver-ChangeByte-Custom-CustomCrossOver-CustomCrossOver-CustomCrossOver-
#12816	NEW    cov: 1880 ft: 7511 corp: 678/2129Kb lim: 65536 exec/s: 985 rss: 2776Mb L: 10/65536 MS: 1 CustomCrossOver-
#12917	NEW    cov: 1880 ft: 7511 corp: 679/2129Kb lim: 65536 exec/s: 993 rss: 2799Mb L: 20/65536 MS: 2 ChangeBit-Custom-
#12918	NEW    cov: 1880 ft: 7511 corp: 679/2129Kb lim: 65536 exec/s: 993 rss: 2799Mb L: 6/65536 MS: 2 ChangeByte-Custom-
#12920	NEW    cov: 1880 ft: 7511 corp: 679/2129Kb lim: 65536 exec/s: 993 rss: 2800Mb L: 2/65536 MS: 2 CustomCrossOver-CustomCrossOver-
#12997	NEW    cov: 1880 ft: 7511 corp: 679/2129Kb lim: 65536 exec/s: 999 rss: 2815Mb L: 34/65536 MS: 4 PersAutoDict-Custom-CopyPart-Custom- DE: "missing-a"-
#13123	NEW    cov: 1880 ft: 7511 corp: 679/2129Kb lim: 65536 exec/s: 1009 rss: 2840Mb L: 1700/65536 MS: 2 CMP-Custom- DE: "\014\000"-
#13128	NEW    cov: 1880 ft: 7511 corp: 679/2129Kb lim: 65536 exec/s: 1009 rss: 2842Mb L: 10/65536 MS: 9 CustomCrossOver-InsertByte-Custom-PersAutoDict-Custom-PersAutoDict-Custom-InsertByte-Custom- DE: "join"-"dots"-
#13192	NEW    cov: 1880 ft: 7511 corp: 680/2129Kb lim: 65536 exec/s: 1014 rss: 2856Mb L: 15/65536 MS: 6 CustomCrossOver-ShuffleBytes-Custom-InsertRepeatedBytes-Custom-CustomCrossOver-
#13196	NEW    cov: 1880 ft: 7511 corp: 680/2129Kb lim: 65536 exec/s: 1015 rss: 2857Mb L: 4/65536 MS: 4 CustomCrossOver-CustomCrossOver-CustomCrossOver-CustomCrossOver-
#13201	NEW    cov: 1880 ft: 7512 corp: 681/2129Kb lim: 65536 exec/s: 1015 rss: 2859Mb L: 2/65536 MS: 8 CustomCrossOver-InsertRepeatedBytes-Custom-InsertRepeatedBytes-Custom-InsertByte-Custom-CustomCrossOver-
#13206	NEW    cov: 1880 ft: 7512 corp: 682/2129Kb lim: 65536 exec/s: 1015 rss: 2860Mb L: 16/65536 MS: 10 PersAutoDict-Custom-InsertByte-Custom-ChangeByte-Custom-ShuffleBytes-Custom-ChangeByte-Custom- DE: "\377\377\377\377\377\377\377\010"-
#13211	NEW    cov: 1880 ft: 7512 corp: 682/2122Kb lim: 65536 exec/s: 1016 rss: 2861Mb L: 180/65536 MS: 10 InsertRepeatedBytes-Custom-PersAutoDict-Custom-EraseBytes-Custom-InsertByte-Custom-InsertRepeatedBytes-Custom- DE: "and"-
#13260	NEW    cov: 1880 ft: 7517 corp: 683/2122Kb lim: 65536 exec/s: 1020 rss: 2872Mb L: 79/65536 MS: 8 CMP-Custom-CopyPart-Custom-InsertRepeatedBytes-Custom-ChangeBinInt-Custom- DE: "<\000\000\000\000\000\000\000"-
#13396	NEW    cov: 1880 ft: 7517 corp: 683/2122Kb lim: 65536 exec/s: 1030 rss: 2902Mb L: 15/65536 MS: 2 ChangeByte-Custom-
#13406	NEW    cov: 1880 ft: 7517 corp: 684/2122Kb lim: 65536 exec/s: 1031 rss: 2904Mb L: 42/65536 MS: 10 ChangeBinInt-Custom-ChangeByte-Custom-ShuffleBytes-Custom-InsertByte-Custom-InsertRepeatedBytes-Custom-
#13407	NEW    cov: 1880 ft: 7517 corp: 684/2122Kb lim: 65536 exec/s: 1031 rss: 2904Mb L: 5/65536 MS: 2 ManualDict-Custom- DE: "CC"-
#13647	RELOAD cov: 1880 ft: 7519 corp: 685/2117Kb lim: 65536 exec/s: 1049 rss: 2955Mb
#13656	NEW    cov: 1880 ft: 7519 corp: 686/2117Kb lim: 65536 exec/s: 1050 rss: 2957Mb L: 19/65536 MS: 8 ChangeBit-Custom-ShuffleBytes-Custom-CopyPart-Custom-PersAutoDict-Custom- DE: "\036"-
#13826	NEW    cov: 1880 ft: 7521 corp: 687/2117Kb lim: 65536 exec/s: 987 rss: 2996Mb L: 2/65536 MS: 7 ChangeBit-Custom-CustomCrossOver-CustomCrossOver-InsertRepeatedBytes-Custom-CustomCrossOver-
#13854	NEW    cov: 1881 ft: 7688 corp: 688/2117Kb lim: 65536 exec/s: 989 rss: 3002Mb L: 61/65536 MS: 4 CustomCrossOver-CustomCrossOver-InsertByte-Custom-
#13916	NEW    cov: 1881 ft: 7693 corp: 689/2118Kb lim: 65536 exec/s: 994 rss: 3016Mb L: 125/65536 MS: 3 CMP-Custom-CustomCrossOver- DE: "\000\000\000\000"-
#13952	NEW    cov: 1881 ft: 7693 corp: 690/2118Kb lim: 65536 exec/s: 996 rss: 3024Mb L: 16/65536 MS: 2 ChangeByte-Custom-
#13953	NEW    cov: 1881 ft: 7693 corp: 690/2118Kb lim: 65536 exec/s: 996 rss: 3024Mb L: 3/65536 MS: 2 ChangeBit-Custom-
#13964	NEW    cov: 1881 ft: 7693 corp: 690/2117Kb lim: 65536 exec/s: 997 rss: 3026Mb L: 20/65536 MS: 2 EraseBytes-Custom-
#13965	NEW    cov: 1881 ft: 7693 corp: 690/2117Kb lim: 65536 exec/s: 997 rss: 3027Mb L: 3/65536 MS: 2 ShuffleBytes-Custom-
#13966	NEW    cov: 1881 ft: 7693 corp: 690/2117Kb lim: 65536 exec/s: 997 rss: 3027Mb L: 2/65536 MS: 2 CopyPart-Custom-
#13971	NEW    cov: 1881 ft: 7693 corp: 690/2117Kb lim: 65536 exec/s: 997 rss: 3028Mb L: 1/65536 MS: 5 CustomCrossOver-CustomCrossOver-CustomCrossOver-CustomCrossOver-CustomCrossOver-
#14032	NEW    cov: 1881 ft: 7693 corp: 690/2117Kb lim: 65536 exec/s: 1002 rss: 3040Mb L: 20/65536 MS: 1 CustomCrossOver-
#14094	NEW    cov: 1881 ft: 7693 corp: 691/2118Kb lim: 65536 exec/s: 1006 rss: 3052Mb L: 349/65536 MS: 4 ChangeByte-Custom-ChangeBit-Custom-
#14144	NEW    cov: 1881 ft: 7694 corp: 692/2182Kb lim: 65536 exec/s: 1010 rss: 3065Mb L: 65473/65536 MS: 7 ChangeBit-Custom-CrossOver-Custom-CustomCrossOver-CustomCrossOver-CustomCrossOver-
#14176	NEW    cov: 1881 ft: 7694 corp: 692/2118Kb lim: 65536 exec/s: 1012 rss: 3072Mb L: 4/65536 MS: 2 CustomCrossOver-CustomCrossOver-
#14193	NEW    cov: 1881 ft: 7694 corp: 692/2118Kb lim: 65536 exec/s: 1013 rss: 3075Mb L: 2/65536 MS: 3 PersAutoDict-Custom-CustomCrossOver- DE: "gzip"-
#14228	NEW    cov: 1881 ft: 7700 corp: 693/2118Kb lim: 65536 exec/s: 1016 rss: 3083Mb L: 6/65536 MS: 8 PersAutoDict-Custom-CrossOver-Custom-CustomCrossOver-ManualDict-Custom-CustomCrossOver- DE: "TERM"-"gzip"-
#14369	NEW    cov: 1881 ft: 7700 corp: 692/2118Kb lim: 65536 exec/s: 1026 rss: 3114Mb L: 2/65536 MS: 1 CustomCrossOver-
#14395	NEW    cov: 1881 ft: 7700 corp: 692/2118Kb lim: 65536 exec/s: 1028 rss: 3120Mb L: 4/65536 MS: 1 CustomCrossOver-
#14457	NEW    cov: 1881 ft: 7700 corp: 691/2118Kb lim: 65536 exec/s: 1032 rss: 3134Mb L: 2/65536 MS: 2 CustomCrossOver-CustomCrossOver-
#14503	NEW    cov: 1881 ft: 7700 corp: 691/2118Kb lim: 65536 exec/s: 1035 rss: 3145Mb L: 5/65536 MS: 1 CustomCrossOver-
#14599	RELOAD cov: 1881 ft: 7702 corp: 693/2116Kb lim: 65536 exec/s: 1042 rss: 3167Mb
#14995	NEW    cov: 1881 ft: 7702 corp: 693/2116Kb lim: 65536 exec/s: 999 rss: 3250Mb L: 2/65536 MS: 2 ChangeBinInt-Custom-
#15014	NEW    cov: 1881 ft: 7712 corp: 694/2116Kb lim: 65536 exec/s: 1000 rss: 3254Mb L: 76/65536 MS: 8 CopyPart-Custom-ShuffleBytes-Custom-InsertByte-Custom-InsertRepeatedBytes-Custom-
#15080	NEW    cov: 1881 ft: 7899 corp: 693/2116Kb lim: 65536 exec/s: 1005 rss: 3268Mb L: 2/65536 MS: 1 CustomCrossOver-
#15082	NEW    cov: 1881 ft: 7905 corp: 694/2116Kb lim: 65536 exec/s: 1005 rss: 3268Mb L: 133/65536 MS: 4 PersAutoDict-Custom-InsertByte-Custom- DE: "\001\000\000\000"-
#15093	NEW    cov: 1881 ft: 7905 corp: 694/2116Kb lim: 65536 exec/s: 1006 rss: 3270Mb L: 17/65536 MS: 2 InsertByte-Custom-
#15139	NEW    cov: 1881 ft: 7906 corp: 695/2116Kb lim: 65536 exec/s: 1009 rss: 3280Mb L: 10/65536 MS: 2 PersAutoDict-Custom- DE: "replace"-
#15175	NEW    cov: 1881 ft: 7907 corp: 694/2116Kb lim: 65536 exec/s: 1011 rss: 3288Mb L: 17/65536 MS: 2 ChangeBit-Custom-
#15258	NEW    cov: 1881 ft: 7907 corp: 695/2120Kb lim: 65536 exec/s: 1017 rss: 3305Mb L: 4097/65536 MS: 4 InsertRepeatedBytes-Custom-CustomCrossOver-CustomCrossOver-
#15344	NEW    cov: 1881 ft: 7907 corp: 694/2106Kb lim: 65536 exec/s: 1022 rss: 3324Mb L: 6791/65536 MS: 2 InsertRepeatedBytes-Custom-
#15482	NEW    cov: 1881 ft: 7908 corp: 695/2106Kb lim: 65536 exec/s: 1032 rss: 3352Mb L: 253/65536 MS: 4 CrossOver-Custom-CustomCrossOver-CustomCrossOver-
#15645	RELOAD cov: 1881 ft: 7908 corp: 696/2106Kb lim: 65536 exec/s: 977 rss: 3386Mb
#15701	NEW    cov: 1881 ft: 7908 corp: 696/2106Kb lim: 65536 exec/s: 981 rss: 3395Mb L: 17/65536 MS: 2 ManualDict-Custom- DE: "ghost-step"-
#15727	NEW    cov: 1881 ft: 7908 corp: 696/2106Kb lim: 65536 exec/s: 982 rss: 3400Mb L: 4/65536 MS: 2 CopyPart-Custom-
#15739	NEW    cov: 1881 ft: 7909 corp: 697/2106Kb lim: 65536 exec/s: 983 rss: 3402Mb L: 87/65536 MS: 4 PersAutoDict-Custom-CopyPart-Custom- DE: "undefined"-
#15801	NEW    cov: 1881 ft: 7909 corp: 698/2106Kb lim: 65536 exec/s: 987 rss: 3416Mb L: 4/65536 MS: 4 EraseBytes-Custom-InsertByte-Custom-
#15803	NEW    cov: 1881 ft: 7909 corp: 696/2106Kb lim: 65536 exec/s: 987 rss: 3416Mb L: 5/65536 MS: 4 InsertByte-Custom-ChangeBinInt-Custom-
#15804	NEW    cov: 1881 ft: 7909 corp: 697/2106Kb lim: 65536 exec/s: 987 rss: 3416Mb L: 41/65536 MS: 2 ChangeBit-Custom-
#15845	NEW    cov: 1881 ft: 7909 corp: 697/2106Kb lim: 65536 exec/s: 990 rss: 3424Mb L: 16/65536 MS: 1 CustomCrossOver-
#16041	NEW    cov: 1881 ft: 7909 corp: 696/2106Kb lim: 65536 exec/s: 1002 rss: 3464Mb L: 2/65536 MS: 2 ShuffleBytes-Custom-
#16100	NEW    cov: 1881 ft: 7909 corp: 696/2106Kb lim: 65536 exec/s: 1006 rss: 3476Mb L: 136/65536 MS: 5 CustomCrossOver-CustomCrossOver-CustomCrossOver-ManualDict-Custom- DE: "modernize"-
#16120	NEW    cov: 1881 ft: 7910 corp: 697/2132Kb lim: 65536 exec/s: 1007 rss: 3480Mb L: 26692/65536 MS: 9 InsertRepeatedBytes-Custom-InsertByte-Custom-ManualDict-Custom-CopyPart-Custom-CustomCrossOver- DE: "indicator"-
#16171	NEW    cov: 1881 ft: 7910 corp: 696/2099Kb lim: 65536 exec/s: 1010 rss: 3490Mb L: 348/65536 MS: 2 ManualDict-Custom- DE: "require"-
#16186	NEW    cov: 1881 ft: 7910 corp: 696/2099Kb lim: 65536 exec/s: 1011 rss: 3493Mb L: 30/65536 MS: 8 CustomCrossOver-CustomCrossOver-ChangeBit-Custom-ManualDict-Custom-CMP-Custom- DE: "wait"-"\005\000\000\000\000\000\000\000"-
#16199	NEW    cov: 1881 ft: 7910 corp: 696/2099Kb lim: 65536 exec/s: 1012 rss: 3496Mb L: 36/65536 MS: 6 EraseBytes-Custom-InsertRepeatedBytes-Custom-PersAutoDict-Custom- DE: "braced"-
#16230	NEW    cov: 1881 ft: 7911 corp: 697/2122Kb lim: 65536 exec/s: 1014 rss: 3503Mb L: 23719/65536 MS: 2 CopyPart-Custom-
#16236	NEW    cov: 1881 ft: 7911 corp: 697/2122Kb lim: 65536 exec/s: 1014 rss: 3504Mb L: 17/65536 MS: 1 CustomCrossOver-
#16254	NEW    cov: 1881 ft: 7911 corp: 698/2122Kb lim: 65536 exec/s: 1015 rss: 3508Mb L: 6/65536 MS: 5 CustomCrossOver-ManualDict-Custom-CrossOver-Custom- DE: "error"-
#16347	NEW    cov: 1881 ft: 7911 corp: 695/2122Kb lim: 65536 exec/s: 961 rss: 3527Mb L: 2/65536 MS: 5 CustomCrossOver-EraseBytes-Custom-ShuffleBytes-Custom-
#16348	NEW    cov: 1881 ft: 7911 corp: 696/2122Kb lim: 65536 exec/s: 961 rss: 3528Mb L: 63/65536 MS: 2 CMP-Custom- DE: "\002\000\000\000\000\000\000\000"-
#16384	pulse  cov: 1881 ft: 7911 corp: 696/2122Kb lim: 65536 exec/s: 963 rss: 3536Mb
#16397	RELOAD cov: 1881 ft: 7916 corp: 696/2122Kb lim: 65536 exec/s: 964 rss: 3540Mb
#16404	NEW    cov: 1881 ft: 7917 corp: 696/2113Kb lim: 65536 exec/s: 964 rss: 3540Mb L: 15269/65536 MS: 4 InsertRepeatedBytes-Custom-InsertByte-Custom-
#16422	NEW    cov: 1881 ft: 7917 corp: 697/2113Kb lim: 65536 exec/s: 966 rss: 3544Mb L: 121/65536 MS: 6 InsertRepeatedBytes-Custom-ShuffleBytes-Custom-InsertRepeatedBytes-Custom-
#16423	NEW    cov: 1881 ft: 7917 corp: 698/2113Kb lim: 65536 exec/s: 966 rss: 3544Mb L: 6/65536 MS: 2 CopyPart-Custom-
#16424	NEW    cov: 1881 ft: 7919 corp: 699/2114Kb lim: 65536 exec/s: 966 rss: 3544Mb L: 184/65536 MS: 2 ManualDict-Custom- DE: "PATH"-
#16427	NEW    cov: 1881 ft: 7925 corp: 698/2114Kb lim: 65536 exec/s: 966 rss: 3545Mb L: 3/65536 MS: 6 ChangeBinInt-Custom-ChangeBit-Custom-ChangeByte-Custom-
#16428	NEW    cov: 1881 ft: 7925 corp: 698/2114Kb lim: 65536 exec/s: 966 rss: 3545Mb L: 2/65536 MS: 2 EraseBytes-Custom-
#16429	NEW    cov: 1881 ft: 7926 corp: 699/2114Kb lim: 65536 exec/s: 966 rss: 3545Mb L: 67/65536 MS: 1 CustomCrossOver-
#16431	NEW    cov: 1881 ft: 7928 corp: 700/2132Kb lim: 65536 exec/s: 966 rss: 3546Mb L: 18727/65536 MS: 2 CustomCrossOver-CustomCrossOver-
#16433	NEW    cov: 1881 ft: 7928 corp: 701/2132Kb lim: 65536 exec/s: 966 rss: 3546Mb L: 16/65536 MS: 2 CustomCrossOver-CustomCrossOver-
#16510	NEW    cov: 1881 ft: 7928 corp: 701/2132Kb lim: 65536 exec/s: 971 rss: 3563Mb L: 6/65536 MS: 2 CustomCrossOver-CustomCrossOver-
#16521	NEW    cov: 1881 ft: 7928 corp: 700/2132Kb lim: 65536 exec/s: 971 rss: 3565Mb L: 2/65536 MS: 2 ShuffleBytes-Custom-
#16558	NEW    cov: 1881 ft: 7928 corp: 701/2133Kb lim: 65536 exec/s: 974 rss: 3574Mb L: 1023/65536 MS: 3 InsertRepeatedBytes-Custom-CustomCrossOver-
#16626	NEW    cov: 1881 ft: 7928 corp: 701/2133Kb lim: 65536 exec/s: 978 rss: 3588Mb L: 108/65536 MS: 6 ManualDict-Custom-ManualDict-Custom-InsertRepeatedBytes-Custom- DE: "CC"-"ui"-
#16733	NEW    cov: 1881 ft: 7928 corp: 702/2133Kb lim: 65536 exec/s: 984 rss: 3609Mb L: 2/65536 MS: 3 EraseBytes-Custom-CustomCrossOver-
#16734	NEW    cov: 1881 ft: 7929 corp: 703/2133Kb lim: 65536 exec/s: 984 rss: 3609Mb L: 121/65536 MS: 1 CustomCrossOver-
#16835	NEW    cov: 1881 ft: 7989 corp: 704/2133Kb lim: 65536 exec/s: 990 rss: 3627Mb L: 150/65536 MS: 2 InsertRepeatedBytes-Custom-
#16841	NEW    cov: 1881 ft: 7989 corp: 704/2117Kb lim: 65536 exec/s: 990 rss: 3628Mb L: 85/65536 MS: 2 CMP-Custom- DE: "\021\000"-
ALARM: working on the last Unit for 7 seconds
       and the timeout value is 5 (use -timeout=N to change)
MS: 4 CustomCrossOver-CustomCrossOver-CustomCrossOver-CustomCrossOver-; base unit: f5f58245afc4673aa12cc9688f5a5ec373c8020d
0x75,0x65,0x72,0x66,0x6f,0x72,0x6d,0x60,0x61,0x6e,0x63,0x65,0x73,0x74,0x1f,0x65,0x70,0x2d,0x6f,0x33,
uerform`ancest\037ep-o3
artifact_prefix='report/fuzz/artifacts/'; Test unit written to report/fuzz/artifacts/timeout-1f6504b3b17001c16b0f22483fc87b23ce989562
Base64: dWVyZm9ybWBhbmNlc3QfZXAtbzM=
==130333== ERROR: libFuzzer: timeout after 7 seconds
==130333== libFuzzer: run interrupted; exiting
stat::number_of_executed_units: 16865
stat::average_exec_per_sec:     468
stat::new_units_added:          483
stat::slowest_unit_time_sec:    0
stat::peak_rss_mb:              3632
