INFO: found LLVMFuzzerCustomMutator (0x4d05e8). Disabling -len_control by default.
Dictionary: 286 entries
INFO: Running with entropic power schedule (0xFF, 100).
INFO: Seed: 962597118
INFO: Loaded 1 modules   (4931 inline 8-bit counters): 4931 [0x1494dbc, 0x14960ff), 
INFO: Loaded 1 PC tables (4931 PCs): 4931 [0x11acb48,0x11bff78), 
INFO:     2272 files found in report/fuzz/corpus/lua_dsl
INFO: seed corpus: files: 2272 min: 1b max: 65536b total: 4554433b rss: 31Mb
#2048	pulse  cov: 1656 ft: 6027 corp: 393/42Kb exec/s: 1024 rss: 460Mb
#2251	INITED cov: 1656 ft: 6290 corp: 484/2214Kb exec/s: 1125 rss: 508Mb
#2252	NEW    cov: 1656 ft: 6290 corp: 485/2214Kb lim: 65536 exec/s: 1126 rss: 508Mb L: 1/65536 MS: 2 EraseBytes-Custom-
#2258	NEW    cov: 1656 ft: 6291 corp: 486/2214Kb lim: 65536 exec/s: 1129 rss: 509Mb L: 2/65536 MS: 2 ChangeBit-Custom-
#2270	NEW    cov: 1656 ft: 6291 corp: 486/2214Kb lim: 65536 exec/s: 1135 rss: 511Mb L: 20/65536 MS: 4 CrossOver-Custom-CrossOver-Custom-
#2275	NEW    cov: 1656 ft: 6291 corp: 486/2214Kb lim: 65536 exec/s: 1137 rss: 512Mb L: 102/65536 MS: 6 CustomCrossOver-CustomCrossOver-CrossOver-Custom-CustomCrossOver-CustomCrossOver-
#2281	NEW    cov: 1656 ft: 6291 corp: 487/2214Kb lim: 65536 exec/s: 1140 rss: 514Mb L: 2/65536 MS: 1 CustomCrossOver-
#2282	NEW    cov: 1656 ft: 6291 corp: 488/2215Kb lim: 65536 exec/s: 1141 rss: 514Mb L: 661/65536 MS: 1 CustomCrossOver-
#2287	NEW    cov: 1656 ft: 6291 corp: 489/2215Kb lim: 65536 exec/s: 1143 rss: 515Mb L: 3/65536 MS: 8 ChangeASCIIInt-Custom-ChangeByte-Custom-CustomCrossOver-CustomCrossOver-InsertByte-Custom-
#2300	NEW    cov: 1656 ft: 6291 corp: 489/2192Kb lim: 65536 exec/s: 1150 rss: 518Mb L: 8541/65536 MS: 5 CustomCrossOver-CrossOver-Custom-ChangeByte-Custom-
#2301	NEW    cov: 1656 ft: 6291 corp: 487/2192Kb lim: 65536 exec/s: 1150 rss: 518Mb L: 3/65536 MS: 1 CustomCrossOver-
#2302	NEW    cov: 1656 ft: 6291 corp: 488/2192Kb lim: 65536 exec/s: 1151 rss: 519Mb L: 2/65536 MS: 2 EraseBytes-Custom-
#2303	NEW    cov: 1656 ft: 6291 corp: 489/2192Kb lim: 65536 exec/s: 1151 rss: 519Mb L: 1/65536 MS: 2 EraseBytes-Custom-
#2304	NEW    cov: 1656 ft: 6291 corp: 490/2192Kb lim: 65536 exec/s: 1152 rss: 519Mb L: 2/65536 MS: 1 CustomCrossOver-
#2308	NEW    cov: 1656 ft: 6291 corp: 490/2192Kb lim: 65536 exec/s: 1154 rss: 520Mb L: 522/65536 MS: 5 CustomCrossOver-CustomCrossOver-CustomCrossOver-ChangeByte-Custom-
#2313	NEW    cov: 1656 ft: 6295 corp: 490/2161Kb lim: 65536 exec/s: 1156 rss: 521Mb L: 33477/65536 MS: 9 ChangeASCIIInt-Custom-EraseBytes-Custom-InsertByte-Custom-CrossOver-Custom-CustomCrossOver-
#2320	NEW    cov: 1656 ft: 6295 corp: 491/2161Kb lim: 65536 exec/s: 1160 rss: 523Mb L: 18/65536 MS: 4 ChangeByte-Custom-ShuffleBytes-Custom-
#2321	NEW    cov: 1656 ft: 6295 corp: 492/2185Kb lim: 65536 exec/s: 1160 rss: 523Mb L: 24575/65536 MS: 1 CustomCrossOver-
#2322	NEW    cov: 1656 ft: 6295 corp: 493/2185Kb lim: 65536 exec/s: 1161 rss: 523Mb L: 6/65536 MS: 1 CustomCrossOver-
#2334	NEW    cov: 1656 ft: 6295 corp: 494/2185Kb lim: 65536 exec/s: 1167 rss: 526Mb L: 11/65536 MS: 4 ShuffleBytes-Custom-ChangeBit-Custom-
#2338	NEW    cov: 1656 ft: 6295 corp: 495/2185Kb lim: 65536 exec/s: 1169 rss: 527Mb L: 11/65536 MS: 7 ChangeBinInt-Custom-CustomCrossOver-ManualDict-Custom-CMP-Custom- DE: "summary"-"\377\005"-
#2339	NEW    cov: 1656 ft: 6295 corp: 495/2185Kb lim: 65536 exec/s: 1169 rss: 527Mb L: 352/65536 MS: 2 PersAutoDict-Custom- DE: "summary"-
#2344	NEW    cov: 1656 ft: 6295 corp: 495/2185Kb lim: 65536 exec/s: 1172 rss: 528Mb L: 521/65536 MS: 8 PersAutoDict-Custom-ShuffleBytes-Custom-CustomCrossOver-CustomCrossOver-CMP-Custom- DE: "\377\005"-"~\377\377\377\377\377\377\376"-
#2345	NEW    cov: 1656 ft: 6295 corp: 495/2185Kb lim: 65536 exec/s: 1172 rss: 529Mb L: 7/65536 MS: 2 ManualDict-Custom- DE: "sol::"-
#2346	NEW    cov: 1656 ft: 6295 corp: 494/2184Kb lim: 65536 exec/s: 1173 rss: 529Mb L: 259/65536 MS: 2 ShuffleBytes-Custom-
#2352	NEW    cov: 1656 ft: 6295 corp: 494/2184Kb lim: 65536 exec/s: 1176 rss: 530Mb L: 10/65536 MS: 1 CustomCrossOver-
#2353	NEW    cov: 1656 ft: 6295 corp: 495/2185Kb lim: 65536 exec/s: 1176 rss: 531Mb L: 1023/65536 MS: 2 ChangeBit-Custom-
#2355	NEW    cov: 1656 ft: 6295 corp: 495/2185Kb lim: 65536 exec/s: 1177 rss: 531Mb L: 4/65536 MS: 3 ShuffleBytes-Custom-CustomCrossOver-
#2358	NEW    cov: 1656 ft: 6295 corp: 495/2185Kb lim: 65536 exec/s: 1179 rss: 532Mb L: 25/65536 MS: 3 CustomCrossOver-CustomCrossOver-CustomCrossOver-
#2364	NEW    cov: 1656 ft: 6295 corp: 496/2185Kb lim: 65536 exec/s: 1182 rss: 533Mb L: 30/65536 MS: 1 CustomCrossOver-
#2365	NEW    cov: 1656 ft: 6295 corp: 497/2185Kb lim: 65536 exec/s: 1182 rss: 533Mb L: 5/65536 MS: 1 CustomCrossOver-
#2366	NEW    cov: 1656 ft: 6295 corp: 498/2185Kb lim: 65536 exec/s: 1183 rss: 533Mb L: 10/65536 MS: 2 InsertByte-Custom-
#2379	NEW    cov: 1656 ft: 6295 corp: 499/2185Kb lim: 65536 exec/s: 1189 rss: 536Mb L: 4/65536 MS: 5 ManualDict-Custom-ManualDict-Custom-CustomCrossOver- DE: "vault"-"return"-
#2384	NEW    cov: 1656 ft: 6295 corp: 499/2184Kb lim: 65536 exec/s: 1192 rss: 537Mb L: 731/65536 MS: 7 CustomCrossOver-CustomCrossOver-CustomCrossOver-CrossOver-Custom-CopyPart-Custom-
#2385	NEW    cov: 1656 ft: 6295 corp: 500/2184Kb lim: 65536 exec/s: 1192 rss: 537Mb L: 6/65536 MS: 2 CrossOver-Custom-
#2386	NEW    cov: 1656 ft: 6295 corp: 500/2184Kb lim: 65536 exec/s: 1193 rss: 537Mb L: 17/65536 MS: 2 CopyPart-Custom-
#2390	NEW    cov: 1656 ft: 6297 corp: 501/2231Kb lim: 65536 exec/s: 1195 rss: 538Mb L: 49099/65536 MS: 7 CustomCrossOver-InsertByte-Custom-InsertByte-Custom-ChangeASCIIInt-Custom-
#2391	NEW    cov: 1656 ft: 6297 corp: 501/2231Kb lim: 65536 exec/s: 1195 rss: 539Mb L: 24575/65536 MS: 1 CustomCrossOver-
#2392	NEW    cov: 1656 ft: 6297 corp: 500/2231Kb lim: 65536 exec/s: 1196 rss: 539Mb L: 18/65536 MS: 2 ChangeASCIIInt-Custom-
#2393	NEW    cov: 1656 ft: 6297 corp: 501/2231Kb lim: 65536 exec/s: 1196 rss: 539Mb L: 17/65536 MS: 1 CustomCrossOver-
#2394	NEW    cov: 1656 ft: 6297 corp: 501/2231Kb lim: 65536 exec/s: 1197 rss: 539Mb L: 5/65536 MS: 1 CustomCrossOver-
#2395	NEW    cov: 1656 ft: 6297 corp: 501/2231Kb lim: 65536 exec/s: 1197 rss: 540Mb L: 2/65536 MS: 1 CustomCrossOver-
#2396	NEW    cov: 1656 ft: 6297 corp: 501/2231Kb lim: 65536 exec/s: 1198 rss: 540Mb L: 2/65536 MS: 2 ChangeBit-Custom-
#2397	NEW    cov: 1656 ft: 6297 corp: 501/2231Kb lim: 65536 exec/s: 1198 rss: 540Mb L: 8/65536 MS: 2 ManualDict-Custom- DE: "return"-
#2398	NEW    cov: 1656 ft: 6297 corp: 501/2231Kb lim: 65536 exec/s: 1199 rss: 540Mb L: 6/65536 MS: 2 ChangeBit-Custom-
#2411	NEW    cov: 1656 ft: 6297 corp: 502/2232Kb lim: 65536 exec/s: 1205 rss: 543Mb L: 627/65536 MS: 4 CopyPart-Custom-CustomCrossOver-CustomCrossOver-
#2422	NEW    cov: 1656 ft: 6297 corp: 502/2232Kb lim: 65536 exec/s: 1211 rss: 545Mb L: 18/65536 MS: 1 CustomCrossOver-
#2433	NEW    cov: 1656 ft: 6297 corp: 503/2232Kb lim: 65536 exec/s: 1216 rss: 548Mb L: 5/65536 MS: 1 CustomCrossOver-
#2441	NEW    cov: 1656 ft: 6297 corp: 503/2232Kb lim: 65536 exec/s: 1220 rss: 550Mb L: 2/65536 MS: 4 CustomCrossOver-CustomCrossOver-ChangeBit-Custom-
#2446	NEW    cov: 1656 ft: 6297 corp: 503/2232Kb lim: 65536 exec/s: 1223 rss: 551Mb L: 18/65536 MS: 8 CustomCrossOver-CustomCrossOver-InsertByte-Custom-InsertByte-Custom-InsertByte-Custom-
#2451	NEW    cov: 1656 ft: 6297 corp: 504/2232Kb lim: 65536 exec/s: 1225 rss: 552Mb L: 2/65536 MS: 8 CustomCrossOver-CrossOver-Custom-ChangeBit-Custom-CopyPart-Custom-CustomCrossOver-
#2452	NEW    cov: 1656 ft: 6297 corp: 504/2232Kb lim: 65536 exec/s: 1226 rss: 552Mb L: 2/65536 MS: 2 EraseBytes-Custom-
#2463	NEW    cov: 1656 ft: 6297 corp: 504/2232Kb lim: 65536 exec/s: 1231 rss: 555Mb L: 3/65536 MS: 2 CopyPart-Custom-
#2474	NEW    cov: 1656 ft: 6297 corp: 505/2232Kb lim: 65536 exec/s: 1237 rss: 557Mb L: 128/65536 MS: 2 InsertRepeatedBytes-Custom-
#2496	NEW    cov: 1656 ft: 6297 corp: 505/2232Kb lim: 65536 exec/s: 1248 rss: 562Mb L: 4/65536 MS: 2 CustomCrossOver-CustomCrossOver-
#2517	NEW    cov: 1656 ft: 6297 corp: 506/2232Kb lim: 65536 exec/s: 1258 rss: 567Mb L: 1/65536 MS: 2 ShuffleBytes-Custom-
#2520	NEW    cov: 1656 ft: 6297 corp: 504/2232Kb lim: 65536 exec/s: 1260 rss: 568Mb L: 31/65536 MS: 3 CustomCrossOver-CustomCrossOver-CustomCrossOver-
#2524	NEW    cov: 1656 ft: 6298 corp: 505/2296Kb lim: 65536 exec/s: 1262 rss: 569Mb L: 65535/65536 MS: 7 CustomCrossOver-ShuffleBytes-Custom-ChangeASCIIInt-Custom-ChangeBit-Custom-
#2525	NEW    cov: 1656 ft: 6309 corp: 505/2296Kb lim: 65536 exec/s: 1262 rss: 569Mb L: 85/65536 MS: 2 CrossOver-Custom-
#2526	NEW    cov: 1656 ft: 6309 corp: 505/2296Kb lim: 65536 exec/s: 1263 rss: 569Mb L: 32/65536 MS: 2 ChangeByte-Custom-
#2527	NEW    cov: 1656 ft: 6309 corp: 504/2296Kb lim: 65536 exec/s: 1263 rss: 569Mb L: 2/65536 MS: 1 CustomCrossOver-
#2537	NEW    cov: 1656 ft: 6314 corp: 504/2296Kb lim: 65536 exec/s: 1268 rss: 572Mb L: 18/65536 MS: 10 ManualDict-Custom-InsertByte-Custom-ShuffleBytes-Custom-ShuffleBytes-Custom-ChangeASCIIInt-Custom- DE: "mutate"-
#2541	NEW    cov: 1656 ft: 6314 corp: 504/2296Kb lim: 65536 exec/s: 1270 rss: 573Mb L: 24/65536 MS: 7 PersAutoDict-Custom-CopyPart-Custom-ShuffleBytes-Custom-CustomCrossOver- DE: "sol::"-
#2544	NEW    cov: 1656 ft: 6315 corp: 505/2296Kb lim: 65536 exec/s: 1272 rss: 574Mb L: 522/65536 MS: 5 CustomCrossOver-ChangeByte-Custom-InsertByte-Custom-
#2555	NEW    cov: 1656 ft: 6315 corp: 504/2296Kb lim: 65536 exec/s: 1277 rss: 576Mb L: 8/65536 MS: 2 PersAutoDict-Custom- DE: "\377\005"-
#2561	NEW    cov: 1656 ft: 6315 corp: 505/2296Kb lim: 65536 exec/s: 1280 rss: 577Mb L: 2/65536 MS: 1 CustomCrossOver-
#2565	NEW    cov: 1656 ft: 6316 corp: 506/2297Kb lim: 65536 exec/s: 1282 rss: 578Mb L: 511/65536 MS: 5 CustomCrossOver-CustomCrossOver-EraseBytes-Custom-CustomCrossOver-
#2591	NEW    cov: 1656 ft: 6316 corp: 506/2297Kb lim: 65536 exec/s: 1295 rss: 584Mb L: 5/65536 MS: 2 CopyPart-Custom-
#2593	NEW    cov: 1656 ft: 6316 corp: 507/2297Kb lim: 65536 exec/s: 1296 rss: 585Mb L: 17/65536 MS: 4 CopyPart-Custom-CMP-Custom- DE: "\377\377\000\000\000\000\000\000"-
#2599	NEW    cov: 1656 ft: 6316 corp: 508/2297Kb lim: 65536 exec/s: 1299 rss: 586Mb L: 44/65536 MS: 2 ManualDict-Custom- DE: "nil"-
#2600	NEW    cov: 1656 ft: 6316 corp: 508/2297Kb lim: 65536 exec/s: 1300 rss: 586Mb L: 32884/65536 MS: 1 CustomCrossOver-
#2613	NEW    cov: 1656 ft: 6316 corp: 509/2329Kb lim: 65536 exec/s: 1306 rss: 589Mb L: 33486/65536 MS: 6 CopyPart-Custom-ChangeBit-Custom-CrossOver-Custom-
#2615	NEW    cov: 1656 ft: 6316 corp: 510/2329Kb lim: 65536 exec/s: 1307 rss: 590Mb L: 3/65536 MS: 3 CustomCrossOver-EraseBytes-Custom-
#2616	NEW    cov: 1656 ft: 6316 corp: 510/2271Kb lim: 65536 exec/s: 1308 rss: 590Mb L: 2060/65536 MS: 2 CMP-Custom- DE: "\377\377\377\000"-
#2621	NEW    cov: 1656 ft: 6316 corp: 511/2272Kb lim: 65536 exec/s: 1310 rss: 591Mb L: 1020/65536 MS: 7 CustomCrossOver-InsertRepeatedBytes-Custom-CustomCrossOver-CustomCrossOver-InsertRepeatedBytes-Custom-
#2622	NEW    cov: 1656 ft: 6316 corp: 510/2271Kb lim: 65536 exec/s: 1311 rss: 591Mb L: 19/65536 MS: 1 CustomCrossOver-
#2631	NEW    cov: 1656 ft: 6316 corp: 511/2271Kb lim: 65536 exec/s: 1315 rss: 593Mb L: 21/65536 MS: 6 InsertRepeatedBytes-Custom-ChangeByte-Custom-CustomCrossOver-CustomCrossOver-
#2632	NEW    cov: 1656 ft: 6316 corp: 511/2266Kb lim: 65536 exec/s: 1316 rss: 593Mb L: 1023/65536 MS: 1 CustomCrossOver-
#2633	NEW    cov: 1656 ft: 6316 corp: 512/2266Kb lim: 65536 exec/s: 1316 rss: 593Mb L: 10/65536 MS: 2 CMP-Custom- DE: "\001\000\000\000\000\000\000\006"-
#2640	NEW    cov: 1656 ft: 6318 corp: 513/2266Kb lim: 65536 exec/s: 1320 rss: 595Mb L: 23/65536 MS: 4 ManualDict-Custom-CMP-Custom- DE: "silent"-"\377\023"-
#2646	NEW    cov: 1656 ft: 6318 corp: 514/2267Kb lim: 65536 exec/s: 1323 rss: 597Mb L: 79/65536 MS: 2 ChangeBit-Custom-
#2658	NEW    cov: 1656 ft: 6319 corp: 515/2267Kb lim: 65536 exec/s: 1329 rss: 599Mb L: 533/65536 MS: 3 CustomCrossOver-CrossOver-Custom-
#2659	NEW    cov: 1656 ft: 6319 corp: 515/2267Kb lim: 65536 exec/s: 1329 rss: 600Mb L: 1/65536 MS: 2 ChangeByte-Custom-
#2660	NEW    cov: 1656 ft: 6322 corp: 514/2267Kb lim: 65536 exec/s: 1330 rss: 600Mb L: 2/65536 MS: 1 CustomCrossOver-
#2661	NEW    cov: 1656 ft: 6322 corp: 514/2266Kb lim: 65536 exec/s: 1330 rss: 600Mb L: 50/65536 MS: 2 CMP-Custom- DE: "split"-
#2662	NEW    cov: 1656 ft: 6322 corp: 513/2265Kb lim: 65536 exec/s: 1331 rss: 600Mb L: 33/65536 MS: 2 InsertByte-Custom-
#2663	NEW    cov: 1656 ft: 6322 corp: 512/2201Kb lim: 65536 exec/s: 1331 rss: 600Mb L: 6/65536 MS: 2 CMP-Custom- DE: "trim"-
#2664	NEW    cov: 1656 ft: 6322 corp: 512/2201Kb lim: 65536 exec/s: 1332 rss: 601Mb L: 6/65536 MS: 2 ChangeBinInt-Custom-
#2665	NEW    cov: 1656 ft: 6323 corp: 513/2201Kb lim: 65536 exec/s: 1332 rss: 601Mb L: 18/65536 MS: 2 ChangeBinInt-Custom-
#2666	NEW    cov: 1656 ft: 6323 corp: 510/2201Kb lim: 65536 exec/s: 1333 rss: 601Mb L: 19/65536 MS: 2 ShuffleBytes-Custom-
#2672	NEW    cov: 1656 ft: 6323 corp: 510/2201Kb lim: 65536 exec/s: 1336 rss: 602Mb L: 6/65536 MS: 2 InsertByte-Custom-
#2683	NEW    cov: 1656 ft: 6323 corp: 511/2201Kb lim: 65536 exec/s: 1341 rss: 605Mb L: 5/65536 MS: 2 ShuffleBytes-Custom-
#2699	NEW    cov: 1656 ft: 6323 corp: 512/2201Kb lim: 65536 exec/s: 1349 rss: 608Mb L: 1/65536 MS: 2 ChangeBit-Custom-
#2705	NEW    cov: 1656 ft: 6323 corp: 510/2200Kb lim: 65536 exec/s: 1352 rss: 610Mb L: 63/65536 MS: 1 CustomCrossOver-
#2706	NEW    cov: 1656 ft: 6323 corp: 510/2200Kb lim: 65536 exec/s: 1353 rss: 610Mb L: 36/65536 MS: 1 CustomCrossOver-
#2718	NEW    cov: 1656 ft: 6323 corp: 511/2200Kb lim: 65536 exec/s: 1359 rss: 613Mb L: 12/65536 MS: 3 CustomCrossOver-ManualDict-Custom- DE: "protect"-
#2731	NEW    cov: 1656 ft: 6323 corp: 511/2200Kb lim: 65536 exec/s: 1365 rss: 616Mb L: 3/65536 MS: 3 CustomCrossOver-CustomCrossOver-CustomCrossOver-
#2737	NEW    cov: 1656 ft: 6323 corp: 511/2200Kb lim: 65536 exec/s: 1368 rss: 617Mb L: 41/65536 MS: 1 CustomCrossOver-
#2748	NEW    cov: 1656 ft: 6323 corp: 512/2200Kb lim: 65536 exec/s: 1374 rss: 620Mb L: 8/65536 MS: 2 ShuffleBytes-Custom-
#2751	NEW    cov: 1656 ft: 6323 corp: 512/2200Kb lim: 65536 exec/s: 1375 rss: 621Mb L: 22/65536 MS: 5 ShuffleBytes-Custom-CustomCrossOver-PersAutoDict-Custom- DE: "~\377\377\377\377\377\377\376"-
#2762	NEW    cov: 1656 ft: 6323 corp: 511/2200Kb lim: 65536 exec/s: 1381 rss: 623Mb L: 8/65536 MS: 2 ChangeBit-Custom-
#2808	NEW    cov: 1656 ft: 6326 corp: 512/2200Kb lim: 65536 exec/s: 936 rss: 633Mb L: 59/65536 MS: 2 CopyPart-Custom-
#2829	NEW    cov: 1656 ft: 6326 corp: 511/2200Kb lim: 65536 exec/s: 943 rss: 639Mb L: 13/65536 MS: 1 CustomCrossOver-
#2830	NEW    cov: 1656 ft: 6327 corp: 512/2200Kb lim: 65536 exec/s: 943 rss: 639Mb L: 2/65536 MS: 2 CopyPart-Custom-
#2841	NEW    cov: 1656 ft: 6327 corp: 511/2200Kb lim: 65536 exec/s: 947 rss: 641Mb L: 5/65536 MS: 2 InsertByte-Custom-
#2847	NEW    cov: 1656 ft: 6327 corp: 511/2200Kb lim: 65536 exec/s: 949 rss: 642Mb L: 33/65536 MS: 2 InsertByte-Custom-
#2848	NEW    cov: 1656 ft: 6327 corp: 512/2200Kb lim: 65536 exec/s: 949 rss: 642Mb L: 5/65536 MS: 2 ChangeBit-Custom-
#2896	NEW    cov: 1656 ft: 6327 corp: 513/2200Kb lim: 65536 exec/s: 965 rss: 653Mb L: 26/65536 MS: 4 CustomCrossOver-CustomCrossOver-ChangeByte-Custom-
#2908	NEW    cov: 1656 ft: 6327 corp: 514/2200Kb lim: 65536 exec/s: 969 rss: 656Mb L: 2/65536 MS: 3 PersAutoDict-Custom-CustomCrossOver- DE: "nil"-
#2910	NEW    cov: 1656 ft: 6327 corp: 514/2199Kb lim: 65536 exec/s: 970 rss: 656Mb L: 509/65536 MS: 3 ShuffleBytes-Custom-CustomCrossOver-
#2911	NEW    cov: 1656 ft: 6327 corp: 515/2200Kb lim: 65536 exec/s: 970 rss: 656Mb L: 509/65536 MS: 1 CustomCrossOver-
#2918	NEW    cov: 1656 ft: 6328 corp: 515/2200Kb lim: 65536 exec/s: 972 rss: 658Mb L: 41/65536 MS: 3 ManualDict-Custom-CustomCrossOver- DE: "order"-
#2925	NEW    cov: 1656 ft: 6328 corp: 515/2200Kb lim: 65536 exec/s: 975 rss: 660Mb L: 2/65536 MS: 2 CustomCrossOver-CustomCrossOver-
#2931	NEW    cov: 1656 ft: 6328 corp: 515/2199Kb lim: 65536 exec/s: 977 rss: 661Mb L: 13/65536 MS: 2 ChangeByte-Custom-
#2947	NEW    cov: 1656 ft: 6328 corp: 514/2199Kb lim: 65536 exec/s: 982 rss: 664Mb L: 2/65536 MS: 2 InsertByte-Custom-
#2956	NEW    cov: 1656 ft: 6328 corp: 514/2199Kb lim: 65536 exec/s: 985 rss: 666Mb L: 8300/65536 MS: 5 PersAutoDict-Custom-CustomCrossOver-CustomCrossOver-CustomCrossOver- DE: "mutate"-
#2989	NEW    cov: 1656 ft: 6328 corp: 514/2199Kb lim: 65536 exec/s: 996 rss: 674Mb L: 7/65536 MS: 3 CustomCrossOver-CustomCrossOver-CustomCrossOver-
#3003	NEW    cov: 1656 ft: 6329 corp: 515/2207Kb lim: 65536 exec/s: 1001 rss: 677Mb L: 8194/65536 MS: 5 CustomCrossOver-ChangeASCIIInt-Custom-CustomCrossOver-CustomCrossOver-
#3013	NEW    cov: 1656 ft: 6329 corp: 515/2207Kb lim: 65536 exec/s: 1004 rss: 679Mb L: 130/65536 MS: 9 InsertByte-Custom-ChangeBit-Custom-EraseBytes-Custom-ChangeASCIIInt-Custom-CustomCrossOver-
#3020	NEW    cov: 1656 ft: 6329 corp: 516/2207Kb lim: 65536 exec/s: 1006 rss: 681Mb L: 255/65536 MS: 2 CustomCrossOver-CustomCrossOver-
#3021	NEW    cov: 1656 ft: 6329 corp: 516/2207Kb lim: 65536 exec/s: 1007 rss: 681Mb L: 1/65536 MS: 2 ChangeBit-Custom-
#3022	NEW    cov: 1656 ft: 6330 corp: 517/2207Kb lim: 65536 exec/s: 1007 rss: 681Mb L: 7/65536 MS: 2 InsertByte-Custom-
#3023	NEW    cov: 1656 ft: 6330 corp: 516/2207Kb lim: 65536 exec/s: 1007 rss: 681Mb L: 3/65536 MS: 2 ShuffleBytes-Custom-
#3026	NEW    cov: 1656 ft: 6331 corp: 517/2207Kb lim: 65536 exec/s: 1008 rss: 682Mb L: 24/65536 MS: 5 CustomCrossOver-ChangeBit-Custom-ChangeByte-Custom-
#3030	NEW    cov: 1656 ft: 6331 corp: 517/2207Kb lim: 65536 exec/s: 1010 rss: 683Mb L: 25/65536 MS: 8 EraseBytes-Custom-CMP-Custom-ChangeByte-Custom-CopyPart-Custom- DE: "\000\025"-
#3031	NEW    cov: 1656 ft: 6332 corp: 518/2207Kb lim: 65536 exec/s: 1010 rss: 683Mb L: 97/65536 MS: 2 ChangeByte-Custom-
#3045	NEW    cov: 1656 ft: 6334 corp: 519/2208Kb lim: 65536 exec/s: 1015 rss: 686Mb L: 515/65536 MS: 6 CustomCrossOver-CrossOver-Custom-InsertByte-Custom-CustomCrossOver-
#3046	NEW    cov: 1656 ft: 6334 corp: 519/2208Kb lim: 65536 exec/s: 1015 rss: 686Mb L: 2/65536 MS: 1 CustomCrossOver-
#3048	NEW    cov: 1656 ft: 6334 corp: 520/2208Kb lim: 65536 exec/s: 1016 rss: 687Mb L: 61/65536 MS: 4 ChangeBinInt-Custom-InsertRepeatedBytes-Custom-
#3061	NEW    cov: 1656 ft: 6335 corp: 521/2208Kb lim: 65536 exec/s: 1020 rss: 689Mb L: 66/65536 MS: 4 PersAutoDict-Custom-CustomCrossOver-CustomCrossOver- DE: "return"-
#3065	NEW    cov: 1656 ft: 6336 corp: 521/2208Kb lim: 65536 exec/s: 1021 rss: 690Mb L: 64/65536 MS: 8 InsertByte-Custom-CopyPart-Custom-CopyPart-Custom-ManualDict-Custom- DE: "setGcThroughputMode"-
#3069	NEW    cov: 1656 ft: 6336 corp: 521/2208Kb lim: 65536 exec/s: 1023 rss: 691Mb L: 12/65536 MS: 7 CustomCrossOver-InsertRepeatedBytes-Custom-EraseBytes-Custom-EraseBytes-Custom-
#3078	NEW    cov: 1656 ft: 6336 corp: 522/2208Kb lim: 65536 exec/s: 1026 rss: 693Mb L: 63/65536 MS: 8 CMP-Custom-InsertByte-Custom-CopyPart-Custom-ChangeByte-Custom- DE: "\001\000\000\001"-
#3092	NEW    cov: 1656 ft: 6336 corp: 522/2208Kb lim: 65536 exec/s: 1030 rss: 696Mb L: 93/65536 MS: 6 CustomCrossOver-ChangeASCIIInt-Custom-ChangeBit-Custom-CustomCrossOver-
#3093	NEW    cov: 1656 ft: 6340 corp: 523/2208Kb lim: 65536 exec/s: 1031 rss: 696Mb L: 57/65536 MS: 1 CustomCrossOver-
#3104	NEW    cov: 1656 ft: 6340 corp: 523/2208Kb lim: 65536 exec/s: 1034 rss: 699Mb L: 18/65536 MS: 1 CustomCrossOver-
#3107	NEW    cov: 1656 ft: 6340 corp: 524/2208Kb lim: 65536 exec/s: 1035 rss: 699Mb L: 5/65536 MS: 5 CMP-Custom-CustomCrossOver-PersAutoDict-Custom- DE: "#\000\000\000"-"\377\023"-
#3108	NEW    cov: 1656 ft: 6341 corp: 523/2204Kb lim: 65536 exec/s: 1036 rss: 700Mb L: 15/65536 MS: 1 CustomCrossOver-
#3114	NEW    cov: 1656 ft: 6341 corp: 523/2201Kb lim: 65536 exec/s: 1038 rss: 701Mb L: 59/65536 MS: 2 ChangeBinInt-Custom-
#3130	NEW    cov: 1656 ft: 6349 corp: 524/2249Kb lim: 65536 exec/s: 1043 rss: 705Mb L: 49092/65536 MS: 1 CustomCrossOver-
#3772	RELOAD cov: 1656 ft: 6461 corp: 553/2189Kb lim: 65536 exec/s: 1257 rss: 841Mb
#3789	NEW    cov: 1656 ft: 6461 corp: 553/2189Kb lim: 65536 exec/s: 1263 rss: 841Mb L: 10/65536 MS: 4 PersAutoDict-Custom-ChangeBinInt-Custom- DE: "\377\005"-
#3830	NEW    cov: 1656 ft: 6461 corp: 554/2189Kb lim: 65536 exec/s: 957 rss: 850Mb L: 1/65536 MS: 2 ShuffleBytes-Custom-
#3831	NEW    cov: 1656 ft: 6461 corp: 555/2189Kb lim: 65536 exec/s: 957 rss: 851Mb L: 5/65536 MS: 2 ManualDict-Custom- DE: "\037"-
#3832	NEW    cov: 1656 ft: 6461 corp: 555/2189Kb lim: 65536 exec/s: 958 rss: 851Mb L: 28/65536 MS: 2 ChangeBit-Custom-
#3865	NEW    cov: 1656 ft: 6463 corp: 555/2187Kb lim: 65536 exec/s: 966 rss: 858Mb L: 2074/65536 MS: 4 CustomCrossOver-CustomCrossOver-CrossOver-Custom-
#3916	NEW    cov: 1656 ft: 6463 corp: 556/2187Kb lim: 65536 exec/s: 979 rss: 869Mb L: 1/65536 MS: 1 CustomCrossOver-
#3917	NEW    cov: 1656 ft: 6463 corp: 556/2187Kb lim: 65536 exec/s: 979 rss: 869Mb L: 63537/65536 MS: 2 EraseBytes-Custom-
#3952	NEW    cov: 1656 ft: 6463 corp: 557/2187Kb lim: 65536 exec/s: 988 rss: 877Mb L: 17/65536 MS: 10 ChangeBit-Custom-InsertByte-Custom-ManualDict-Custom-ChangeByte-Custom-CopyPart-Custom- DE: "vault"-
#3998	NEW    cov: 1656 ft: 6463 corp: 557/2187Kb lim: 65536 exec/s: 999 rss: 886Mb L: 3/65536 MS: 1 CustomCrossOver-
#4004	NEW    cov: 1656 ft: 6463 corp: 557/2187Kb lim: 65536 exec/s: 1001 rss: 888Mb L: 93/65536 MS: 2 ChangeBinInt-Custom-
#4020	NEW    cov: 1656 ft: 6463 corp: 557/2187Kb lim: 65536 exec/s: 1005 rss: 891Mb L: 32/65536 MS: 1 CustomCrossOver-
#4046	NEW    cov: 1656 ft: 6463 corp: 556/2187Kb lim: 65536 exec/s: 1011 rss: 896Mb L: 2/65536 MS: 2 ChangeBit-Custom-
#4067	NEW    cov: 1656 ft: 6463 corp: 556/2187Kb lim: 65536 exec/s: 1016 rss: 900Mb L: 21/65536 MS: 2 ShuffleBytes-Custom-
#4087	NEW    cov: 1656 ft: 6464 corp: 556/2173Kb lim: 65536 exec/s: 1021 rss: 905Mb L: 9522/65536 MS: 7 CustomCrossOver-CustomCrossOver-ChangeByte-Custom-CustomCrossOver-CrossOver-Custom-
#4096	pulse  cov: 1656 ft: 6464 corp: 556/2173Kb lim: 65536 exec/s: 1024 rss: 908Mb
#4153	NEW    cov: 1656 ft: 6464 corp: 556/2173Kb lim: 65536 exec/s: 1038 rss: 920Mb L: 127/65536 MS: 2 InsertRepeatedBytes-Custom-
#4164	NEW    cov: 1656 ft: 6464 corp: 556/2159Kb lim: 65536 exec/s: 1041 rss: 923Mb L: 34/65536 MS: 2 InsertRepeatedBytes-Custom-
#4176	NEW    cov: 1656 ft: 6465 corp: 557/2175Kb lim: 65536 exec/s: 1044 rss: 926Mb L: 16696/65536 MS: 2 CustomCrossOver-CustomCrossOver-
#4238	NEW    cov: 1656 ft: 6465 corp: 558/2175Kb lim: 65536 exec/s: 1059 rss: 939Mb L: 5/65536 MS: 3 CustomCrossOver-ChangeByte-Custom-
#4280	NEW    cov: 1656 ft: 6465 corp: 559/2175Kb lim: 65536 exec/s: 1070 rss: 949Mb L: 32/65536 MS: 4 CopyPart-Custom-ChangeBinInt-Custom-
#4285	NEW    cov: 1656 ft: 6465 corp: 559/2175Kb lim: 65536 exec/s: 1071 rss: 951Mb L: 16/65536 MS: 9 ChangeByte-Custom-CustomCrossOver-InsertByte-Custom-CrossOver-Custom-CMP-Custom- DE: "\000\000\000\036"-
#4293	NEW    cov: 1656 ft: 6465 corp: 559/2175Kb lim: 65536 exec/s: 1073 rss: 952Mb L: 20/65536 MS: 5 ManualDict-Custom-CustomCrossOver-ManualDict-Custom- DE: "do"-"DSL error"-
#4303	NEW    cov: 1656 ft: 6465 corp: 559/2174Kb lim: 65536 exec/s: 1075 rss: 954Mb L: 16599/65536 MS: 7 CustomCrossOver-ChangeByte-Custom-CustomCrossOver-CustomCrossOver-PersAutoDict-Custom- DE: "order"-
#4326	NEW    cov: 1656 ft: 6465 corp: 560/2175Kb lim: 65536 exec/s: 1081 rss: 960Mb L: 510/65536 MS: 4 CustomCrossOver-CrossOver-Custom-CustomCrossOver-
#4328	NEW    cov: 1656 ft: 6470 corp: 560/2175Kb lim: 65536 exec/s: 1082 rss: 960Mb L: 52/65536 MS: 4 ShuffleBytes-Custom-ManualDict-Custom- DE: "repeat"-
#4357	NEW    cov: 1656 ft: 6470 corp: 561/2175Kb lim: 65536 exec/s: 1089 rss: 966Mb L: 3/65536 MS: 7 ChangeByte-Custom-CustomCrossOver-ChangeByte-Custom-ChangeASCIIInt-Custom-
#4363	NEW    cov: 1656 ft: 6470 corp: 561/2175Kb lim: 65536 exec/s: 1090 rss: 968Mb L: 5/65536 MS: 1 CustomCrossOver-
#4384	NEW    cov: 1656 ft: 6471 corp: 562/2183Kb lim: 65536 exec/s: 1096 rss: 972Mb L: 8192/65536 MS: 1 CustomCrossOver-
#4399	NEW    cov: 1656 ft: 6471 corp: 562/2183Kb lim: 65536 exec/s: 1099 rss: 976Mb L: 7/65536 MS: 6 CopyPart-Custom-CustomCrossOver-CustomCrossOver-CustomCrossOver-CustomCrossOver-
#4429	NEW    cov: 1656 ft: 6471 corp: 562/2183Kb lim: 65536 exec/s: 1107 rss: 983Mb L: 17/65536 MS: 7 CopyPart-Custom-CustomCrossOver-CustomCrossOver-CopyPart-Custom-CustomCrossOver-
#4434	NEW    cov: 1656 ft: 6471 corp: 563/2183Kb lim: 65536 exec/s: 1108 rss: 984Mb L: 26/65536 MS: 9 CopyPart-Custom-CMP-Custom-CMP-Custom-CustomCrossOver-ManualDict-Custom- DE: "@/tmp/"-"\000\000\000\001"-"run"-
#4439	NEW    cov: 1656 ft: 6471 corp: 564/2183Kb lim: 65536 exec/s: 1109 rss: 985Mb L: 4/65536 MS: 10 ManualDict-Custom-InsertByte-Custom-ChangeBit-Custom-CopyPart-Custom-EraseBytes-Custom- DE: "="-
#4440	NEW    cov: 1656 ft: 6472 corp: 565/2183Kb lim: 65536 exec/s: 1110 rss: 985Mb L: 60/65536 MS: 1 CustomCrossOver-
#4586	NEW    cov: 1656 ft: 6472 corp: 565/2183Kb lim: 65536 exec/s: 1146 rss: 1017Mb L: 18/65536 MS: 2 ShuffleBytes-Custom-
#4662	NEW    cov: 1656 ft: 6472 corp: 566/2183Kb lim: 65536 exec/s: 1165 rss: 1034Mb L: 71/65536 MS: 2 InsertRepeatedBytes-Custom-
#4696	NEW    cov: 1656 ft: 6473 corp: 565/2175Kb lim: 65536 exec/s: 1174 rss: 1041Mb L: 12/65536 MS: 8 ChangeASCIIInt-Custom-InsertByte-Custom-ChangeBinInt-Custom-ManualDict-Custom- DE: "level"-
#4701	NEW    cov: 1656 ft: 6476 corp: 566/2175Kb lim: 65536 exec/s: 1175 rss: 1042Mb L: 89/65536 MS: 6 CustomCrossOver-EraseBytes-Custom-CustomCrossOver-CustomCrossOver-CustomCrossOver-
#5168	RELOAD cov: 1656 ft: 6486 corp: 575/2181Kb lim: 65536 exec/s: 1033 rss: 1142Mb
#5181	NEW    cov: 1656 ft: 6486 corp: 575/2181Kb lim: 65536 exec/s: 1036 rss: 1144Mb L: 61/65536 MS: 6 ManualDict-Custom-ShuffleBytes-Custom-InsertRepeatedBytes-Custom- DE: "failures"-
#5241	NEW    cov: 1656 ft: 6489 corp: 576/2193Kb lim: 65536 exec/s: 1048 rss: 1157Mb L: 12496/65536 MS: 10 ManualDict-Custom-ChangeByte-Custom-ManualDict-Custom-ChangeASCIIInt-Custom-ChangeByte-Custom- DE: "zstd"-"does not support 'parallel'"-
#5256	NEW    cov: 1656 ft: 6489 corp: 576/2193Kb lim: 65536 exec/s: 1051 rss: 1160Mb L: 36/65536 MS: 6 CustomCrossOver-CustomCrossOver-CustomCrossOver-CustomCrossOver-CrossOver-Custom-
#5262	NEW    cov: 1656 ft: 6489 corp: 576/2193Kb lim: 65536 exec/s: 1052 rss: 1161Mb L: 2/65536 MS: 1 CustomCrossOver-
#5355	NEW    cov: 1656 ft: 6489 corp: 577/2193Kb lim: 65536 exec/s: 1071 rss: 1183Mb L: 254/65536 MS: 4 InsertRepeatedBytes-Custom-CustomCrossOver-CustomCrossOver-
#5369	NEW    cov: 1656 ft: 6490 corp: 578/2193Kb lim: 65536 exec/s: 1073 rss: 1186Mb L: 61/65536 MS: 8 CrossOver-Custom-ManualDict-Custom-CopyPart-Custom-CopyPart-Custom- DE: "pipeline"-
#5373	NEW    cov: 1656 ft: 6490 corp: 579/2193Kb lim: 65536 exec/s: 1074 rss: 1187Mb L: 31/65536 MS: 8 ChangeByte-Custom-ChangeByte-Custom-PersAutoDict-Custom-CMP-Custom- DE: "vault"-"extra"-
#5375	NEW    cov: 1656 ft: 6490 corp: 580/2193Kb lim: 65536 exec/s: 1075 rss: 1187Mb L: 107/65536 MS: 4 InsertByte-Custom-InsertRepeatedBytes-Custom-
#5428	NEW    cov: 1656 ft: 6495 corp: 581/2193Kb lim: 65536 exec/s: 1085 rss: 1197Mb L: 92/65536 MS: 6 ChangeBit-Custom-InsertRepeatedBytes-Custom-ShuffleBytes-Custom-
#5441	NEW    cov: 1656 ft: 6495 corp: 582/2193Kb lim: 65536 exec/s: 1088 rss: 1200Mb L: 114/65536 MS: 6 ShuffleBytes-Custom-CopyPart-Custom-InsertByte-Custom-
#5553	NEW    cov: 1656 ft: 6496 corp: 583/2195Kb lim: 65536 exec/s: 1110 rss: 1224Mb L: 2063/65536 MS: 4 ManualDict-Custom-PersAutoDict-Custom- DE: "create_table"-"#\000\000\000"-
#5562	NEW    cov: 1656 ft: 6496 corp: 583/2195Kb lim: 65536 exec/s: 1112 rss: 1226Mb L: 4/65536 MS: 6 CustomCrossOver-CopyPart-Custom-CustomCrossOver-ChangeBit-Custom-
#5569	NEW    cov: 1656 ft: 6496 corp: 583/2169Kb lim: 65536 exec/s: 1113 rss: 1228Mb L: 8200/65536 MS: 4 InsertByte-Custom-ChangeBinInt-Custom-
#5573	NEW    cov: 1656 ft: 6496 corp: 583/2167Kb lim: 65536 exec/s: 1114 rss: 1229Mb L: 44/65536 MS: 8 InsertByte-Custom-CMP-Custom-ShuffleBytes-Custom-ChangeBinInt-Custom- DE: "<\000\000\000\000\000\000\000"-
#5580	NEW    cov: 1656 ft: 6497 corp: 584/2191Kb lim: 65536 exec/s: 1116 rss: 1230Mb L: 24061/65536 MS: 2 CustomCrossOver-CustomCrossOver-
#5582	NEW    cov: 1656 ft: 6497 corp: 584/2191Kb lim: 65536 exec/s: 1116 rss: 1231Mb L: 26/65536 MS: 3 CustomCrossOver-CMP-Custom- DE: "\000\000\177\376'\003\211\373"-
#5608	NEW    cov: 1656 ft: 6497 corp: 585/2193Kb lim: 65536 exec/s: 1121 rss: 1237Mb L: 1883/65536 MS: 2 ShuffleBytes-Custom-
#5611	NEW    cov: 1656 ft: 6499 corp: 585/2193Kb lim: 65536 exec/s: 1122 rss: 1237Mb L: 4/65536 MS: 6 ChangeBit-Custom-EraseBytes-Custom-ChangeBit-Custom-
#5622	NEW    cov: 1656 ft: 6500 corp: 584/2189Kb lim: 65536 exec/s: 1124 rss: 1240Mb L: 555/65536 MS: 2 InsertRepeatedBytes-Custom-
#5625	NEW    cov: 1656 ft: 6501 corp: 585/2244Kb lim: 65536 exec/s: 1125 rss: 1241Mb L: 55619/65536 MS: 5 CustomCrossOver-PersAutoDict-Custom-ChangeASCIIInt-Custom- DE: "trim"-
#5640	NEW    cov: 1656 ft: 6501 corp: 584/2243Kb lim: 65536 exec/s: 1128 rss: 1243Mb L: 4/65536 MS: 10 InsertByte-Custom-ChangeBit-Custom-ChangeBinInt-Custom-ChangeByte-Custom-ChangeBit-Custom-
#5645	NEW    cov: 1656 ft: 6501 corp: 584/2243Kb lim: 65536 exec/s: 1129 rss: 1244Mb L: 24/65536 MS: 8 CopyPart-Custom-ShuffleBytes-Custom-CustomCrossOver-ChangeBit-Custom-CustomCrossOver-
#5685	NEW    cov: 1656 ft: 6501 corp: 585/2244Kb lim: 65536 exec/s: 1137 rss: 1254Mb L: 1050/65536 MS: 10 InsertByte-Custom-ChangeByte-Custom-InsertByte-Custom-PersAutoDict-Custom-PersAutoDict-Custom- DE: "#\000\000\000"-"\001\000\000\000\000\000\000\006"-
#5726	NEW    cov: 1656 ft: 6501 corp: 585/2243Kb lim: 65536 exec/s: 1145 rss: 1261Mb L: 41/65536 MS: 2 CMP-Custom- DE: "\377\377\377\014"-
#5748	NEW    cov: 1656 ft: 6501 corp: 585/2243Kb lim: 65536 exec/s: 958 rss: 1266Mb L: 63/65536 MS: 2 CustomCrossOver-CustomCrossOver-
#5758	NEW    cov: 1656 ft: 6503 corp: 586/2243Kb lim: 65536 exec/s: 959 rss: 1268Mb L: 10/65536 MS: 10 CopyPart-Custom-ChangeBit-Custom-CMP-Custom-ChangeBinInt-Custom-ChangeByte-Custom- DE: "download"-
#5797	NEW    cov: 1656 ft: 6504 corp: 587/2245Kb lim: 65536 exec/s: 966 rss: 1277Mb L: 2043/65536 MS: 6 CopyPart-Custom-CustomCrossOver-EraseBytes-Custom-CustomCrossOver-
#5865	NEW    cov: 1656 ft: 6504 corp: 588/2245Kb lim: 65536 exec/s: 977 rss: 1293Mb L: 2/65536 MS: 6 ChangeBit-Custom-ChangeByte-Custom-EraseBytes-Custom-
#5923	NEW    cov: 1656 ft: 6504 corp: 588/2245Kb lim: 65536 exec/s: 987 rss: 1306Mb L: 16/65536 MS: 4 ManualDict-Custom-CustomCrossOver-CustomCrossOver- DE: "mutate"-
#5958	NEW    cov: 1656 ft: 6504 corp: 589/2245Kb lim: 65536 exec/s: 993 rss: 1314Mb L: 17/65536 MS: 8 CustomCrossOver-ChangeASCIIInt-Custom-ChangeBit-Custom-CustomCrossOver-CopyPart-Custom-
#5972	NEW    cov: 1656 ft: 6504 corp: 589/2245Kb lim: 65536 exec/s: 995 rss: 1316Mb L: 16/65536 MS: 6 CustomCrossOver-ChangeBinInt-Custom-ChangeByte-Custom-CustomCrossOver-
#6057	NEW    cov: 1656 ft: 6504 corp: 589/2245Kb lim: 65536 exec/s: 1009 rss: 1335Mb L: 97/65536 MS: 8 CopyPart-Custom-CustomCrossOver-CustomCrossOver-CopyPart-Custom-InsertRepeatedBytes-Custom-
#6069	NEW    cov: 1656 ft: 6504 corp: 590/2245Kb lim: 65536 exec/s: 1011 rss: 1337Mb L: 11/65536 MS: 3 ShuffleBytes-Custom-CustomCrossOver-
	NEW_FUNC[1/3]: 0x000000503470 in std::vector<beez::core::WorkflowStage, std::allocator<beez::core::WorkflowStage>>::size() const /usr/bin/../lib/gcc/x86_64-redhat-linux/16/../../../../include/c++/16/bits/stl_vector.h:1108
	NEW_FUNC[2/3]: 0x0000005038e0 in std::__detail::_Node_const_iterator<std::pair<std::__cxx11::basic_string<char, std::char_traits<char>, std::allocator<char>> const, beez::core::Workflow>, false, true>::operator++() /usr/bin/../lib/gcc/x86_64-redhat-linux/16/../../../../include/c++/16/bits/hashtable_policy.h:506
#6396	RELOAD cov: 1682 ft: 6712 corp: 599/2254Kb lim: 65536 exec/s: 1066 rss: 1409Mb
#6410	NEW    cov: 1682 ft: 6713 corp: 599/2206Kb lim: 65536 exec/s: 1068 rss: 1411Mb L: 121/65536 MS: 8 ChangeByte-Custom-InsertRepeatedBytes-Custom-ChangeBinInt-Custom-CopyPart-Custom-
#6466	NEW    cov: 1682 ft: 6713 corp: 600/2206Kb lim: 65536 exec/s: 1077 rss: 1424Mb L: 9/65536 MS: 2 EraseBytes-Custom-
#6518	NEW    cov: 1682 ft: 6713 corp: 601/2206Kb lim: 65536 exec/s: 1086 rss: 1436Mb L: 9/65536 MS: 3 ChangeASCIIInt-Custom-CustomCrossOver-
#6519	NEW    cov: 1682 ft: 6723 corp: 601/2206Kb lim: 65536 exec/s: 1086 rss: 1436Mb L: 15/65536 MS: 1 CustomCrossOver-
#6601	NEW    cov: 1682 ft: 6724 corp: 602/2206Kb lim: 65536 exec/s: 943 rss: 1455Mb L: 9/65536 MS: 2 CustomCrossOver-CustomCrossOver-
#6602	NEW    cov: 1682 ft: 6724 corp: 602/2206Kb lim: 65536 exec/s: 943 rss: 1455Mb L: 2/65536 MS: 2 InsertByte-Custom-
#6611	NEW    cov: 1682 ft: 6726 corp: 603/2206Kb lim: 65536 exec/s: 944 rss: 1457Mb L: 136/65536 MS: 6 PersAutoDict-Custom-CustomCrossOver-CopyPart-Custom-CustomCrossOver- DE: "@/tmp/"-
#6682	NEW    cov: 1682 ft: 6726 corp: 604/2208Kb lim: 65536 exec/s: 954 rss: 1472Mb L: 2055/65536 MS: 2 InsertRepeatedBytes-Custom-
#6729	NEW    cov: 1682 ft: 6726 corp: 603/2208Kb lim: 65536 exec/s: 961 rss: 1482Mb L: 3/65536 MS: 3 CustomCrossOver-InsertByte-Custom-
#6742	NEW    cov: 1682 ft: 6726 corp: 602/2208Kb lim: 65536 exec/s: 963 rss: 1485Mb L: 4/65536 MS: 4 CustomCrossOver-ChangeByte-Custom-CustomCrossOver-
#6908	NEW    cov: 1682 ft: 6726 corp: 602/2208Kb lim: 65536 exec/s: 986 rss: 1520Mb L: 13/65536 MS: 2 ManualDict-Custom- DE: "ghost-step"-
#6933	NEW    cov: 1682 ft: 6727 corp: 602/2208Kb lim: 65536 exec/s: 990 rss: 1526Mb L: 26/65536 MS: 10 ChangeBinInt-Custom-InsertByte-Custom-PersAutoDict-Custom-ChangeByte-Custom-ManualDict-Custom- DE: "\000\000\000\036"-"designated"-
#6934	NEW    cov: 1682 ft: 6727 corp: 603/2208Kb lim: 65536 exec/s: 990 rss: 1526Mb L: 36/65536 MS: 1 CustomCrossOver-
#6936	NEW    cov: 1682 ft: 6727 corp: 603/2208Kb lim: 65536 exec/s: 990 rss: 1526Mb L: 2/65536 MS: 3 InsertByte-Custom-CustomCrossOver-
#6938	NEW    cov: 1682 ft: 6728 corp: 604/2208Kb lim: 65536 exec/s: 991 rss: 1527Mb L: 63/65536 MS: 4 ChangeByte-Custom-InsertByte-Custom-
#6939	NEW    cov: 1682 ft: 6728 corp: 602/2208Kb lim: 65536 exec/s: 991 rss: 1527Mb L: 17/65536 MS: 2 ChangeBit-Custom-
#6940	NEW    cov: 1682 ft: 6728 corp: 603/2209Kb lim: 65536 exec/s: 991 rss: 1527Mb L: 1026/65536 MS: 1 CustomCrossOver-
#6946	NEW    cov: 1682 ft: 6728 corp: 602/2209Kb lim: 65536 exec/s: 992 rss: 1529Mb L: 6/65536 MS: 2 CMP-Custom- DE: "\024\000"-
#7014	NEW    cov: 1682 ft: 6728 corp: 602/2209Kb lim: 65536 exec/s: 1002 rss: 1543Mb L: 16/65536 MS: 6 ShuffleBytes-Custom-ManualDict-Custom-ManualDict-Custom- DE: "not"-"script_file"-
#7119	NEW    cov: 1682 ft: 6728 corp: 602/2209Kb lim: 65536 exec/s: 1017 rss: 1566Mb L: 4/65536 MS: 7 EraseBytes-Custom-ShuffleBytes-Custom-CustomCrossOver-CustomCrossOver-CustomCrossOver-
#7134	NEW    cov: 1682 ft: 6728 corp: 602/2209Kb lim: 65536 exec/s: 1019 rss: 1570Mb L: 4/65536 MS: 8 ManualDict-Custom-CustomCrossOver-CustomCrossOver-CopyPart-Custom-ShuffleBytes-Custom- DE: "HOME"-
#7235	NEW    cov: 1682 ft: 6728 corp: 601/2209Kb lim: 65536 exec/s: 1033 rss: 1592Mb L: 92/65536 MS: 2 CrossOver-Custom-
#7321	NEW    cov: 1682 ft: 6728 corp: 602/2209Kb lim: 65536 exec/s: 1045 rss: 1610Mb L: 1/65536 MS: 2 ChangeBit-Custom-
#7324	NEW    cov: 1682 ft: 6728 corp: 603/2209Kb lim: 65536 exec/s: 1046 rss: 1611Mb L: 2/65536 MS: 5 ChangeByte-Custom-ChangeByte-Custom-CustomCrossOver-
#7338	NEW    cov: 1682 ft: 6728 corp: 604/2209Kb lim: 65536 exec/s: 1048 rss: 1614Mb L: 21/65536 MS: 8 ChangeBinInt-Custom-ChangeBinInt-Custom-CopyPart-Custom-ChangeASCIIInt-Custom-
#7356	NEW    cov: 1682 ft: 6728 corp: 605/2209Kb lim: 65536 exec/s: 1050 rss: 1618Mb L: 156/65536 MS: 6 ShuffleBytes-Custom-ShuffleBytes-Custom-ManualDict-Custom- DE: "indicator_spin_interval"-
#7385	NEW    cov: 1682 ft: 6728 corp: 606/2209Kb lim: 65536 exec/s: 1055 rss: 1625Mb L: 10/65536 MS: 6 CustomCrossOver-PersAutoDict-Custom-CMP-Custom-CustomCrossOver- DE: "not"-"exis"-
#7659	RELOAD cov: 1682 ft: 6756 corp: 617/2247Kb lim: 65536 exec/s: 957 rss: 1685Mb
#7661	NEW    cov: 1682 ft: 6757 corp: 618/2247Kb lim: 65536 exec/s: 957 rss: 1685Mb L: 39/65536 MS: 4 EraseBytes-Custom-PersAutoDict-Custom- DE: "silent"-
#7662	NEW    cov: 1682 ft: 6757 corp: 618/2247Kb lim: 65536 exec/s: 957 rss: 1685Mb L: 1/65536 MS: 2 ChangeBit-Custom-
#7670	NEW    cov: 1682 ft: 6757 corp: 618/2247Kb lim: 65536 exec/s: 958 rss: 1687Mb L: 33/65536 MS: 6 PersAutoDict-Custom-EraseBytes-Custom-EraseBytes-Custom- DE: "failures"-
#7690	NEW    cov: 1682 ft: 6757 corp: 618/2247Kb lim: 65536 exec/s: 961 rss: 1691Mb L: 23/65536 MS: 10 ChangeByte-Custom-ChangeByte-Custom-CopyPart-Custom-InsertByte-Custom-ManualDict-Custom- DE: "wait"-
#7701	NEW    cov: 1682 ft: 6757 corp: 619/2248Kb lim: 65536 exec/s: 962 rss: 1692Mb L: 1030/65536 MS: 1 CustomCrossOver-
#7711	NEW    cov: 1682 ft: 6757 corp: 619/2225Kb lim: 65536 exec/s: 963 rss: 1695Mb L: 271/65536 MS: 10 ChangeByte-Custom-InsertRepeatedBytes-Custom-InsertRepeatedBytes-Custom-InsertRepeatedBytes-Custom-PersAutoDict-Custom- DE: "nil"-
#7713	NEW    cov: 1682 ft: 6757 corp: 620/2225Kb lim: 65536 exec/s: 964 rss: 1695Mb L: 2/65536 MS: 4 ChangeBinInt-Custom-ChangeBinInt-Custom-
#7746	NEW    cov: 1682 ft: 6760 corp: 621/2289Kb lim: 65536 exec/s: 968 rss: 1703Mb L: 65521/65536 MS: 5 CrossOver-Custom-CustomCrossOver-InsertRepeatedBytes-Custom-
#7760	NEW    cov: 1682 ft: 6760 corp: 621/2288Kb lim: 65536 exec/s: 970 rss: 1707Mb L: 39/65536 MS: 8 ManualDict-Custom-PersAutoDict-Custom-ChangeByte-Custom-ShuffleBytes-Custom- DE: "beez.env"-"@/tmp/"-
#7805	NEW    cov: 1682 ft: 6760 corp: 621/2288Kb lim: 65536 exec/s: 975 rss: 1716Mb L: 36/65536 MS: 10 ChangeBit-Custom-ShuffleBytes-Custom-CopyPart-Custom-ChangeByte-Custom-ManualDict-Custom- DE: "references undefined step"-
#7886	NEW    cov: 1682 ft: 6760 corp: 621/2288Kb lim: 65536 exec/s: 985 rss: 1734Mb L: 13/65536 MS: 2 CMP-Custom- DE: "sol.sol"-
#7902	NEW    cov: 1682 ft: 6760 corp: 621/2288Kb lim: 65536 exec/s: 987 rss: 1738Mb L: 4/65536 MS: 2 ShuffleBytes-Custom-
#7903	NEW    cov: 1682 ft: 6760 corp: 621/2288Kb lim: 65536 exec/s: 987 rss: 1738Mb L: 13/65536 MS: 2 CMP-Custom- DE: "\377\377\377\377\377\377\377:"-
#7909	NEW    cov: 1682 ft: 6760 corp: 621/2288Kb lim: 65536 exec/s: 988 rss: 1740Mb L: 1/65536 MS: 2 ShuffleBytes-Custom-
#7927	NEW    cov: 1682 ft: 6760 corp: 621/2288Kb lim: 65536 exec/s: 990 rss: 1744Mb L: 17/65536 MS: 4 CrossOver-Custom-CustomCrossOver-CustomCrossOver-
#7928	NEW    cov: 1682 ft: 6760 corp: 622/2288Kb lim: 65536 exec/s: 991 rss: 1744Mb L: 7/65536 MS: 2 InsertRepeatedBytes-Custom-
#7930	NEW    cov: 1682 ft: 6760 corp: 622/2286Kb lim: 65536 exec/s: 991 rss: 1744Mb L: 6/65536 MS: 4 PersAutoDict-Custom-ChangeByte-Custom- DE: "level"-
#7937	NEW    cov: 1682 ft: 6761 corp: 622/2286Kb lim: 65536 exec/s: 992 rss: 1745Mb L: 47/65536 MS: 4 ChangeByte-Custom-CopyPart-Custom-
#7952	NEW    cov: 1682 ft: 6761 corp: 622/2286Kb lim: 65536 exec/s: 994 rss: 1748Mb L: 9/65536 MS: 7 CustomCrossOver-CustomCrossOver-CustomCrossOver-PersAutoDict-Custom-EraseBytes-Custom- DE: "summary"-
#7975	NEW    cov: 1682 ft: 6763 corp: 623/2294Kb lim: 65536 exec/s: 996 rss: 1753Mb L: 8591/65536 MS: 6 InsertByte-Custom-CMP-Custom-ShuffleBytes-Custom- DE: "setmetatable"-
#7976	NEW    cov: 1682 ft: 6765 corp: 623/2294Kb lim: 65536 exec/s: 997 rss: 1753Mb L: 1/65536 MS: 1 CustomCrossOver-
#7981	NEW    cov: 1682 ft: 6766 corp: 623/2294Kb lim: 65536 exec/s: 997 rss: 1754Mb L: 116/65536 MS: 10 InsertByte-Custom-ManualDict-Custom-CMP-Custom-ChangeByte-Custom-CopyPart-Custom- DE: "0x"-"exis"-
#7990	NEW    cov: 1682 ft: 6766 corp: 624/2294Kb lim: 65536 exec/s: 998 rss: 1757Mb L: 16/65536 MS: 7 ChangeBit-Custom-InsertByte-Custom-ShuffleBytes-Custom-CustomCrossOver-
#7997	NEW    cov: 1682 ft: 6768 corp: 625/2294Kb lim: 65536 exec/s: 999 rss: 1758Mb L: 104/65536 MS: 4 ChangeBit-Custom-InsertRepeatedBytes-Custom-
#8018	NEW    cov: 1682 ft: 6769 corp: 625/2287Kb lim: 65536 exec/s: 1002 rss: 1763Mb L: 10224/65536 MS: 2 EraseBytes-Custom-
#8037	NEW    cov: 1682 ft: 6770 corp: 626/2287Kb lim: 65536 exec/s: 1004 rss: 1767Mb L: 75/65536 MS: 8 EraseBytes-Custom-CopyPart-Custom-ShuffleBytes-Custom-ChangeByte-Custom-
#8177	NEW    cov: 1682 ft: 6770 corp: 626/2285Kb lim: 65536 exec/s: 1022 rss: 1797Mb L: 41/65536 MS: 8 InsertRepeatedBytes-Custom-ManualDict-Custom-InsertByte-Custom-CustomCrossOver-CustomCrossOver- DE: "optimize_gc_for_throughput"-
#8192	pulse  cov: 1682 ft: 6770 corp: 626/2285Kb lim: 65536 exec/s: 1024 rss: 1800Mb
#8244	NEW    cov: 1682 ft: 6770 corp: 627/2285Kb lim: 65536 exec/s: 1030 rss: 1813Mb L: 27/65536 MS: 4 PersAutoDict-Custom-ChangeBinInt-Custom- DE: "DSL error"-
#8330	NEW    cov: 1682 ft: 6770 corp: 627/2281Kb lim: 65536 exec/s: 1041 rss: 1830Mb L: 22434/65536 MS: 2 InsertByte-Custom-
#8379	NEW    cov: 1682 ft: 6770 corp: 626/2281Kb lim: 65536 exec/s: 1047 rss: 1839Mb L: 17/65536 MS: 6 CrossOver-Custom-CustomCrossOver-CMP-Custom-CustomCrossOver- DE: "\001\000\000\000\000\000\000\013"-
#8502	NEW    cov: 1682 ft: 6770 corp: 626/2281Kb lim: 65536 exec/s: 944 rss: 1864Mb L: 1/65536 MS: 5 ShuffleBytes-Custom-InsertRepeatedBytes-Custom-CustomCrossOver-
#8588	NEW    cov: 1682 ft: 6770 corp: 626/2281Kb lim: 65536 exec/s: 954 rss: 1883Mb L: 16/65536 MS: 2 ChangeBit-Custom-
#8590	NEW    cov: 1682 ft: 6772 corp: 625/2248Kb lim: 65536 exec/s: 954 rss: 1883Mb L: 1025/65536 MS: 2 CustomCrossOver-CustomCrossOver-
#8760	RELOAD cov: 1682 ft: 6772 corp: 623/2224Kb lim: 65536 exec/s: 973 rss: 1920Mb
#8900	NEW    cov: 1682 ft: 6772 corp: 623/2223Kb lim: 65536 exec/s: 988 rss: 1948Mb L: 2/65536 MS: 8 PersAutoDict-Custom-CMP-Custom-ChangeBit-Custom-CustomCrossOver-CustomCrossOver- DE: "\001\000\000\000\000\000\000\013"-"\001@"-
#8911	NEW    cov: 1682 ft: 6772 corp: 622/2223Kb lim: 65536 exec/s: 990 rss: 1951Mb L: 4/65536 MS: 2 ChangeBit-Custom-
#8917	NEW    cov: 1682 ft: 6772 corp: 622/2223Kb lim: 65536 exec/s: 990 rss: 1952Mb L: 60/65536 MS: 2 CopyPart-Custom-
#8985	NEW    cov: 1682 ft: 6775 corp: 623/2223Kb lim: 65536 exec/s: 998 rss: 1968Mb L: 17/65536 MS: 4 CustomCrossOver-ChangeByte-Custom-CustomCrossOver-
#8986	NEW    cov: 1682 ft: 6779 corp: 624/2224Kb lim: 65536 exec/s: 998 rss: 1968Mb L: 249/65536 MS: 1 CustomCrossOver-
#9162	NEW    cov: 1682 ft: 6779 corp: 624/2224Kb lim: 65536 exec/s: 1018 rss: 2007Mb L: 6/65536 MS: 2 CopyPart-Custom-
#9168	NEW    cov: 1682 ft: 6779 corp: 624/2224Kb lim: 65536 exec/s: 1018 rss: 2008Mb L: 3/65536 MS: 2 PersAutoDict-Custom- DE: "run"-
#9242	NEW    cov: 1682 ft: 6782 corp: 624/2171Kb lim: 65536 exec/s: 1026 rss: 2025Mb L: 11288/65536 MS: 8 CopyPart-Custom-ChangeASCIIInt-Custom-EraseBytes-Custom-ManualDict-Custom- DE: "hash"-
#9247	NEW    cov: 1682 ft: 6783 corp: 625/2187Kb lim: 65536 exec/s: 1027 rss: 2026Mb L: 16696/65536 MS: 6 CustomCrossOver-CustomCrossOver-CustomCrossOver-ChangeByte-Custom-CustomCrossOver-
#9292	NEW    cov: 1682 ft: 6783 corp: 624/2156Kb lim: 65536 exec/s: 1032 rss: 2037Mb L: 16530/65536 MS: 8 ChangeByte-Custom-CustomCrossOver-InsertRepeatedBytes-Custom-CustomCrossOver-CrossOver-Custom-
#9344	NEW    cov: 1682 ft: 6783 corp: 625/2156Kb lim: 65536 exec/s: 1038 rss: 2048Mb L: 86/65536 MS: 4 ChangeBit-Custom-InsertRepeatedBytes-Custom-
#9356	NEW    cov: 1682 ft: 6783 corp: 625/2149Kb lim: 65536 exec/s: 1039 rss: 2051Mb L: 15276/65536 MS: 4 ChangeBinInt-Custom-ManualDict-Custom- DE: "beez.env"-
#9412	NEW    cov: 1682 ft: 6783 corp: 625/2149Kb lim: 65536 exec/s: 1045 rss: 2063Mb L: 68/65536 MS: 2 CrossOver-Custom-
#9428	NEW    cov: 1682 ft: 6783 corp: 625/2149Kb lim: 65536 exec/s: 1047 rss: 2066Mb L: 2/65536 MS: 2 ChangeByte-Custom-
#9442	NEW    cov: 1682 ft: 6783 corp: 625/2149Kb lim: 65536 exec/s: 944 rss: 2069Mb L: 24/65536 MS: 8 ShuffleBytes-Custom-CopyPart-Custom-InsertByte-Custom-PersAutoDict-Custom- DE: "designated"-
#9558	NEW    cov: 1682 ft: 6783 corp: 625/2148Kb lim: 65536 exec/s: 955 rss: 2094Mb L: 18/65536 MS: 2 ManualDict-Custom- DE: "not_a_real_key"-
#9699	NEW    cov: 1682 ft: 6783 corp: 625/2140Kb lim: 65536 exec/s: 969 rss: 2124Mb L: 130/65536 MS: 1 CustomCrossOver-
#9864	RELOAD cov: 1682 ft: 6783 corp: 627/2140Kb lim: 65536 exec/s: 986 rss: 2159Mb
#9901	NEW    cov: 1682 ft: 6783 corp: 627/2140Kb lim: 65536 exec/s: 990 rss: 2165Mb L: 23/65536 MS: 4 CopyPart-Custom-CMP-Custom- DE: "\006\000\000\000\000\000\000\000"-
#9932	NEW    cov: 1682 ft: 6783 corp: 627/2140Kb lim: 65536 exec/s: 993 rss: 2172Mb L: 2/65536 MS: 1 CustomCrossOver-
#10067	NEW    cov: 1682 ft: 6783 corp: 628/2140Kb lim: 65536 exec/s: 1006 rss: 2201Mb L: 34/65536 MS: 8 InsertByte-Custom-CrossOver-Custom-ChangeBit-Custom-CustomCrossOver-CustomCrossOver-
#10124	NEW    cov: 1682 ft: 6783 corp: 628/2140Kb lim: 65536 exec/s: 1012 rss: 2214Mb L: 16/65536 MS: 3 CustomCrossOver-CrossOver-Custom-
#10177	NEW    cov: 1682 ft: 6783 corp: 628/2140Kb lim: 65536 exec/s: 1017 rss: 2225Mb L: 43/65536 MS: 6 InsertByte-Custom-InsertByte-Custom-CopyPart-Custom-
#10284	NEW    cov: 1682 ft: 6783 corp: 628/2138Kb lim: 65536 exec/s: 1028 rss: 2248Mb L: 68/65536 MS: 4 InsertRepeatedBytes-Custom-CMP-Custom- DE: "\002\377\377\377\377\377\377\373"-
#10310	NEW    cov: 1682 ft: 6784 corp: 629/2138Kb lim: 65536 exec/s: 1031 rss: 2254Mb L: 124/65536 MS: 2 CMP-Custom- DE: "\001\000\000\000\000\000\000\006"-
#10313	NEW    cov: 1682 ft: 6784 corp: 629/2138Kb lim: 65536 exec/s: 1031 rss: 2255Mb L: 31/65536 MS: 6 ShuffleBytes-Custom-ChangeBinInt-Custom-ChangeBit-Custom-
#10323	NEW    cov: 1682 ft: 6784 corp: 629/2138Kb lim: 65536 exec/s: 1032 rss: 2257Mb L: 18/65536 MS: 7 EraseBytes-Custom-CustomCrossOver-CustomCrossOver-ChangeBit-Custom-CustomCrossOver-
#10344	NEW    cov: 1682 ft: 6784 corp: 629/2138Kb lim: 65536 exec/s: 1034 rss: 2262Mb L: 2/65536 MS: 2 CrossOver-Custom-
#10356	NEW    cov: 1682 ft: 6784 corp: 629/2138Kb lim: 65536 exec/s: 1035 rss: 2265Mb L: 6/65536 MS: 3 CustomCrossOver-CMP-Custom- DE: "\000\000\000\011"-
#10418	NEW    cov: 1682 ft: 6784 corp: 629/2138Kb lim: 65536 exec/s: 1041 rss: 2278Mb L: 16397/65536 MS: 3 CustomCrossOver-PersAutoDict-Custom- DE: "ghost-step"-
#10492	NEW    cov: 1682 ft: 6784 corp: 629/2138Kb lim: 65536 exec/s: 953 rss: 2294Mb L: 5/65536 MS: 6 EraseBytes-Custom-PersAutoDict-Custom-CustomCrossOver-CustomCrossOver- DE: "hash"-
#10519	NEW    cov: 1682 ft: 6784 corp: 629/2138Kb lim: 65536 exec/s: 956 rss: 2300Mb L: 4/65536 MS: 2 CustomCrossOver-CustomCrossOver-
#10521	NEW    cov: 1682 ft: 6789 corp: 628/2138Kb lim: 65536 exec/s: 956 rss: 2300Mb L: 2/65536 MS: 3 CrossOver-Custom-CustomCrossOver-
#10682	NEW    cov: 1682 ft: 6789 corp: 629/2138Kb lim: 65536 exec/s: 971 rss: 2334Mb L: 4/65536 MS: 1 CustomCrossOver-
#10686	NEW    cov: 1682 ft: 6789 corp: 630/2138Kb lim: 65536 exec/s: 971 rss: 2334Mb L: 4/65536 MS: 6 CustomCrossOver-CustomCrossOver-ChangeByte-Custom-InsertByte-Custom-
#10702	NEW    cov: 1682 ft: 6789 corp: 630/2138Kb lim: 65536 exec/s: 972 rss: 2338Mb L: 34/65536 MS: 2 ChangeBinInt-Custom-
#10707	NEW    cov: 1682 ft: 6789 corp: 631/2138Kb lim: 65536 exec/s: 973 rss: 2339Mb L: 25/65536 MS: 10 ChangeByte-Custom-InsertByte-Custom-ChangeBit-Custom-ChangeBinInt-Custom-CMP-Custom- DE: "diff"-
#10774	NEW    cov: 1682 ft: 6789 corp: 631/2138Kb lim: 65536 exec/s: 979 rss: 2353Mb L: 20/65536 MS: 4 EraseBytes-Custom-CMP-Custom- DE: "\026\000\000\000"-
#10801	NEW    cov: 1682 ft: 6789 corp: 631/2138Kb lim: 65536 exec/s: 981 rss: 2359Mb L: 2/65536 MS: 3 CustomCrossOver-ChangeByte-Custom-
#11018	RELOAD cov: 1682 ft: 6793 corp: 636/2147Kb lim: 65536 exec/s: 1001 rss: 2407Mb
#11034	NEW    cov: 1682 ft: 6793 corp: 637/2155Kb lim: 65536 exec/s: 1003 rss: 2410Mb L: 8534/65536 MS: 1 CustomCrossOver-
#11070	NEW    cov: 1682 ft: 6793 corp: 636/2155Kb lim: 65536 exec/s: 1006 rss: 2417Mb L: 2/65536 MS: 1 CustomCrossOver-
#11131	NEW    cov: 1682 ft: 6793 corp: 636/2155Kb lim: 65536 exec/s: 1011 rss: 2431Mb L: 27/65536 MS: 2 CopyPart-Custom-
#11276	NEW    cov: 1682 ft: 6793 corp: 636/2155Kb lim: 65536 exec/s: 1025 rss: 2462Mb L: 35/65536 MS: 10 CrossOver-Custom-ChangeBinInt-Custom-PersAutoDict-Custom-CMP-Custom-ChangeBit-Custom- DE: "references undefined step"-"sol."-
#11292	NEW    cov: 1682 ft: 6793 corp: 634/2155Kb lim: 65536 exec/s: 1026 rss: 2465Mb L: 3/65536 MS: 1 CustomCrossOver-
#11311	NEW    cov: 1682 ft: 6793 corp: 634/2155Kb lim: 65536 exec/s: 1028 rss: 2470Mb L: 24/65536 MS: 8 InsertRepeatedBytes-Custom-EraseBytes-Custom-PersAutoDict-Custom-PersAutoDict-Custom- DE: "order"-"setmetatable"-
#11379	NEW    cov: 1682 ft: 6793 corp: 634/2155Kb lim: 65536 exec/s: 1034 rss: 2486Mb L: 41/65536 MS: 4 CopyPart-Custom-CustomCrossOver-CustomCrossOver-
#11464	NEW    cov: 1682 ft: 6794 corp: 635/2158Kb lim: 65536 exec/s: 955 rss: 2502Mb L: 2782/65536 MS: 10 EraseBytes-Custom-ChangeBit-Custom-CopyPart-Custom-InsertRepeatedBytes-Custom-InsertRepeatedBytes-Custom-
#11479	NEW    cov: 1682 ft: 6795 corp: 636/2210Kb lim: 65536 exec/s: 956 rss: 2506Mb L: 53183/65536 MS: 10 ManualDict-Custom-ChangeBit-Custom-ChangeASCIIInt-Custom-ChangeASCIIInt-Custom-EraseBytes-Custom- DE: "percent"-
#11480	NEW    cov: 1682 ft: 6795 corp: 636/2210Kb lim: 65536 exec/s: 956 rss: 2506Mb L: 65/65536 MS: 1 CustomCrossOver-
#11505	NEW    cov: 1682 ft: 6795 corp: 634/2210Kb lim: 65536 exec/s: 958 rss: 2512Mb L: 2/65536 MS: 8 CopyPart-Custom-CustomCrossOver-ChangeBinInt-Custom-ChangeBinInt-Custom-CustomCrossOver-
#11506	NEW    cov: 1682 ft: 6800 corp: 635/2210Kb lim: 65536 exec/s: 958 rss: 2512Mb L: 259/65536 MS: 1 CustomCrossOver-
#11653	NEW    cov: 1682 ft: 6800 corp: 635/2210Kb lim: 65536 exec/s: 971 rss: 2545Mb L: 42/65536 MS: 4 CMP-Custom-ChangeBinInt-Custom- DE: "\000\000\000\000\000\000\000\000"-
#11760	NEW    cov: 1682 ft: 6800 corp: 635/2210Kb lim: 65536 exec/s: 980 rss: 2565Mb L: 32/65536 MS: 3 ChangeByte-Custom-CustomCrossOver-
#11799	NEW    cov: 1682 ft: 6800 corp: 635/2210Kb lim: 65536 exec/s: 983 rss: 2575Mb L: 80/65536 MS: 7 CustomCrossOver-CMP-Custom-PersAutoDict-Custom-ChangeBit-Custom- DE: "\000\000"-"\026\000\000\000"-
#11916	NEW    cov: 1682 ft: 6835 corp: 636/2210Kb lim: 65536 exec/s: 993 rss: 2600Mb L: 10/65536 MS: 4 ShuffleBytes-Custom-CopyPart-Custom-
#11927	NEW    cov: 1682 ft: 6835 corp: 636/2210Kb lim: 65536 exec/s: 993 rss: 2602Mb L: 4/65536 MS: 2 CopyPart-Custom-
#11955	NEW    cov: 1682 ft: 6854 corp: 637/2210Kb lim: 65536 exec/s: 996 rss: 2609Mb L: 178/65536 MS: 5 ChangeByte-Custom-CustomCrossOver-ChangeBinInt-Custom-
	NEW_FUNC[1/52]: 0x000000500800 in std::__detail::_Node_const_iterator<std::pair<std::__cxx11::basic_string<char, std::char_traits<char>, std::allocator<char>> const, beez::core::Task>, false, true>::operator*() const /usr/bin/../lib/gcc/x86_64-redhat-linux/16/../../../../include/c++/16/bits/hashtable_policy.h:498
	NEW_FUNC[2/52]: 0x000000500c88 in std::tuple_element<0ul, std::pair<std::__cxx11::basic_string<char, std::char_traits<char>, std::allocator<char>> const, beez::core::Task>>::type const& std::get<0ul, std::__cxx11::basic_string<char, std::char_traits<char>, std::allocator<char>> const, beez::core::Task>(std::pair<std::__cxx11::basic_string<char, std::char_traits<char>, std::allocator<char>> const, beez::core::Task> const&) /usr/bin/../lib/gcc/x86_64-redhat-linux/16/../../../../include/c++/16/bits/stl_pair.h:1299
#12165	RELOAD cov: 1880 ft: 7113 corp: 641/2219Kb lim: 65536 exec/s: 1013 rss: 2655Mb
#12216	NEW    cov: 1880 ft: 7123 corp: 642/2219Kb lim: 65536 exec/s: 1018 rss: 2666Mb L: 2/65536 MS: 1 CustomCrossOver-
#12426	NEW    cov: 1880 ft: 7124 corp: 642/2207Kb lim: 65536 exec/s: 955 rss: 2713Mb L: 4541/65536 MS: 8 CustomCrossOver-CopyPart-Custom-CustomCrossOver-ChangeByte-Custom-InsertRepeatedBytes-Custom-
#12430	NEW    cov: 1880 ft: 7124 corp: 643/2207Kb lim: 65536 exec/s: 956 rss: 2714Mb L: 94/65536 MS: 7 InsertByte-Custom-InsertRepeatedBytes-Custom-CustomCrossOver-EraseBytes-Custom-
#12557	NEW    cov: 1880 ft: 7124 corp: 644/2207Kb lim: 65536 exec/s: 965 rss: 2742Mb L: 6/65536 MS: 2 CustomCrossOver-CustomCrossOver-
#12558	NEW    cov: 1880 ft: 7124 corp: 645/2207Kb lim: 65536 exec/s: 966 rss: 2742Mb L: 3/65536 MS: 2 ChangeByte-Custom-
#12560	NEW    cov: 1880 ft: 7124 corp: 645/2207Kb lim: 65536 exec/s: 966 rss: 2742Mb L: 15/65536 MS: 4 ChangeBinInt-Custom-PersAutoDict-Custom- DE: "setmetatable"-
#12661	NEW    cov: 1880 ft: 7124 corp: 644/2199Kb lim: 65536 exec/s: 973 rss: 2765Mb L: 10/65536 MS: 2 ShuffleBytes-Custom-
#12667	NEW    cov: 1880 ft: 7124 corp: 644/2195Kb lim: 65536 exec/s: 974 rss: 2766Mb L: 5/65536 MS: 2 CopyPart-Custom-
#12668	NEW    cov: 1880 ft: 7124 corp: 644/2195Kb lim: 65536 exec/s: 974 rss: 2766Mb L: 289/65536 MS: 1 CustomCrossOver-
#12725	NEW    cov: 1880 ft: 7139 corp: 644/2194Kb lim: 65536 exec/s: 978 rss: 2779Mb L: 64/65536 MS: 2 CustomCrossOver-CustomCrossOver-
#12726	NEW    cov: 1880 ft: 7144 corp: 645/2196Kb lim: 65536 exec/s: 978 rss: 2779Mb L: 2047/65536 MS: 2 ChangeByte-Custom-
#12730	NEW    cov: 1880 ft: 7145 corp: 646/2196Kb lim: 65536 exec/s: 979 rss: 2780Mb L: 126/65536 MS: 8 ManualDict-Custom-CMP-Custom-InsertByte-Custom-InsertRepeatedBytes-Custom- DE: "truecolor"-"@/tmp/beez_fuzz_project/build.lua"-
#12766	NEW    cov: 1880 ft: 7145 corp: 646/2196Kb lim: 65536 exec/s: 982 rss: 2787Mb L: 17/65536 MS: 1 CustomCrossOver-
#12794	NEW    cov: 1880 ft: 7183 corp: 647/2196Kb lim: 65536 exec/s: 984 rss: 2794Mb L: 32/65536 MS: 5 CMP-Custom-CMP-Custom-CustomCrossOver- DE: "not enough me"-"\001\000\000\000\000\000\000\000"-
#12795	NEW    cov: 1880 ft: 7183 corp: 647/2196Kb lim: 65536 exec/s: 984 rss: 2794Mb L: 2/65536 MS: 2 ChangeBit-Custom-
#12848	NEW    cov: 1880 ft: 7183 corp: 647/2196Kb lim: 65536 exec/s: 988 rss: 2804Mb L: 7/65536 MS: 4 CustomCrossOver-CustomCrossOver-ManualDict-Custom- DE: "while"-
#12923	NEW    cov: 1880 ft: 7183 corp: 647/2196Kb lim: 65536 exec/s: 994 rss: 2822Mb L: 7/65536 MS: 7 CrossOver-Custom-InsertByte-Custom-CustomCrossOver-CustomCrossOver-CustomCrossOver-
#12942	NEW    cov: 1880 ft: 7183 corp: 647/2180Kb lim: 65536 exec/s: 995 rss: 2826Mb L: 355/65536 MS: 8 ChangeByte-Custom-CMP-Custom-EraseBytes-Custom-ChangeBit-Custom- DE: "\377\377\377\000"-
#13151	NEW    cov: 1880 ft: 7183 corp: 647/2180Kb lim: 65536 exec/s: 1011 rss: 2870Mb L: 50/65536 MS: 8 CopyPart-Custom-PersAutoDict-Custom-ChangeByte-Custom-EraseBytes-Custom- DE: "\001\000\000\000\000\000\000\013"-
#13222	RELOAD cov: 1880 ft: 7314 corp: 649/2197Kb lim: 65536 exec/s: 1017 rss: 2886Mb
#13250	NEW    cov: 1880 ft: 7512 corp: 650/2197Kb lim: 65536 exec/s: 1019 rss: 2892Mb L: 2/65536 MS: 6 CopyPart-Custom-ChangeBinInt-Custom-ChangeBit-Custom-
#13252	NEW    cov: 1880 ft: 7512 corp: 650/2197Kb lim: 65536 exec/s: 1019 rss: 2892Mb L: 55/65536 MS: 4 ShuffleBytes-Custom-EraseBytes-Custom-
#13352	NEW    cov: 1880 ft: 7512 corp: 650/2197Kb lim: 65536 exec/s: 1027 rss: 2914Mb L: 2/65536 MS: 8 ChangeByte-Custom-EraseBytes-Custom-PersAutoDict-Custom-CustomCrossOver-CustomCrossOver- DE: "return"-
#13368	NEW    cov: 1880 ft: 7623 corp: 651/2197Kb lim: 65536 exec/s: 1028 rss: 2917Mb L: 29/65536 MS: 2 ManualDict-Custom- DE: "buildSettings"-
#13505	NEW    cov: 1880 ft: 7623 corp: 651/2197Kb lim: 65536 exec/s: 964 rss: 2945Mb L: 41/65536 MS: 4 PersAutoDict-Custom-PersAutoDict-Custom- DE: "@/tmp/beez_fuzz_project/build.lua"-"\377\005"-
#13546	NEW    cov: 1880 ft: 7623 corp: 651/2197Kb lim: 65536 exec/s: 967 rss: 2953Mb L: 18/65536 MS: 2 ChangeByte-Custom-
#13571	NEW    cov: 1880 ft: 7623 corp: 651/2197Kb lim: 65536 exec/s: 969 rss: 2958Mb L: 42/65536 MS: 10 CopyPart-Custom-ChangeByte-Custom-CMP-Custom-ManualDict-Custom-ChangeBinInt-Custom- DE: "\014\000\000\000\000\000\000\000"-"does not support 'parallel'"-
#13585	NEW    cov: 1880 ft: 7624 corp: 652/2197Kb lim: 65536 exec/s: 970 rss: 2961Mb L: 260/65536 MS: 6 CustomCrossOver-ChangeASCIIInt-Custom-CustomCrossOver-ChangeByte-Custom-
#13600	NEW    cov: 1880 ft: 7624 corp: 652/2197Kb lim: 65536 exec/s: 971 rss: 2964Mb L: 19/65536 MS: 10 InsertByte-Custom-ChangeBit-Custom-InsertRepeatedBytes-Custom-CopyPart-Custom-EraseBytes-Custom-
#13896	NEW    cov: 1880 ft: 7624 corp: 652/2197Kb lim: 65536 exec/s: 992 rss: 3027Mb L: 23/65536 MS: 2 PersAutoDict-Custom- DE: "do"-
#13920	NEW    cov: 1880 ft: 7624 corp: 651/2197Kb lim: 65536 exec/s: 994 rss: 3032Mb L: 17/65536 MS: 7 CustomCrossOver-ChangeBit-Custom-EraseBytes-Custom-CrossOver-Custom-
#13922	NEW    cov: 1880 ft: 7624 corp: 652/2197Kb lim: 65536 exec/s: 994 rss: 3032Mb L: 2/65536 MS: 2 CustomCrossOver-CustomCrossOver-
#13973	NEW    cov: 1880 ft: 7624 corp: 652/2197Kb lim: 65536 exec/s: 998 rss: 3044Mb L: 23/65536 MS: 2 PersAutoDict-Custom- DE: "\001\000\000\000\000\000\000\000"-
#13992	NEW    cov: 1880 ft: 7624 corp: 651/2197Kb lim: 65536 exec/s: 999 rss: 3049Mb L: 4/65536 MS: 7 ManualDict-Custom-EraseBytes-Custom-ChangeByte-Custom-CustomCrossOver- DE: "["-
#13993	NEW    cov: 1880 ft: 7624 corp: 652/2197Kb lim: 65536 exec/s: 999 rss: 3049Mb L: 9/65536 MS: 2 EraseBytes-Custom-
#13994	NEW    cov: 1880 ft: 7624 corp: 652/2195Kb lim: 65536 exec/s: 999 rss: 3049Mb L: 4/65536 MS: 2 InsertByte-Custom-
#14014	NEW    cov: 1880 ft: 7624 corp: 652/2180Kb lim: 65536 exec/s: 1001 rss: 3054Mb L: 12264/65536 MS: 10 ChangeBinInt-Custom-EraseBytes-Custom-CMP-Custom-PersAutoDict-Custom-InsertByte-Custom- DE: "\001\000\000\000\000\000/\345"-"indicator_spin_interval"-
#14028	NEW    cov: 1880 ft: 7624 corp: 652/2180Kb lim: 65536 exec/s: 1002 rss: 3057Mb L: 1/65536 MS: 6 ShuffleBytes-Custom-ChangeByte-Custom-CustomCrossOver-CustomCrossOver-
#14030	NEW    cov: 1880 ft: 7628 corp: 652/2180Kb lim: 65536 exec/s: 1002 rss: 3057Mb L: 31/65536 MS: 3 CustomCrossOver-CopyPart-Custom-
#14346	RELOAD cov: 1880 ft: 7631 corp: 656/2199Kb lim: 65536 exec/s: 1024 rss: 3127Mb
#14356	NEW    cov: 1880 ft: 7631 corp: 657/2199Kb lim: 65536 exec/s: 1025 rss: 3128Mb L: 17/65536 MS: 8 CustomCrossOver-CustomCrossOver-ChangeByte-Custom-PersAutoDict-Custom-CopyPart-Custom- DE: "HOME"-
#14393	NEW    cov: 1880 ft: 7631 corp: 657/2199Kb lim: 65536 exec/s: 1028 rss: 3136Mb L: 61/65536 MS: 2 CustomCrossOver-CustomCrossOver-
#14446	NEW    cov: 1880 ft: 7631 corp: 657/2198Kb lim: 65536 exec/s: 963 rss: 3146Mb L: 8/65536 MS: 4 CustomCrossOver-CustomCrossOver-CrossOver-Custom-
#14484	NEW    cov: 1880 ft: 7632 corp: 658/2199Kb lim: 65536 exec/s: 965 rss: 3154Mb L: 2/65536 MS: 4 CustomCrossOver-CMP-Custom-CustomCrossOver- DE: "\006\000"-
#14535	NEW    cov: 1880 ft: 7632 corp: 658/2198Kb lim: 65536 exec/s: 969 rss: 3165Mb L: 10/65536 MS: 2 ManualDict-Custom- DE: "missing"-
#14791	NEW    cov: 1880 ft: 7632 corp: 658/2198Kb lim: 65536 exec/s: 986 rss: 3223Mb L: 9/65536 MS: 2 PersAutoDict-Custom- DE: "zstd"-
#14950	NEW    cov: 1880 ft: 7632 corp: 659/2199Kb lim: 65536 exec/s: 996 rss: 3258Mb L: 47/65536 MS: 5 CustomCrossOver-CustomCrossOver-CustomCrossOver-InsertRepeatedBytes-Custom-
#14973	NEW    cov: 1880 ft: 7632 corp: 659/2199Kb lim: 65536 exec/s: 998 rss: 3264Mb L: 1/65536 MS: 6 CopyPart-Custom-CopyPart-Custom-ChangeByte-Custom-
#15021	NEW    cov: 1880 ft: 7632 corp: 660/2199Kb lim: 65536 exec/s: 1001 rss: 3274Mb L: 1/65536 MS: 5 CustomCrossOver-EraseBytes-Custom-ChangeByte-Custom-
#15074	NEW    cov: 1880 ft: 7632 corp: 661/2199Kb lim: 65536 exec/s: 1004 rss: 3286Mb L: 26/65536 MS: 6 CopyPart-Custom-ChangeBit-Custom-ChangeBinInt-Custom-
#15094	NEW    cov: 1880 ft: 7632 corp: 661/2199Kb lim: 65536 exec/s: 1006 rss: 3291Mb L: 2/65536 MS: 9 InsertRepeatedBytes-Custom-ShuffleBytes-Custom-ChangeBinInt-Custom-ChangeBit-Custom-CustomCrossOver-
#15098	NEW    cov: 1880 ft: 7632 corp: 662/2199Kb lim: 65536 exec/s: 1006 rss: 3291Mb L: 1/65536 MS: 7 InsertRepeatedBytes-Custom-CrossOver-Custom-CMP-Custom-CustomCrossOver- DE: "reqpack"-
#15117	NEW    cov: 1880 ft: 7632 corp: 663/2199Kb lim: 65536 exec/s: 1007 rss: 3294Mb L: 5/65536 MS: 4 CustomCrossOver-CustomCrossOver-CustomCrossOver-CustomCrossOver-
#15164	NEW    cov: 1880 ft: 7633 corp: 664/2230Kb lim: 65536 exec/s: 1010 rss: 3305Mb L: 31962/65536 MS: 3 InsertByte-Custom-CustomCrossOver-
#15171	NEW    cov: 1880 ft: 7634 corp: 665/2230Kb lim: 65536 exec/s: 1011 rss: 3306Mb L: 85/65536 MS: 2 CustomCrossOver-CustomCrossOver-
#15413	RELOAD cov: 1880 ft: 7635 corp: 666/2166Kb lim: 65536 exec/s: 963 rss: 3362Mb
#15419	NEW    cov: 1880 ft: 7639 corp: 667/2166Kb lim: 65536 exec/s: 963 rss: 3363Mb L: 515/65536 MS: 2 ChangeBit-Custom-
#15435	NEW    cov: 1880 ft: 7639 corp: 668/2166Kb lim: 65536 exec/s: 964 rss: 3366Mb L: 355/65536 MS: 2 ShuffleBytes-Custom-
#15444	NEW    cov: 1880 ft: 7640 corp: 669/2167Kb lim: 65536 exec/s: 965 rss: 3368Mb L: 663/65536 MS: 8 InsertByte-Custom-ShuffleBytes-Custom-ChangeBit-Custom-CMP-Custom- DE: "download"-
#15480	NEW    cov: 1880 ft: 7640 corp: 670/2167Kb lim: 65536 exec/s: 967 rss: 3376Mb L: 19/65536 MS: 2 InsertByte-Custom-
#15496	NEW    cov: 1880 ft: 7641 corp: 671/2167Kb lim: 65536 exec/s: 968 rss: 3379Mb L: 7/65536 MS: 2 InsertByte-Custom-
#15597	NEW    cov: 1880 ft: 7641 corp: 669/2167Kb lim: 65536 exec/s: 974 rss: 3402Mb L: 1/65536 MS: 2 EraseBytes-Custom-
#15666	NEW    cov: 1880 ft: 7641 corp: 669/2148Kb lim: 65536 exec/s: 979 rss: 3418Mb L: 33343/65536 MS: 8 ChangeASCIIInt-Custom-ChangeBit-Custom-ManualDict-Custom-ManualDict-Custom- DE: "lz4"-"run"-
#15879	NEW    cov: 1880 ft: 7641 corp: 669/2148Kb lim: 65536 exec/s: 992 rss: 3465Mb L: 3/65536 MS: 4 ShuffleBytes-Custom-CustomCrossOver-CustomCrossOver-
#15890	NEW    cov: 1880 ft: 7641 corp: 669/2148Kb lim: 65536 exec/s: 993 rss: 3466Mb L: 27/65536 MS: 2 ManualDict-Custom- DE: "rejects string entries"-
#16012	NEW    cov: 1880 ft: 7641 corp: 669/2147Kb lim: 65536 exec/s: 1000 rss: 3494Mb L: 34/65536 MS: 3 ChangeBit-Custom-CustomCrossOver-
#16027	NEW    cov: 1880 ft: 7642 corp: 670/2147Kb lim: 65536 exec/s: 1001 rss: 3498Mb L: 76/65536 MS: 10 InsertRepeatedBytes-Custom-ShuffleBytes-Custom-PersAutoDict-Custom-ChangeBit-Custom-EraseBytes-Custom- DE: "\000\000\000\036"-
#16035	NEW    cov: 1880 ft: 7642 corp: 670/2147Kb lim: 65536 exec/s: 1002 rss: 3500Mb L: 16/65536 MS: 4 ChangeBit-Custom-CustomCrossOver-CustomCrossOver-
#16096	NEW    cov: 1880 ft: 7647 corp: 670/2146Kb lim: 65536 exec/s: 1006 rss: 3514Mb L: 31914/65536 MS: 1 CustomCrossOver-
#16192	NEW    cov: 1880 ft: 7647 corp: 670/2146Kb lim: 65536 exec/s: 1012 rss: 3534Mb L: 2/65536 MS: 2 CopyPart-Custom-
#16210	NEW    cov: 1880 ft: 7647 corp: 670/2146Kb lim: 65536 exec/s: 1013 rss: 3538Mb L: 23/65536 MS: 4 CustomCrossOver-CustomCrossOver-PersAutoDict-Custom- DE: "sol.sol"-
#16246	NEW    cov: 1880 ft: 7647 corp: 671/2146Kb lim: 65536 exec/s: 955 rss: 3546Mb L: 7/65536 MS: 2 ChangeByte-Custom-
#16248	NEW    cov: 1880 ft: 7648 corp: 672/2168Kb lim: 65536 exec/s: 955 rss: 3546Mb L: 22437/65536 MS: 4 PersAutoDict-Custom-ManualDict-Custom- DE: "does not support 'parallel'"-"[["-
#16249	NEW    cov: 1880 ft: 7649 corp: 670/2168Kb lim: 65536 exec/s: 955 rss: 3546Mb L: 2/65536 MS: 1 CustomCrossOver-
#16251	NEW    cov: 1880 ft: 7649 corp: 671/2168Kb lim: 65536 exec/s: 955 rss: 3547Mb L: 1/65536 MS: 3 ManualDict-Custom-CustomCrossOver- DE: "]"-
#16384	pulse  cov: 1880 ft: 7653 corp: 672/2168Kb lim: 65536 exec/s: 963 rss: 3577Mb
#16394	RELOAD cov: 1880 ft: 7653 corp: 674/2168Kb lim: 65536 exec/s: 964 rss: 3579Mb
#16428	NEW    cov: 1880 ft: 7653 corp: 674/2168Kb lim: 65536 exec/s: 966 rss: 3586Mb L: 42/65536 MS: 8 ManualDict-Custom-PersAutoDict-Custom-CMP-Custom-CopyPart-Custom- DE: "mutate"-"\002\377\377\377\377\377\377\373"-"\001\000\000\001"-
#16513	NEW    cov: 1880 ft: 7653 corp: 674/2168Kb lim: 65536 exec/s: 971 rss: 3603Mb L: 20/65536 MS: 10 ShuffleBytes-Custom-ChangeBinInt-Custom-ChangeBinInt-Custom-ChangeByte-Custom-CMP-Custom- DE: "\001\000\000\000\000\000\000\006"-
#16537	NEW    cov: 1880 ft: 7655 corp: 675/2168Kb lim: 65536 exec/s: 972 rss: 3608Mb L: 3/65536 MS: 5 CustomCrossOver-CustomCrossOver-CustomCrossOver-InsertByte-Custom-
#16548	NEW    cov: 1880 ft: 7655 corp: 675/2168Kb lim: 65536 exec/s: 973 rss: 3610Mb L: 22/65536 MS: 2 InsertByte-Custom-
#16622	NEW    cov: 1880 ft: 7656 corp: 676/2168Kb lim: 65536 exec/s: 977 rss: 3626Mb L: 22/65536 MS: 6 CopyPart-Custom-CustomCrossOver-ManualDict-Custom-CustomCrossOver- DE: "list"-
#16633	NEW    cov: 1880 ft: 7656 corp: 677/2168Kb lim: 65536 exec/s: 978 rss: 3628Mb L: 3/65536 MS: 1 CustomCrossOver-
#16642	NEW    cov: 1880 ft: 7656 corp: 677/2168Kb lim: 65536 exec/s: 978 rss: 3631Mb L: 9/65536 MS: 8 ChangeASCIIInt-Custom-EraseBytes-Custom-ShuffleBytes-Custom-ShuffleBytes-Custom-
#16679	NEW    cov: 1880 ft: 7657 corp: 678/2177Kb lim: 65536 exec/s: 981 rss: 3639Mb L: 8587/65536 MS: 4 ChangeASCIIInt-Custom-CMP-Custom- DE: "@\000\000\000"-
#16765	NEW    cov: 1880 ft: 7657 corp: 678/2177Kb lim: 65536 exec/s: 986 rss: 3659Mb L: 1/65536 MS: 1 CustomCrossOver-
#16794	NEW    cov: 1880 ft: 7657 corp: 678/2177Kb lim: 65536 exec/s: 987 rss: 3665Mb L: 3/65536 MS: 6 ShuffleBytes-Custom-CustomCrossOver-CustomCrossOver-ManualDict-Custom- DE: "\036"-
#16818	NEW    cov: 1880 ft: 7658 corp: 679/2177Kb lim: 65536 exec/s: 989 rss: 3671Mb L: 3/65536 MS: 8 ShuffleBytes-Custom-CopyPart-Custom-InsertByte-Custom-ChangeASCIIInt-Custom-
#17056	NEW    cov: 1880 ft: 7658 corp: 679/2177Kb lim: 65536 exec/s: 947 rss: 3722Mb L: 13/65536 MS: 6 ManualDict-Custom-ChangeBinInt-Custom-PersAutoDict-Custom- DE: "performance"-"\377\377\377\377\377\377\377:"-
#17103	NEW    cov: 1880 ft: 7658 corp: 680/2177Kb lim: 65536 exec/s: 950 rss: 3733Mb L: 35/65536 MS: 4 ChangeByte-Custom-ChangeBinInt-Custom-
#17110	NEW    cov: 1880 ft: 7658 corp: 681/2177Kb lim: 65536 exec/s: 950 rss: 3734Mb L: 46/65536 MS: 3 CustomCrossOver-PersAutoDict-Custom- DE: "~\377\377\377\377\377\377\376"-
#17173	NEW    cov: 1880 ft: 7658 corp: 681/2177Kb lim: 65536 exec/s: 954 rss: 3748Mb L: 3/65536 MS: 5 InsertRepeatedBytes-Custom-ChangeBinInt-Custom-CustomCrossOver-
#17302	RELOAD cov: 1880 ft: 7667 corp: 686/2177Kb lim: 65536 exec/s: 961 rss: 3777Mb
#17363	NEW    cov: 1880 ft: 7667 corp: 686/2177Kb lim: 65536 exec/s: 964 rss: 3792Mb L: 15/65536 MS: 1 CustomCrossOver-
#17369	NEW    cov: 1880 ft: 7667 corp: 687/2177Kb lim: 65536 exec/s: 964 rss: 3793Mb L: 6/65536 MS: 2 InsertRepeatedBytes-Custom-
#17370	NEW    cov: 1880 ft: 7667 corp: 687/2177Kb lim: 65536 exec/s: 965 rss: 3793Mb L: 8/65536 MS: 2 ChangeByte-Custom-
#17371	NEW    cov: 1880 ft: 7668 corp: 684/2177Kb lim: 65536 exec/s: 965 rss: 3793Mb L: 11/65536 MS: 2 InsertByte-Custom-
#17388	NEW    cov: 1880 ft: 7669 corp: 685/2177Kb lim: 65536 exec/s: 966 rss: 3797Mb L: 21/65536 MS: 4 ManualDict-Custom-ShuffleBytes-Custom- DE: "hash"-
#17395	NEW    cov: 1880 ft: 7669 corp: 686/2177Kb lim: 65536 exec/s: 966 rss: 3798Mb L: 13/65536 MS: 3 CMP-Custom-CustomCrossOver- DE: "\377\377\377\377\377\377\377\377"-
#17397	NEW    cov: 1880 ft: 7669 corp: 687/2177Kb lim: 65536 exec/s: 966 rss: 3799Mb L: 3/65536 MS: 3 CustomCrossOver-ShuffleBytes-Custom-
#17398	NEW    cov: 1880 ft: 7669 corp: 686/2177Kb lim: 65536 exec/s: 966 rss: 3799Mb L: 6/65536 MS: 2 PersAutoDict-Custom- DE: "\377\377\377\014"-
#17415	NEW    cov: 1880 ft: 7671 corp: 687/2177Kb lim: 65536 exec/s: 967 rss: 3802Mb L: 357/65536 MS: 2 CustomCrossOver-CustomCrossOver-
#17416	NEW    cov: 1880 ft: 7675 corp: 688/2177Kb lim: 65536 exec/s: 967 rss: 3803Mb L: 35/65536 MS: 1 CustomCrossOver-
#17428	NEW    cov: 1880 ft: 7675 corp: 687/2177Kb lim: 65536 exec/s: 968 rss: 3805Mb L: 21/65536 MS: 2 CustomCrossOver-CustomCrossOver-
#17450	NEW    cov: 1880 ft: 7675 corp: 687/2177Kb lim: 65536 exec/s: 969 rss: 3809Mb L: 23/65536 MS: 3 ChangeBit-Custom-CustomCrossOver-
#17451	NEW    cov: 1880 ft: 7675 corp: 688/2177Kb lim: 65536 exec/s: 969 rss: 3809Mb L: 1/65536 MS: 1 CustomCrossOver-
#17457	NEW    cov: 1880 ft: 7676 corp: 689/2177Kb lim: 65536 exec/s: 969 rss: 3811Mb L: 129/65536 MS: 2 ChangeByte-Custom-
#17463	NEW    cov: 1880 ft: 7680 corp: 690/2177Kb lim: 65536 exec/s: 970 rss: 3811Mb L: 131/65536 MS: 2 InsertByte-Custom-
#17690	NEW    cov: 1880 ft: 7680 corp: 691/2177Kb lim: 65536 exec/s: 982 rss: 3859Mb L: 1/65536 MS: 4 ChangeBit-Custom-EraseBytes-Custom-
#17816	NEW    cov: 1880 ft: 7680 corp: 691/2177Kb lim: 65536 exec/s: 937 rss: 3886Mb L: 18/65536 MS: 2 CrossOver-Custom-
#17827	NEW    cov: 1880 ft: 7680 corp: 690/2174Kb lim: 65536 exec/s: 938 rss: 3889Mb L: 6/65536 MS: 2 CMP-Custom- DE: "\377\024"-
#18018	NEW    cov: 1880 ft: 7681 corp: 691/2174Kb lim: 65536 exec/s: 948 rss: 3931Mb L: 1/65536 MS: 1 CustomCrossOver-
#18150	RELOAD cov: 1880 ft: 7681 corp: 692/2160Kb lim: 65536 exec/s: 955 rss: 3961Mb
#18169	NEW    cov: 1880 ft: 7681 corp: 693/2160Kb lim: 65536 exec/s: 956 rss: 3965Mb L: 4/65536 MS: 6 CustomCrossOver-CustomCrossOver-ChangeByte-Custom-CrossOver-Custom-
#18353	NEW    cov: 1880 ft: 7681 corp: 693/2160Kb lim: 65536 exec/s: 965 rss: 4006Mb L: 11/65536 MS: 5 CustomCrossOver-CustomCrossOver-CustomCrossOver-ChangeByte-Custom-
#18754	NEW    cov: 1880 ft: 7681 corp: 694/2160Kb lim: 65536 exec/s: 937 rss: 4092Mb L: 1/65536 MS: 2 CrossOver-Custom-
#18886	NEW    cov: 1880 ft: 7681 corp: 694/2160Kb lim: 65536 exec/s: 944 rss: 4120Mb L: 2/65536 MS: 2 CustomCrossOver-CustomCrossOver-
#18906	NEW    cov: 1880 ft: 7681 corp: 694/2160Kb lim: 65536 exec/s: 945 rss: 4124Mb L: 2/65536 MS: 5 CustomCrossOver-CustomCrossOver-CustomCrossOver-CustomCrossOver-CustomCrossOver-
#19024	RELOAD cov: 1880 ft: 7681 corp: 696/2153Kb lim: 65536 exec/s: 951 rss: 4150Mb
#19060	NEW    cov: 1880 ft: 7682 corp: 697/2216Kb lim: 65536 exec/s: 953 rss: 4158Mb L: 64526/65536 MS: 2 PersAutoDict-Custom- DE: "designated"-
#19223	NEW    cov: 1880 ft: 7682 corp: 698/2216Kb lim: 65536 exec/s: 961 rss: 4193Mb L: 1/65536 MS: 4 CustomCrossOver-CustomCrossOver-EraseBytes-Custom-
#19284	NEW    cov: 1880 ft: 7682 corp: 698/2216Kb lim: 65536 exec/s: 964 rss: 4206Mb L: 31/65536 MS: 1 CustomCrossOver-
#19487	NEW    cov: 1880 ft: 7683 corp: 699/2216Kb lim: 65536 exec/s: 927 rss: 4248Mb L: 58/65536 MS: 6 ManualDict-Custom-ChangeByte-Custom-EraseBytes-Custom- DE: "CXX"-
#19504	NEW    cov: 1880 ft: 7685 corp: 700/2216Kb lim: 65536 exec/s: 928 rss: 4251Mb L: 17/65536 MS: 4 ShuffleBytes-Custom-CopyPart-Custom-
#19791	RELOAD cov: 1880 ft: 7685 corp: 700/2226Kb lim: 65536 exec/s: 942 rss: 4314Mb
#19852	NEW    cov: 1880 ft: 7685 corp: 701/2226Kb lim: 65536 exec/s: 945 rss: 4327Mb L: 2/65536 MS: 1 CustomCrossOver-
#19869	NEW    cov: 1880 ft: 7685 corp: 702/2226Kb lim: 65536 exec/s: 946 rss: 4331Mb L: 10/65536 MS: 4 ChangeBit-Custom-PersAutoDict-Custom- DE: "pipeline"-
#20054	NEW    cov: 1880 ft: 7685 corp: 702/2226Kb lim: 65536 exec/s: 911 rss: 4370Mb L: 18/65536 MS: 8 CrossOver-Custom-CustomCrossOver-ManualDict-Custom-CustomCrossOver-InsertByte-Custom- DE: "return"-
#20140	NEW    cov: 1880 ft: 7685 corp: 702/2218Kb lim: 65536 exec/s: 915 rss: 4389Mb L: 16383/65536 MS: 1 CustomCrossOver-
#20491	NEW    cov: 1880 ft: 7686 corp: 703/2218Kb lim: 65536 exec/s: 931 rss: 4463Mb L: 2/65536 MS: 1 CustomCrossOver-
#20684	RELOAD cov: 1880 ft: 7687 corp: 703/2221Kb lim: 65536 exec/s: 940 rss: 4505Mb
#20880	NEW    cov: 1880 ft: 7687 corp: 703/2221Kb lim: 65536 exec/s: 907 rss: 4547Mb L: 11/65536 MS: 2 ChangeBinInt-Custom-
#20907	NEW    cov: 1880 ft: 7687 corp: 702/2221Kb lim: 65536 exec/s: 909 rss: 4554Mb L: 2/65536 MS: 3 ManualDict-Custom-CustomCrossOver- DE: "parallel"-
#20933	NEW    cov: 1880 ft: 7687 corp: 703/2221Kb lim: 65536 exec/s: 910 rss: 4560Mb L: 18/65536 MS: 2 ManualDict-Custom- DE: "USER"-
#21049	NEW    cov: 1880 ft: 7687 corp: 704/2221Kb lim: 65536 exec/s: 915 rss: 4587Mb L: 2/65536 MS: 2 PersAutoDict-Custom- DE: "]"-
#21114	NEW    cov: 1880 ft: 7687 corp: 704/2220Kb lim: 65536 exec/s: 918 rss: 4602Mb L: 7/65536 MS: 7 CopyPart-Custom-CustomCrossOver-CustomCrossOver-CustomCrossOver-ManualDict-Custom- DE: "order"-
#21478	RELOAD cov: 1880 ft: 7687 corp: 704/2220Kb lim: 65536 exec/s: 933 rss: 4679Mb
#21500	NEW    cov: 1880 ft: 7687 corp: 704/2220Kb lim: 65536 exec/s: 934 rss: 4683Mb L: 3/65536 MS: 4 ChangeBit-Custom-PersAutoDict-Custom- DE: "="-
#21504	NEW    cov: 1880 ft: 7697 corp: 705/2221Kb lim: 65536 exec/s: 934 rss: 4684Mb L: 361/65536 MS: 8 CrossOver-Custom-ShuffleBytes-Custom-InsertRepeatedBytes-Custom-ShuffleBytes-Custom-
#21576	NEW    cov: 1880 ft: 7697 corp: 706/2222Kb lim: 65536 exec/s: 938 rss: 4699Mb L: 1055/65536 MS: 3 ChangeBinInt-Custom-CustomCrossOver-
#21737	NEW    cov: 1880 ft: 7697 corp: 706/2222Kb lim: 65536 exec/s: 905 rss: 4733Mb L: 19/65536 MS: 2 ManualDict-Custom- DE: "ghost-step"-
#21738	NEW    cov: 1880 ft: 7697 corp: 706/2222Kb lim: 65536 exec/s: 905 rss: 4733Mb L: 18/65536 MS: 2 ChangeByte-Custom-
#21850	NEW    cov: 1880 ft: 7697 corp: 707/2222Kb lim: 65536 exec/s: 910 rss: 4756Mb L: 3/65536 MS: 4 ShuffleBytes-Custom-CopyPart-Custom-
#21871	NEW    cov: 1880 ft: 7697 corp: 708/2222Kb lim: 65536 exec/s: 911 rss: 4760Mb L: 1/65536 MS: 2 ShuffleBytes-Custom-
#22069	NEW    cov: 1880 ft: 7697 corp: 708/2222Kb lim: 65536 exec/s: 919 rss: 4803Mb L: 27/65536 MS: 6 EraseBytes-Custom-InsertByte-Custom-EraseBytes-Custom-
#22070	NEW    cov: 1880 ft: 7698 corp: 709/2233Kb lim: 65536 exec/s: 919 rss: 4803Mb L: 11289/65536 MS: 2 ChangeBit-Custom-
#22103	NEW    cov: 1880 ft: 7698 corp: 710/2233Kb lim: 65536 exec/s: 920 rss: 4810Mb L: 155/65536 MS: 6 ManualDict-Custom-InsertRepeatedBytes-Custom-ChangeBinInt-Custom- DE: ".."-
#22149	NEW    cov: 1880 ft: 7698 corp: 710/2233Kb lim: 65536 exec/s: 922 rss: 4819Mb L: 16383/65536 MS: 1 CustomCrossOver-
#22163	NEW    cov: 1880 ft: 7702 corp: 711/2233Kb lim: 65536 exec/s: 923 rss: 4822Mb L: 8/65536 MS: 8 PersAutoDict-Custom-EraseBytes-Custom-ChangeBinInt-Custom-ManualDict-Custom- DE: "\377\377\377\377\377\377\377\377"-"assert"-
#22164	NEW    cov: 1880 ft: 7702 corp: 711/2233Kb lim: 65536 exec/s: 923 rss: 4822Mb L: 23/65536 MS: 2 InsertRepeatedBytes-Custom-
#22180	NEW    cov: 1880 ft: 7702 corp: 712/2233Kb lim: 65536 exec/s: 924 rss: 4826Mb L: 1/65536 MS: 2 ShuffleBytes-Custom-
#22199	NEW    cov: 1880 ft: 7702 corp: 713/2233Kb lim: 65536 exec/s: 924 rss: 4830Mb L: 2/65536 MS: 5 CustomCrossOver-CustomCrossOver-ChangeBit-Custom-CustomCrossOver-
#22201	NEW    cov: 1880 ft: 7703 corp: 714/2233Kb lim: 65536 exec/s: 925 rss: 4831Mb L: 3/65536 MS: 3 ManualDict-Custom-CustomCrossOver- DE: "full"-
#22291	NEW    cov: 1880 ft: 7703 corp: 714/2233Kb lim: 65536 exec/s: 928 rss: 4849Mb L: 3/65536 MS: 8 CustomCrossOver-CrossOver-Custom-CopyPart-Custom-CustomCrossOver-CrossOver-Custom-
#22395	RELOAD cov: 1880 ft: 7707 corp: 716/2241Kb lim: 65536 exec/s: 895 rss: 4873Mb
#22442	NEW    cov: 1880 ft: 7708 corp: 717/2241Kb lim: 65536 exec/s: 897 rss: 4882Mb L: 197/65536 MS: 4 InsertRepeatedBytes-Custom-CMP-Custom- DE: "\027\000\000\000\002\000\000\000"-
#22513	NEW    cov: 1880 ft: 7710 corp: 717/2241Kb lim: 65536 exec/s: 900 rss: 4895Mb L: 1/65536 MS: 1 CustomCrossOver-
#22534	NEW    cov: 1880 ft: 7710 corp: 717/2212Kb lim: 65536 exec/s: 901 rss: 4900Mb L: 4146/65536 MS: 1 CustomCrossOver-
#22781	NEW    cov: 1880 ft: 7710 corp: 717/2212Kb lim: 65536 exec/s: 911 rss: 4954Mb L: 27/65536 MS: 3 ManualDict-Custom-CustomCrossOver- DE: "blocks"-
#23001	NEW    cov: 1880 ft: 7710 corp: 717/2204Kb lim: 65536 exec/s: 920 rss: 5001Mb L: 3623/65536 MS: 10 ChangeBit-Custom-CopyPart-Custom-ShuffleBytes-Custom-ChangeBinInt-Custom-CopyPart-Custom-
#23033	NEW    cov: 1880 ft: 7710 corp: 717/2204Kb lim: 65536 exec/s: 885 rss: 5009Mb L: 2/65536 MS: 2 CustomCrossOver-CustomCrossOver-
#23123	RELOAD cov: 1880 ft: 7710 corp: 716/2196Kb lim: 65536 exec/s: 889 rss: 5029Mb
#23217	NEW    cov: 1880 ft: 7710 corp: 716/2196Kb lim: 65536 exec/s: 892 rss: 5050Mb L: 21/65536 MS: 6 CustomCrossOver-EraseBytes-Custom-CustomCrossOver-InsertByte-Custom-
#23716	NEW    cov: 1880 ft: 7710 corp: 716/2181Kb lim: 65536 exec/s: 878 rss: 5163Mb L: 49187/65536 MS: 8 ShuffleBytes-Custom-InsertByte-Custom-ManualDict-Custom-ChangeASCIIInt-Custom- DE: "registerStep"-
#23784	RELOAD cov: 1880 ft: 7710 corp: 716/2181Kb lim: 65536 exec/s: 880 rss: 5176Mb
#23855	NEW    cov: 1880 ft: 7711 corp: 716/2181Kb lim: 65536 exec/s: 883 rss: 5191Mb L: 14/65536 MS: 2 EraseBytes-Custom-
#24069	NEW    cov: 1880 ft: 7717 corp: 717/2181Kb lim: 65536 exec/s: 891 rss: 5238Mb L: 86/65536 MS: 8 EraseBytes-Custom-PersAutoDict-Custom-InsertRepeatedBytes-Custom-EraseBytes-Custom- DE: "\001\000\000\000\000\000/\345"-
#24170	NEW    cov: 1880 ft: 7717 corp: 717/2181Kb lim: 65536 exec/s: 895 rss: 5260Mb L: 1/65536 MS: 2 ChangeBinInt-Custom-
#24207	NEW    cov: 1880 ft: 7717 corp: 717/2181Kb lim: 65536 exec/s: 864 rss: 5268Mb L: 94/65536 MS: 4 ShuffleBytes-Custom-EraseBytes-Custom-
#24210	NEW    cov: 1880 ft: 7720 corp: 718/2213Kb lim: 65536 exec/s: 864 rss: 5269Mb L: 33336/65536 MS: 4 InsertByte-Custom-CustomCrossOver-CustomCrossOver-
#24211	NEW    cov: 1880 ft: 7720 corp: 717/2181Kb lim: 65536 exec/s: 864 rss: 5269Mb L: 17/65536 MS: 2 EraseBytes-Custom-
#24427	RELOAD cov: 1880 ft: 7720 corp: 717/2180Kb lim: 65536 exec/s: 872 rss: 5315Mb
#24703	NEW    cov: 1880 ft: 7720 corp: 717/2180Kb lim: 65536 exec/s: 882 rss: 5375Mb L: 17/65536 MS: 1 CustomCrossOver-
#24947	NEW    cov: 1880 ft: 7721 corp: 718/2180Kb lim: 65536 exec/s: 860 rss: 5427Mb L: 32/65536 MS: 8 ChangeBit-Custom-InsertByte-Custom-CMP-Custom-CopyPart-Custom- DE: "\001\000\000\000\001\000\000\000"-
#25275	RELOAD cov: 1880 ft: 7721 corp: 718/2180Kb lim: 65536 exec/s: 871 rss: 5491Mb
#25360	RELOAD cov: 1880 ft: 7721 corp: 718/2180Kb lim: 65536 exec/s: 589 rss: 5512Mb
#25501	NEW    cov: 1880 ft: 7721 corp: 718/2180Kb lim: 65536 exec/s: 593 rss: 5542Mb L: 4/65536 MS: 2 CopyPart-Custom-
#25695	NEW    cov: 1880 ft: 7721 corp: 718/2180Kb lim: 65536 exec/s: 597 rss: 5583Mb L: 2/65536 MS: 8 ShuffleBytes-Custom-CMP-Custom-ChangeBinInt-Custom-EraseBytes-Custom- DE: "\377\000"-
#25696	NEW    cov: 1880 ft: 7721 corp: 717/2180Kb lim: 65536 exec/s: 597 rss: 5583Mb L: 8/65536 MS: 2 ChangeBit-Custom-
#25707	NEW    cov: 1880 ft: 7721 corp: 718/2180Kb lim: 65536 exec/s: 597 rss: 5586Mb L: 9/65536 MS: 1 CustomCrossOver-
#25725	NEW    cov: 1880 ft: 7722 corp: 719/2180Kb lim: 65536 exec/s: 598 rss: 5590Mb L: 124/65536 MS: 6 EraseBytes-Custom-ChangeByte-Custom-InsertRepeatedBytes-Custom-
#25854	NEW    cov: 1880 ft: 7722 corp: 719/2180Kb lim: 65536 exec/s: 601 rss: 5619Mb L: 79/65536 MS: 8 ChangeByte-Custom-ChangeBinInt-Custom-ManualDict-Custom-CrossOver-Custom- DE: "percent"-
#25890	NEW    cov: 1880 ft: 7722 corp: 719/2180Kb lim: 65536 exec/s: 602 rss: 5627Mb L: 22/65536 MS: 2 PersAutoDict-Custom- DE: "\377\023"-
#25896	NEW    cov: 1880 ft: 7722 corp: 719/2180Kb lim: 65536 exec/s: 602 rss: 5628Mb L: 16/65536 MS: 2 CMP-Custom- DE: "\027\000"-
